Component: ARM Compiler 5.06 update 2 (build 183) Tool: armlink [4d35b7]

==============================================================================

Section Cross References

    application.o(i.init_thread_creat) refers to thread.o(i.rt_thread_create) for rt_thread_create
    application.o(i.init_thread_creat) refers to thread.o(i.rt_thread_startup) for rt_thread_startup
    application.o(i.init_thread_creat) refers to application.o(i.rt_init_thread_entry) for rt_init_thread_entry
    application.o(i.rt_application_init) refers to application.o(i.init_thread_creat) for init_thread_creat
    application.o(i.rt_application_init) refers to thread_x_run.o(i.rt_app_thread_x) for rt_app_thread_x
    application.o(i.rt_init_thread_entry) refers to ipc.o(i.rt_sem_init) for rt_sem_init
    application.o(i.rt_init_thread_entry) refers to usart.o(i.console_services_init) for console_services_init
    application.o(i.rt_init_thread_entry) refers to serial_comm_util.o(i.serial_comm_init) for serial_comm_init
    application.o(i.rt_init_thread_entry) refers to hardware_crc32.o(i.hardware_crc32_init) for hardware_crc32_init
    application.o(i.rt_init_thread_entry) refers to spi_flash_at45dbxx.o(i.at45dbxx_init) for at45dbxx_init
    application.o(i.rt_init_thread_entry) refers to flash_storage_at45dbxx.o(i.storage_distribute) for storage_distribute
    application.o(i.rt_init_thread_entry) refers to flash_storage_at45dbxx.o(i.flash_storage_init) for flash_storage_init
    application.o(i.rt_init_thread_entry) refers to iap_service.o(i.iap_service_init) for iap_service_init
    application.o(i.rt_init_thread_entry) refers to device.o(i.rt_device_init_all) for rt_device_init_all
    application.o(i.rt_init_thread_entry) refers to thread.o(i.rt_thread_delay) for rt_thread_delay
    application.o(i.rt_init_thread_entry) refers to ipc.o(i.rt_sem_take) for rt_sem_take
    application.o(i.rt_init_thread_entry) refers to strcmpv7m.o(.text) for strcmp
    application.o(i.rt_init_thread_entry) refers to own_flash.o(i.own_flash_erase) for own_flash_erase
    application.o(i.rt_init_thread_entry) refers to application.o(.bss) for sem_reset_cpu
    startup.o(i.assert_failed) refers to kservice.o(i.rt_kprintf) for rt_kprintf
    startup.o(i.main) refers to context_rvds.o(.text) for rt_hw_interrupt_disable
    startup.o(i.main) refers to startup.o(i.rtthread_startup) for rtthread_startup
    startup.o(i.rtthread_startup) refers to board.o(i.rt_hw_board_init) for rt_hw_board_init
    startup.o(i.rtthread_startup) refers to kservice.o(i.rt_show_version) for rt_show_version
    startup.o(i.rtthread_startup) refers to clock.o(i.rt_system_tick_init) for rt_system_tick_init
    startup.o(i.rtthread_startup) refers to object.o(i.rt_system_object_init) for rt_system_object_init
    startup.o(i.rtthread_startup) refers to timer.o(i.rt_system_timer_init) for rt_system_timer_init
    startup.o(i.rtthread_startup) refers to mem.o(i.rt_system_heap_init) for rt_system_heap_init
    startup.o(i.rtthread_startup) refers to scheduler.o(i.rt_system_scheduler_init) for rt_system_scheduler_init
    startup.o(i.rtthread_startup) refers to application.o(i.rt_application_init) for rt_application_init
    startup.o(i.rtthread_startup) refers to shell.o(i.finsh_system_init) for finsh_system_init
    startup.o(i.rtthread_startup) refers to shell.o(i.finsh_set_device) for finsh_set_device
    startup.o(i.rtthread_startup) refers to timer.o(i.rt_system_timer_thread_init) for rt_system_timer_thread_init
    startup.o(i.rtthread_startup) refers to idle.o(i.rt_thread_idle_init) for rt_thread_idle_init
    startup.o(i.rtthread_startup) refers to scheduler.o(i.rt_system_scheduler_start) for rt_system_scheduler_start
    serial_comm_util.o(i.call_back) refers to mem.o(i.rt_malloc) for rt_malloc
    serial_comm_util.o(i.call_back) refers to iap_service.o(i.get_iap_mailbox) for get_iap_mailbox
    serial_comm_util.o(i.call_back) refers to ipc.o(i.rt_mb_send) for rt_mb_send
    serial_comm_util.o(i.call_back) refers to kservice.o(i.rt_memcpy) for rt_memcpy
    serial_comm_util.o(i.call_back) refers to usart.o(i.mem_printf) for mem_printf
    serial_comm_util.o(i.call_back) refers to serial_comm_util.o(i.check_file_call_back) for check_file_call_back
    serial_comm_util.o(i.call_back) refers to application.o(.bss) for sem_reset_cpu
    serial_comm_util.o(i.call_back) refers to serial_comm_util.o(.data) for file_write_index
    serial_comm_util.o(i.call_back) refers to serial_comm_util.o(.bss) for usart_tx_data
    serial_comm_util.o(i.check_file_call_back) refers to usart.o(i.mem_printf) for mem_printf
    serial_comm_util.o(i.check_file_call_back) refers to serial_comm_util.o(.bss) for usart_tx_data
    serial_comm_util.o(i.check_file_call_back) refers to serial_comm_util.o(.data) for tx_length
    serial_comm_util.o(i.except) refers to serial_comm_util.o(.bss) for usart_tx_data
[...]
    0x0800627c   0x00000230   Code   RO         3417    i.CAN_Init          stm32f4xx_can.o
    0x080064ac   0x0000012c   Code   RO         3420    i.CAN_Receive       stm32f4xx_can.o
    0x080065d8   0x00000020   Code   RO         3423    i.CAN_StructInit    stm32f4xx_can.o
    0x080065f8   0x000001bc   Code   RO         3425    i.CAN_Transmit      stm32f4xx_can.o
    0x080067b4   0x0000000c   Code   RO         3576    i.CRC_ResetDR       stm32f4xx_crc.o
    0x080067c0   0x0000002c   Code   RO         1997    i.CanApp_CycleStream_Server  canapp.o
    0x080067ec   0x00000010   Code   RO         1998    i.CanApp_TriggerStream_Server  canapp.o
    0x080067fc   0x000000ac   Code   RO         2441    i.Can_Configuration  can.o
    0x080068a8   0x00000066   Code   RO         2442    i.Can_Filter_Configuration  can.o
    0x0800690e   0x00000002   PAD
    0x08006910   0x00000094   Code   RO         2443    i.Can_GPIO_Configuration  can.o
    0x080069a4   0x00000044   Code   RO         2444    i.Can_NVIC_Configuration  can.o
    0x080069e8   0x00000012   Code   RO         3428    i.CheckITStatus     stm32f4xx_can.o
    0x080069fa   0x00000002   PAD
    0x080069fc   0x000000ec   Code   RO         3675    i.DMA_ClearFlag     stm32f4xx_dma.o
    0x08006ae8   0x000000c4   Code   RO         3677    i.DMA_Cmd           stm32f4xx_dma.o
    0x08006bac   0x00000088   Code   RO         2791    i.DMA_Configuration  usart.o
    0x08006c34   0x000001e8   Code   RO         3678    i.DMA_DeInit        stm32f4xx_dma.o
    0x08006e1c   0x000002a4   Code   RO         3689    i.DMA_Init          stm32f4xx_dma.o
    0x080070c0   0x00000004   Code   RO        10752    i.EnterCriticalSection  port.o
    0x080070c4   0x00000004   Code   RO        10753    i.ExitCriticalSection  port.o
    0x080070c8   0x0000002c   Code   RO         3875    i.FLASH_ClearFlag   stm32f4xx_flash.o
    0x080070f4   0x00000114   Code   RO         3881    i.FLASH_EraseSector  stm32f4xx_flash.o
    0x08007208   0x00000054   Code   RO         3883    i.FLASH_GetStatus   stm32f4xx_flash.o
    0x0800725c   0x00000080   Code   RO         3911    i.FLASH_ProgramWord  stm32f4xx_flash.o
    0x080072dc   0x00000024   Code   RO         3913    i.FLASH_Unlock      stm32f4xx_flash.o
    0x08007300   0x00000022   Code   RO         3914    i.FLASH_WaitForLastOperation  stm32f4xx_flash.o
    0x08007322   0x00000002   PAD
    0x08007324   0x00000068   Code   RO         4145    i.FSMC_NORSRAMCmd   stm32f4xx_fsmc.o
    0x0800738c   0x00000370   Code   RO         4147    i.FSMC_NORSRAMInit  stm32f4xx_fsmc.o
    0x080076fc   0x00000044   Code   RO         2792    i.GPIO_Configuration  usart.o
    0x08007740   0x00000190   Code   RO         4271    i.GPIO_Init         stm32f4xx_gpio.o
    0x080078d0   0x00000190   Code   RO         4272    i.GPIO_PinAFConfig  stm32f4xx_gpio.o
    0x08007a60   0x00000098   Code   RO         4278    i.GPIO_ResetBits    stm32f4xx_gpio.o
    0x08007af8   0x00000098   Code   RO         4279    i.GPIO_SetBits      stm32f4xx_gpio.o
    0x08007b90   0x00000008   Code   RO          956    i.GetShareDataPtr   scmanager.o
    0x08007b98   0x00000004   Code   RO         2526    i.MemManage_Handler  stm32f4xx_it.o
    0x08007b9c   0x0000000e   Code   RO        10562    i.ModbusMasterTask  bsp_mb_task.o
    0x08007baa   0x00000002   Code   RO         2527    i.NMI_Handler       stm32f4xx_it.o
    0x08007bac   0x00000016   Code   RO         2381    i.NVIC_Configuration  board.o
    0x08007bc2   0x00000022   Code   RO         2576    i.NVIC_Configuration  bsp_systimer.o
    0x08007be4   0x00000024   Code   RO         2793    i.NVIC_Configuration  usart.o
    0x08007c08   0x000000b4   Code   RO         3108    i.NVIC_Init         misc.o
    0x08007cbc   0x00000044   Code   RO         3109    i.NVIC_PriorityGroupConfig  misc.o
    0x08007d00   0x0000004c   Code   RO         3110    i.NVIC_SetVectorTable  misc.o
    0x08007d4c   0x00000030   Code   RO         9347    i.OP_add_byte       finsh_ops.o
    0x08007d7c   0x00000030   Code   RO         9348    i.OP_add_dword      finsh_ops.o
    0x08007dac   0x00000030   Code   RO         9349    i.OP_add_word       finsh_ops.o
    0x08007ddc   0x00000030   Code   RO         9350    i.OP_and_byte       finsh_ops.o
    0x08007e0c   0x00000030   Code   RO         9351    i.OP_and_dword      finsh_ops.o
    0x08007e3c   0x00000030   Code   RO         9352    i.OP_and_word       finsh_ops.o
    0x08007e6c   0x00000018   Code   RO         9353    i.OP_bw_byte        finsh_ops.o
    0x08007e84   0x00000018   Code   RO         9354    i.OP_bw_dword       finsh_ops.o
    0x08007e9c   0x00000018   Code   RO         9355    i.OP_bw_word        finsh_ops.o
    0x08007eb4   0x0000038c   Code   RO         9356    i.OP_call           finsh_ops.o
    0x08008240   0x00000030   Code   RO         9357    i.OP_div_byte       finsh_ops.o
    0x08008270   0x00000030   Code   RO         9358    i.OP_div_dword      finsh_ops.o
    0x080082a0   0x00000034   Code   RO         9359    i.OP_div_word       finsh_ops.o
    0x080082d4   0x0000002c   Code   RO         9360    i.OP_ld_byte        finsh_ops.o
    0x08008300   0x00000048   Code   RO         9361    i.OP_ld_dword       finsh_ops.o
    0x08008348   0x0000004c   Code   RO         9362    i.OP_ld_value_byte  finsh_ops.o
    0x08008394   0x00000018   Code   RO         9363    i.OP_ld_value_byte_stack  finsh_ops.o
    0x080083ac   0x0000004c   Code   RO         9364    i.OP_ld_value_dword  finsh_ops.o
    0x080083f8   0x00000018   Code   RO         9365    i.OP_ld_value_dword_stack  finsh_ops.o
    0x08008410   0x0000004c   Code   RO         9366    i.OP_ld_value_word  finsh_ops.o
    0x0800845c   0x00000018   Code   RO         9367    i.OP_ld_value_word_stack  finsh_ops.o
    0x08008474   0x00000038   Code   RO         9368    i.OP_ld_word        finsh_ops.o
    0x080084ac   0x00000034   Code   RO         9369    i.OP_mod_byte       finsh_ops.o
    0x080084e0   0x00000034   Code   RO         9370    i.OP_mod_dword      finsh_ops.o
    0x08008514   0x00000034   Code   RO         9371    i.OP_mod_word       finsh_ops.o
    0x08008548   0x00000030   Code   RO         9372    i.OP_mul_byte       finsh_ops.o
    0x08008578   0x00000030   Code   RO         9373    i.OP_mul_dword      finsh_ops.o
    0x080085a8   0x00000034   Code   RO         9374    i.OP_mul_word       finsh_ops.o
    0x080085dc   0x00000002   Code   RO         9375    i.OP_no_op          finsh_ops.o
    0x080085de   0x00000002   PAD
    0x080085e0   0x00000030   Code   RO         9376    i.OP_or_byte        finsh_ops.o
    0x08008610   0x00000030   Code   RO         9377    i.OP_or_dword       finsh_ops.o
    0x08008640   0x00000030   Code   RO         9378    i.OP_or_word        finsh_ops.o
    0x08008670   0x00000010   Code   RO         9379    i.OP_pop            finsh_ops.o
    0x08008680   0x00000030   Code   RO         9380    i.OP_shl_byte       finsh_ops.o
    0x080086b0   0x00000030   Code   RO         9381    i.OP_shl_dword      finsh_ops.o
    0x080086e0   0x00000030   Code   RO         9382    i.OP_shl_word       finsh_ops.o
    0x08008710   0x00000030   Code   RO         9383    i.OP_shr_byte       finsh_ops.o
    0x08008740   0x00000030   Code   RO         9384    i.OP_shr_dword      finsh_ops.o
    0x08008770   0x00000030   Code   RO         9385    i.OP_shr_word       finsh_ops.o
    0x080087a0   0x00000024   Code   RO         9386    i.OP_st_byte        finsh_ops.o
    0x080087c4   0x00000024   Code   RO         9387    i.OP_st_dword       finsh_ops.o
    0x080087e8   0x00000024   Code   RO         9388    i.OP_st_word        finsh_ops.o
    0x0800880c   0x00000030   Code   RO         9389    i.OP_sub_byte       finsh_ops.o
    0x0800883c   0x00000030   Code   RO         9390    i.OP_sub_dword      finsh_ops.o
    0x0800886c   0x00000030   Code   RO         9391    i.OP_sub_word       finsh_ops.o
    0x0800889c   0x00000030   Code   RO         9392    i.OP_xor_byte       finsh_ops.o
    0x080088cc   0x00000030   Code   RO         9393    i.OP_xor_dword      finsh_ops.o
    0x080088fc   0x00000030   Code   RO         9394    i.OP_xor_word       finsh_ops.o
    0x0800892c   0x0000003c   Code   RO        10448    i.PC_M1_pcmasterdrvInit  pcmaster.o
    0x08008968   0x00000054   Code   RO         4488    i.RCC_AHB1PeriphClockCmd  stm32f4xx_rcc.o
    0x080089bc   0x00000050   Code   RO         4494    i.RCC_AHB3PeriphClockCmd  stm32f4xx_rcc.o
    0x08008a0c   0x00000050   Code   RO         4497    i.RCC_APB1PeriphClockCmd  stm32f4xx_rcc.o
    0x08008a5c   0x00000050   Code   RO         4499    i.RCC_APB1PeriphResetCmd  stm32f4xx_rcc.o
    0x08008aac   0x00000054   Code   RO         4500    i.RCC_APB2PeriphClockCmd  stm32f4xx_rcc.o
    0x08008b00   0x00000054   Code   RO         4502    i.RCC_APB2PeriphResetCmd  stm32f4xx_rcc.o
    0x08008b54   0x0000000c   Code   RO         2577    i.RCC_Configuration  bsp_systimer.o
    0x08008b60   0x00000014   Code   RO         2794    i.RCC_Configuration  usart.o
    0x08008b74   0x000000e8   Code   RO         4509    i.RCC_GetClocksFreq  stm32f4xx_rcc.o
    0x08008c5c   0x00000188   Code   RO        10631    i.RegAddressGet     user_mb_app.o
    0x08008de4   0x0000007c   Code   RO         5258    i.SPI_CalculateCRC  stm32f4xx_spi.o
    0x08008e60   0x0000007c   Code   RO         5259    i.SPI_Cmd           stm32f4xx_spi.o
    0x08008edc   0x000000e4   Code   RO         5266    i.SPI_I2S_DeInit    stm32f4xx_spi.o
    0x08008fc0   0x000000a8   Code   RO         5267    i.SPI_I2S_GetFlagStatus  stm32f4xx_spi.o
    0x08009068   0x00000064   Code   RO         5270    i.SPI_I2S_ReceiveData  stm32f4xx_spi.o
    0x080090cc   0x00000068   Code   RO         5271    i.SPI_I2S_SendData  stm32f4xx_spi.o
    0x08009134   0x0000018c   Code   RO         5272    i.SPI_Init          stm32f4xx_spi.o
    0x080092c0   0x00000018   Code   RO         5275    i.SPI_StructInit    stm32f4xx_spi.o
    0x080092d8   0x00000002   Code   RO         2528    i.SVC_Handler       stm32f4xx_it.o
    0x080092da   0x00000002   PAD
    0x080092dc   0x0000001c   Code   RO         1999    i.SendCan           canapp.o
    0x080092f8   0x000000ec   Code   RO         6317    i.SetSysClock       system_stm32f4xx.o
    0x080093e4   0x00000044   Code   RO         3112    i.SysTick_CLKSourceConfig  misc.o
    0x08009428   0x0000006c   Code   RO         2382    i.SysTick_Configuration  board.o
    0x08009494   0x00000010   Code   RO         2383    i.SysTick_Handler   board.o
    0x080094a4   0x00000068   Code   RO         6319    i.SystemInit        system_stm32f4xx.o
    0x0800950c   0x00000016   Code   RO         2445    i.System_HW_Can_Init  can.o
    0x08009522   0x00000002   PAD
    0x08009524   0x00000060   Code   RO         2578    i.System_TimerConfiguration  bsp_systimer.o
    0x08009584   0x0000002c   Code   RO         2993    i.System_fsmc_init  fsmc.o
    0x080095b0   0x000002d4   Code   RO         3061    i.System_hw_ADC_Init  ad.o
    0x08009884   0x0000008c   Code   RO         2579    i.System_hw_timerInit  bsp_systimer.o
    0x08009910   0x00000044   Code   RO         2580    i.TIM4_IRQHandler   bsp_systimer.o
    0x08009954   0x00000048   Code   RO         2795    i.TIM7_IRQHandler   usart.o
    0x0800999c   0x000000c8   Code   RO         5487    i.TIM_ARRPreloadConfig  stm32f4xx_tim.o
    0x08009a64   0x000000a4   Code   RO         5493    i.TIM_ClearFlag     stm32f4xx_tim.o
    0x08009b08   0x000000a4   Code   RO         5494    i.TIM_ClearITPendingBit  stm32f4xx_tim.o
    0x08009bac   0x000000c8   Code   RO         5499    i.TIM_Cmd           stm32f4xx_tim.o
    0x08009c74   0x0000005c   Code   RO         5501    i.TIM_CtrlPWMOutputs  stm32f4xx_tim.o
    0x08009cd0   0x000001f0   Code   RO         5504    i.TIM_DeInit        stm32f4xx_tim.o
    0x08009ec0   0x000000d8   Code   RO         5524    i.TIM_ITConfig      stm32f4xx_tim.o
    0x08009f98   0x000001c0   Code   RO         5528    i.TIM_OC1Init       stm32f4xx_tim.o
    0x0800a158   0x000000ac   Code   RO         5531    i.TIM_OC1PreloadConfig  stm32f4xx_tim.o
    0x0800a204   0x000000b8   Code   RO         5548    i.TIM_PrescalerConfig  stm32f4xx_tim.o
    0x0800a2bc   0x000000a4   Code   RO         5565    i.TIM_SetCounter    stm32f4xx_tim.o
    0x0800a360   0x00000150   Code   RO         5571    i.TIM_TimeBaseInit  stm32f4xx_tim.o
    0x0800a4b0   0x00000012   Code   RO         5572    i.TIM_TimeBaseStructInit  stm32f4xx_tim.o
    0x0800a4c2   0x00000002   PAD
    0x0800a4c4   0x0000005c   Code   RO        10563    i.Task_MBSlave_create  bsp_mb_task.o
    0x0800a520   0x0000003c   Code   RO         2796    i.Timer_Configuration  usart.o
    0x0800a55c   0x00000090   Code   RO         6054    i.USART_Cmd         stm32f4xx_usart.o
    0x0800a5ec   0x000000a4   Code   RO         6055    i.USART_DMACmd      stm32f4xx_usart.o
    0x0800a690   0x00000148   Code   RO         6058    i.USART_GetITStatus  stm32f4xx_usart.o
    0x0800a7d8   0x00000134   Code   RO         6060    i.USART_ITConfig    stm32f4xx_usart.o
    0x0800a90c   0x00000208   Code   RO         6061    i.USART_Init        stm32f4xx_usart.o
    0x0800ab14   0x0000006c   Code   RO         6068    i.USART_ReceiveData  stm32f4xx_usart.o
    0x0800ab80   0x00000080   Code   RO         6071    i.USART_SendData    stm32f4xx_usart.o
    0x0800ac00   0x00000004   Code   RO         2529    i.UsageFault_Handler  stm32f4xx_it.o
    0x0800ac04   0x00000144   Code   RO          957    i._Z10UpdateDatav   scmanager.o
    0x0800ad48   0x00000070   Code   RO          958    i._Z11module_initv  scmanager.o
    0x0800adb8   0x00000016   Code   RO        10355    i._Z6Filteriii      support.o
    0x0800adce   0x00000002   PAD
    0x0800add0   0x000000e4   Code   RO          959    i._Z7ad_initv       scmanager.o
    0x0800aeb4   0x00000140   Code   RO          960    i._Z7io_initv       scmanager.o
    0x0800aff4   0x00000004   Code   RO         1345    i._ZN11ITransducer4InitEPi  scmanager.o
    0x0800aff8   0x00000010   Code   RO         1147    i._ZN11ITransducer4InitEPiii  scmanager.o
    0x0800b008   0x00000038   Code   RO          696    i._ZN11ITransducer6UpdateEv  sc.o
    0x0800b040   0x00000010   Code   RO          658    i._ZN11ITransducerC2Ev  sc.o
    0x0800b050   0x00000018   Code   RO         1381    i._ZN11ITransducerD2Ev  scmanager.o
    0x0800b068   0x00000036   Code   RO         7523    i._ZN11RelayModule7RefreshEv  relaymodule.o
    0x0800b09e   0x0000000e   Code   RO         7524    i._ZN11RelayModule8RegisterEP5Relay  relaymodule.o
    0x0800b0ac   0x000000c4   Code   RO         1566    i._ZN11System_Mode10DevTestCalEv  appmonitor.o
    0x0800b170   0x00000028   Code   RO         1567    i._ZN11System_Mode10StandbyCalEv  appmonitor.o
    0x0800b198   0x00000088   Code   RO         1568    i._ZN11System_Mode12PreChargeCalEv  appmonitor.o
    0x0800b220   0x00000066   Code   RO         1569    i._ZN11System_Mode13System_OutputEv  appmonitor.o
    0x0800b286   0x00000202   Code   RO         1570    i._ZN11System_Mode16ChargeModeManageEv  appmonitor.o
    0x0800b488   0x00000012   Code   RO         1571    i._ZN11System_Mode3RunEv  appmonitor.o
    0x0800b49a   0x00000056   Code   RO         1572    i._ZN11System_Mode7StopCalEv  appmonitor.o
    0x0800b4f0   0x00000066   Code   RO         1573    i._ZN11System_Mode8FaultCalEv  appmonitor.o
    0x0800b556   0x00000014   Code   RO         1574    i._ZN11System_Mode8SleepCalEv  appmonitor.o
    0x0800b56a   0x0000000c   Code   RO         1575    i._ZN11System_ModeC1Ev  appmonitor.o
    0x0800b576   0x0000000c   Code   RO         7280    i._ZN12DCTransducer12GetRealValueEv  dctransducer.o
    0x0800b582   0x00000022   Code   RO         7282    i._ZN12DCTransducer19GetAverageRealValueEv  dctransducer.o
    0x0800b5a4   0x00000054   Code   RO         7283    i._ZN12DCTransducer6UpdateEv  dctransducer.o
    0x0800b5f8   0x00000028   Code   RO          598    i._ZN12DCTransducerC1Ei  sc.o
    0x0800b620   0x00000010   Code   RO         1387    i._ZN12DCTransducerD1Ev  scmanager.o
    0x0800b630   0x00000006   Code   RO         7428    i._ZN12IOTransducer12GetRealValueEv  iotransducer.o
    0x0800b636   0x0000005e   Code   RO         7429    i._ZN12IOTransducer6UpdateEv  iotransducer.o
    0x0800b694   0x00000024   Code   RO          604    i._ZN12IOTransducerC1Ei  sc.o
    0x0800b6b8   0x00000020   Code   RO         1225    i._ZN12IOTransducerD1Ev  scmanager.o
    0x0800b6d8   0x00000004   Code   RO         1369    i._ZN12StateMachine13SetFaultStateEb  scmanager.o
    0x0800b6dc   0x00000006   Code   RO         1363    i._ZN12StateMachine7GetModeEv  scmanager.o
    0x0800b6e2   0x00000356   Code   RO          580    i._ZN2ScC1Ev        sc.o
    0x0800ba38   0x0000017c   Code   RO         1279    i._ZN2ScD1Ev        scmanager.o
    0x0800bbb4   0x00000026   Code   RO         7669    i._ZN5PT10010InitBufferEv  pt100.o
    0x0800bbda   0x00000002   PAD
    0x0800bbdc   0x00000080   Code   RO         7671    i._ZN5PT10012GetRealValueEv  pt100.o
    0x0800bc5c   0x00000074   Code   RO         7672    i._ZN5PT1006UpdateEv  pt100.o
    0x0800bcd0   0x00000028   Code   RO          616    i._ZN5PT100C1Ei     sc.o
    0x0800bcf8   0x00000010   Code   RO         1399    i._ZN5PT100D1Ev     scmanager.o
    0x0800bd08   0x0000000a   Code   RO         7486    i._ZN5Relay12SetRelayTimeEi  relay.o
    0x0800bd12   0x0000000c   Code   RO         7487    i._ZN5Relay4StopEv  relay.o
    0x0800bd1e   0x0000000a   Code   RO         7488    i._ZN5Relay5ResetEv  relay.o
    0x0800bd28   0x00000006   Code   RO         7489    i._ZN5Relay5StartEv  relay.o
    0x0800bd2e   0x0000001a   Code   RO         7490    i._ZN5Relay7RefreshEv  relay.o
    0x0800bd48   0x00000024   Code   RO         1231    i._ZN5RelayC1Eii    scmanager.o
    0x0800bd6c   0x00000002   Code   RO         1393    i._ZN5RelayD1Ev     scmanager.o
    0x0800bd6e   0x00000002   PAD
    0x0800bd70   0x0000009c   Code   RO         2000    i._ZN6CanApp10MsgRx_DealEP12_Can_Rx_Ram_P10EXTID_UTYPh  canapp.o
    0x0800be0c   0x0000012c   Code   RO         2001    i._ZN6CanApp12CycleMsgPushEv  canapp.o
    0x0800bf38   0x00000230   Code   RO         2002    i._ZN6CanApp12MsgRx_ManageEP12_Can_Rx_Ram_j  canapp.o
    0x0800c168   0x0000011e   Code   RO         2003    i._ZN6CanApp14TriggerMsgPushEv  canapp.o
    0x0800c286   0x0000004c   Code   RO         2004    i._ZN6CanApp15MakeCanMsgExtIDEhhhhh  canapp.o
    0x0800c2d2   0x0000003c   Code   RO         2005    i._ZN6CanApp19CanApp_MakeTxAckMsgEjhPhP8CanTxMsg  canapp.o
    0x0800c30e   0x000000a8   Code   RO         2006    i._ZN6CanApp19CycleMsgUpdate_dataEv  canapp.o
    0x0800c3b6   0x0000006c   Code   RO         2007    i._ZN6CanApp21TriggerMsgUpdate_dataEh  canapp.o
    0x0800c422   0x00000002   PAD
    0x0800c424   0x00000018   Code   RO         2008    i._ZN6CanAppC1ER6ScData  canapp.o
    0x0800c43c   0x0000006e   Code   RO         1707    i._ZN6CbMode11CB_Auto_CalEv  appmodule.o
    0x0800c4aa   0x00000022   Code   RO         1708    i._ZN6CbMode11CB_Idle_CalEv  appmodule.o
    0x0800c4cc   0x00000022   Code   RO         1709    i._ZN6CbMode12CB_Fault_CalEv  appmodule.o
    0x0800c4ee   0x00000102   Code   RO         1710    i._ZN6CbMode12ModuleManageEv  appmodule.o
    0x0800c5f0   0x00000042   Code   RO         1711    i._ZN6CbMode12OutputManageEv  appmodule.o
    0x0800c632   0x00000004   Code   RO         1357    i._ZN6CbMode12SetConditionEb  scmanager.o
    0x0800c636   0x0000002e   Code   RO         1712    i._ZN6CbMode13CB_Manual_CalEv  appmodule.o
    0x0800c664   0x00000026   Code   RO         1713    i._ZN6CbMode14CB_Standby_CalEv  appmodule.o
    0x0800c68a   0x00000006   Code   RO         1854    i._ZN6CbMode14GetpwmOnStatusEv  sccheck.o
    0x0800c690   0x00000012   Code   RO         1714    i._ZN6CbMode3RunEv  appmodule.o
    0x0800c6a2   0x00000008   Code   RO         1339    i._ZN6CbMode4InitEiiPi  scmanager.o
    0x0800c6aa   0x00000020   Code   RO         7330    i._ZN7Failure9EncounterEv  failure.o
    0x0800c6ca   0x00000002   PAD
    0x0800c6cc   0x00000014   Code   RO         7331    i._ZN7FailureC1Ei   failure.o
    0x0800c6e0   0x00000038   Code   RO         7249    i._ZN9Contactor15NormalOpenLogicEv  contactor.o
    0x0800c718   0x00000038   Code   RO         7250    i._ZN9Contactor16NormalCloseLogicEv  contactor.o
    0x0800c750   0x00000026   Code   RO         1153    i._ZN9Contactor4InitEPiS0_i  scmanager.o
    0x0800c776   0x00000008   Code   RO         1848    i._ZN9Contactor7IsFaultEv  sccheck.o
    0x0800c77e   0x00000002   PAD
    0x0800c780   0x00000074   Code   RO          610    i._ZN9ContactorC1Ei  sc.o
    0x0800c7f4   0x00000024   Code   RO         1237    i._ZN9ContactorD1Ev  scmanager.o
    0x0800c818   0x00000016   Code   RO         1375    i._ZN9ScFailure13RefreshRelaysEv  scmanager.o
    0x0800c82e   0x00000054   Code   RO         7709    i._ZN9ScFailure20UpdateScFailureStateEv  scfailure.o
    0x0800c882   0x00000008   Code   RO         1860    i._ZN9ScFailure8OccurNowEv  sccheck.o
    0x0800c88a   0x00000008   Code   RO         1866    i._ZN9ScFailure9OccurStopEv  sccheck.o
    0x0800c892   0x00000002   PAD
    0x0800c894   0x00000044   Code   RO         1836    i._ZN9ScFailureC1Eiii  sccheck.o
    0x0800c8d8   0x00000024   Code   RO         1872    i._ZN9ScFailureD1Ev  sccheck.o
    0x0800c8fc   0x00000038   Code   RO          961    i._ZN9ScManager12ContactCheckEv  scmanager.o
    0x0800c934   0x00000024   Code   RO          962    i._ZN9ScManager12WarnRelayRunEv  scmanager.o
    0x0800c958   0x00000024   Code   RO          963    i._ZN9ScManager13FaultRelayRunEv  scmanager.o
    0x0800c97c   0x00000026   Code   RO          964    i._ZN9ScManager13RefreshAdDataEv  scmanager.o
    0x0800c9a2   0x00000026   Code   RO          965    i._ZN9ScManager13RefreshIoDataEv  scmanager.o
    0x0800c9c8   0x00000024   Code   RO          966    i._ZN9ScManager13UpdateCbStateEv  scmanager.o
    0x0800c9ec   0x00000028   Code   RO          967    i._ZN9ScManager14RefreshConDataEv  scmanager.o
    0x0800ca14   0x00000026   Code   RO          968    i._ZN9ScManager15ContactRelayRunEv  scmanager.o
    0x0800ca3a   0x00000036   Code   RO         1776    i._ZN9ScManager15RefreshWarnListEv  sccheck.o
    0x0800ca70   0x0000005e   Code   RO         1777    i._ZN9ScManager15UpdateWarnStateEv  sccheck.o
    0x0800cace   0x00000002   PAD
    0x0800cad0   0x00000438   Code   RO         1778    i._ZN9ScManager16MonitorCheckSlowEv  sccheck.o
    0x0800cf08   0x00000036   Code   RO         1779    i._ZN9ScManager16RefreshFaultListEv  sccheck.o
    0x0800cf3e   0x00000026   Code   RO          969    i._ZN9ScManager16RefreshPt100DataEv  scmanager.o
    0x0800cf64   0x0000005e   Code   RO         1780    i._ZN9ScManager16UpdateFaultStateEv  sccheck.o
    0x0800cfc2   0x00000002   PAD
    0x0800cfc4   0x00000464   Code   RO         1781    i._ZN9ScManager20FaultCheckModuleInitEv  sccheck.o
    0x0800d428   0x000000a4   Code   RO          971    i._ZN9ScManager3RunEv  scmanager.o
    0x0800d4cc   0x00000140   Code   RO          972    i._ZN9ScManager4InitEv  scmanager.o
    0x0800d60c   0x00000006   Code   RO          973    i._ZN9ScManager6SetCanEP6CanApp  scmanager.o
    0x0800d612   0x00000020   Code   RO          974    i._ZN9ScManager8RelayRunEv  scmanager.o
    0x0800d632   0x0000010c   Code   RO          975    i._ZN9ScManager9FaultDealEv  scmanager.o
    0x0800d73e   0x00000024   Code   RO         1782    i._ZN9ScManager9SlowCheckEv  sccheck.o
    0x0800d762   0x00000050   Code   RO         1423    i._ZN9ScManagerD1Ev  scmanager.o
    0x0800d7b2   0x00000012   Code   RO        10357    i._ZdlPv            support.o
    0x0800d7c4   0x00000018   Code   RO        10358    i._Znaj             support.o
    0x0800d7dc   0x0000002a   Code   RO        10359    i._Znwj             support.o
    0x0800d806   0x00000002   PAD
    0x0800d808   0x0000004c   Code   RO         8190    i.__rt_ffs          kservice.o
    0x0800d854   0x00000264   Code   RO         2009    i.__sti___10_canApp_cpp_2475d480  canapp.o
    0x0800dab8   0x00000698   Code   RO         1783    i.__sti___11_ScCheck_cpp_0888d88c  sccheck.o
    0x0800e150   0x000001ec   Code   RO          976    i.__sti___13_ScManager_cpp_sc  scmanager.o
    0x0800e33c   0x00000014   Code   RO         7850    i._has_defunct_thread  idle.o
    0x0800e350   0x0000000e   Code   RO        11447    i._is_digit         c_w.l(__printf_wp.o)
    0x0800e35e   0x00000002   PAD
    0x0800e360   0x000000c4   Code   RO         8954    i._list_device      cmd.o
    0x0800e424   0x000000d8   Code   RO         8955    i._list_event       cmd.o
    0x0800e4fc   0x000000f4   Code   RO         8956    i._list_mailbox     cmd.o
    0x0800e5f0   0x000000f8   Code   RO         8957    i._list_mempool     cmd.o
    0x0800e6e8   0x000000d8   Code   RO         8958    i._list_msgqueue    cmd.o
    0x0800e7c0   0x000000ac   Code   RO         8959    i._list_mutex       cmd.o
    0x0800e86c   0x000000d4   Code   RO         8960    i._list_sem         cmd.o
    0x0800e940   0x00000118   Code   RO         8961    i._list_thread      cmd.o
    0x0800ea58   0x000000f8   Code   RO         8962    i._list_timer       cmd.o
    0x0800eb50   0x000000c0   Code   RO         8638    i._rt_scheduler_stack_check  scheduler.o
    0x0800ec10   0x000000bc   Code   RO         8723    i._rt_thread_init   thread.o
    0x0800eccc   0x00000042   Code   RO         8839    i._rt_timer_init    timer.o
    0x0800ed0e   0x0000002e   Code   RO         8840    i._rt_timer_remove  timer.o
    0x0800ed3c   0x000000b0   Code   RO         6884    i._serial_dma_rx    serial.o
    0x0800edec   0x0000005c   Code   RO         6885    i._serial_dma_tx    serial.o
    0x0800ee48   0x00000098   Code   RO         6886    i._serial_int_rx    serial.o
    0x0800eee0   0x0000006c   Code   RO         6887    i._serial_int_tx    serial.o
    0x0800ef4c   0x0000005c   Code   RO         6888    i._serial_poll_rx   serial.o
    0x0800efa8   0x00000054   Code   RO         6889    i._serial_poll_tx   serial.o
    0x0800effc   0x00000014   Code   RO         7036    i._spi_bus_device_control  spi_dev.o
    0x0800f010   0x00000064   Code   RO         7037    i._spi_bus_device_read  spi_dev.o
    0x0800f074   0x00000064   Code   RO         7038    i._spi_bus_device_write  spi_dev.o
    0x0800f0d8   0x00000014   Code   RO         7039    i._spidev_device_control  spi_dev.o
    0x0800f0ec   0x00000068   Code   RO         7040    i._spidev_device_read  spi_dev.o
    0x0800f154   0x00000068   Code   RO         7041    i._spidev_device_write  spi_dev.o
    0x0800f1bc   0x0000020c   Code   RO         3062    i.adc_update        ad.o
    0x0800f3c8   0x00000038   Code   RO          528    i.adio_thread_creat  logicapp.o
    0x0800f400   0x0000000a   Code   RO        10320    i.align             static_mem.o
    0x0800f40a   0x00000002   PAD
    0x0800f40c   0x00000070   Code   RO          236    i.assert_failed     startup.o
    0x0800f47c   0x0000036c   Code   RO        10242    i.at45dbxx_init     spi_flash_at45dbxx.o
    0x0800f7e8   0x00000138   Code   RO          346    i.call_back         serial_comm_util.o
    0x0800f920   0x00000038   Code   RO         2180    i.can1_rx_thread_entry  cantask.o
    0x0800f958   0x00000038   Code   RO         2181    i.can2_rx_thread_entry  cantask.o
    0x0800f990   0x000000d0   Code   RO         2010    i.can_fault         canapp.o
    0x0800fa60   0x00000020   Code   RO         2011    i.can_led           canapp.o
    0x0800fa80   0x00000078   Code   RO         2012    i.can_rx_interface  canapp.o
    0x0800faf8   0x00000084   Code   RO         2182    i.can_rx_thread_init  cantask.o
    0x0800fb7c   0x00000054   Code   RO         2446    i.can_send_buffer   can.o
    0x0800fbd0   0x00000094   Code   RO         2447    i.can_services_init  can.o
    0x0800fc64   0x00000054   Code   RO         2183    i.can_thread_entry  cantask.o
    0x0800fcb8   0x00000054   Code   RO         2184    i.can_thread_init   cantask.o
    0x0800fd0c   0x00000074   Code   RO         2448    i.can_tx_services_entry  can.o
    0x0800fd80   0x00000028   Code   RO         2662    i.check_crc         update_application.o
    0x0800fda8   0x00000028   Code   RO        10121    i.check_crc         flash_storage_at45dbxx.o
    0x0800fdd0   0x00000044   Code   RO          347    i.check_file_call_back  serial_comm_util.o
    0x0800fe14   0x00000044   Code   RO         2663    i.check_updated     update_application.o
    0x0800fe58   0x0000013c   Code   RO        10085    i.configure         stm32f20x_40x_spi.o
    0x0800ff94   0x000000c8   Code   RO         2798    i.console_services_init  usart.o
    0x0801005c   0x00000030   Code   RO          479    i.cycle_thread_creat  thread_x_run.o
    0x0801008c   0x00000020   Code   RO          977    i.data_refresh      scmanager.o
    0x080100ac   0x00000028   Code   RO        10810    i.eMBEnable         mb.o
    0x080100d4   0x000000ae   Code   RO        10875    i.eMBFuncReadCoils  mbfunccoils.o
    0x08010182   0x000000ac   Code   RO        10911    i.eMBFuncReadDiscreteInputs  mbfuncdisc.o
    0x0801022e   0x0000008c   Code   RO        10935    i.eMBFuncReadHoldingRegister  mbfuncholding.o
    0x080102ba   0x0000008c   Code   RO        10977    i.eMBFuncReadInputRegister  mbfuncinput.o
    0x08010346   0x000000d4   Code   RO        10936    i.eMBFuncReadWriteMultipleHoldingRegister  mbfuncholding.o
    0x0801041a   0x00000002   PAD
    0x0801041c   0x00000028   Code   RO        10716    i.eMBFuncReportSlaveID  mbfuncother.o
    0x08010444   0x00000070   Code   RO        10876    i.eMBFuncWriteCoil  mbfunccoils.o
    0x080104b4   0x00000042   Code   RO        10937    i.eMBFuncWriteHoldingRegister  mbfuncholding.o
    0x080104f6   0x00000090   Code   RO        10877    i.eMBFuncWriteMultipleCoils  mbfunccoils.o
    0x08010586   0x0000006e   Code   RO        10938    i.eMBFuncWriteMultipleHoldingRegister  mbfuncholding.o
    0x080105f4   0x000000e0   Code   RO        10811    i.eMBInit           mb.o
    0x080106d4   0x0000012c   Code   RO        10812    i.eMBPoll           mb.o
    0x08010800   0x00000058   Code   RO        11038    i.eMBRTUInit        mbrtu.o
    0x08010858   0x0000009c   Code   RO        11039    i.eMBRTUReceive     mbrtu.o
    0x080108f4   0x00000090   Code   RO        11040    i.eMBRTUSend        mbrtu.o
    0x08010984   0x00000024   Code   RO        11041    i.eMBRTUStart       mbrtu.o
    0x080109a8   0x00000018   Code   RO        11042    i.eMBRTUStop        mbrtu.o
    0x080109c0   0x00000118   Code   RO        10632    i.eMBRegCoilsCB     user_mb_app.o
    0x08010ad8   0x000000b4   Code   RO        10633    i.eMBRegDiscreteCB  user_mb_app.o
    0x08010b8c   0x000000a4   Code   RO        10634    i.eMBRegHoldingCB   user_mb_app.o
    0x08010c30   0x00000060   Code   RO        10635    i.eMBRegInputCB     user_mb_app.o
    0x08010c90   0x00000024   Code   RO          348    i.except            serial_comm_util.o
    0x08010cb4   0x0000003e   Code   RO         9201    i.finsh_block_insert  finsh_heap.o
    0x08010cf2   0x0000007c   Code   RO         9202    i.finsh_block_merge  finsh_heap.o
    0x08010d6e   0x0000002e   Code   RO         9203    i.finsh_block_remove  finsh_heap.o
    0x08010d9c   0x00000018   Code   RO         9204    i.finsh_block_split  finsh_heap.o
    0x08010db4   0x00001654   Code   RO         9120    i.finsh_compile     finsh_compiler.o
    0x08012408   0x00000068   Code   RO         9121    i.finsh_compiler_run  finsh_compiler.o
    0x08012470   0x0000000c   Code   RO         9167    i.finsh_errno       finsh_error.o
    0x0801247c   0x0000000c   Code   RO         9168    i.finsh_error_init  finsh_error.o
    0x08012488   0x00000010   Code   RO         9169    i.finsh_error_set   finsh_error.o
    0x08012498   0x00000010   Code   RO         9170    i.finsh_error_string  finsh_error.o
    0x080124a8   0x00000016   Code   RO         9254    i.finsh_flush       finsh_init.o
    0x080124be   0x00000002   PAD
    0x080124c0   0x00000074   Code   RO         9205    i.finsh_heap_allocate  finsh_heap.o
    0x08012534   0x0000002c   Code   RO         9206    i.finsh_heap_free   finsh_heap.o
    0x08012560   0x00000058   Code   RO         9207    i.finsh_heap_gc     finsh_heap.o
    0x080125b8   0x00000030   Code   RO         9208    i.finsh_heap_init   finsh_heap.o
    0x080125e8   0x0000001e   Code   RO         9255    i.finsh_init        finsh_init.o
    0x08012606   0x00000002   PAD
    0x08012608   0x0000003c   Code   RO         9290    i.finsh_node_allocate  finsh_node.o
    0x08012644   0x00000014   Code   RO         9291    i.finsh_node_init   finsh_node.o
    0x08012658   0x0000001e   Code   RO         9292    i.finsh_node_new_char  finsh_node.o
    0x08012676   0x00000076   Code   RO         9293    i.finsh_node_new_id  finsh_node.o
    0x080126ec   0x0000001e   Code   RO         9294    i.finsh_node_new_int  finsh_node.o
    0x0801270a   0x0000001e   Code   RO         9295    i.finsh_node_new_long  finsh_node.o
    0x08012728   0x0000001e   Code   RO         9296    i.finsh_node_new_ptr  finsh_node.o
    0x08012746   0x0000004a   Code   RO         9297    i.finsh_node_new_string  finsh_node.o
    0x08012790   0x00000010   Code   RO         9647    i.finsh_parser_init  finsh_parser.o
    0x080127a0   0x000000dc   Code   RO         9648    i.finsh_parser_run  finsh_parser.o
    0x0801287c   0x000000d4   Code   RO         9953    i.finsh_run_line    shell.o
    0x08012950   0x00000040   Code   RO         9954    i.finsh_rx_ind      shell.o
    0x08012990   0x000000dc   Code   RO         9955    i.finsh_set_device  shell.o
    0x08012a6c   0x0000000c   Code   RO         9257    i.finsh_stack_bottom  finsh_init.o
    0x08012a78   0x0000005c   Code   RO         9895    i.finsh_syscall_lookup  finsh_vm.o
    0x08012ad4   0x00000014   Code   RO         9957    i.finsh_system_function_init  shell.o
    0x08012ae8   0x000000c0   Code   RO         9958    i.finsh_system_init  shell.o
    0x08012ba8   0x00000014   Code   RO         9959    i.finsh_system_var_init  shell.o
    0x08012bbc   0x0000005c   Code   RO         9842    i.finsh_sysvar_lookup  finsh_var.o
    0x08012c18   0x000005f0   Code   RO         9960    i.finsh_thread_entry  shell.o
    0x08013208   0x00000014   Code   RO         9759    i.finsh_token_init  finsh_token.o
    0x0801321c   0x00000018   Code   RO         9760    i.finsh_token_token  finsh_token.o
    0x08013234   0x0000015e   Code   RO         9122    i.finsh_type_check  finsh_compiler.o
    0x08013392   0x00000002   PAD
    0x08013394   0x00000014   Code   RO         9844    i.finsh_var_init    finsh_var.o
    0x080133a8   0x00000078   Code   RO         9845    i.finsh_var_insert  finsh_var.o
    0x08013420   0x00000040   Code   RO         9846    i.finsh_var_lookup  finsh_var.o
    0x08013460   0x00000054   Code   RO         9896    i.finsh_vm_run      finsh_vm.o
    0x080134b4   0x00000006   Code   RO        10122    i.flash_storage_control  flash_storage_at45dbxx.o
    0x080134ba   0x00000002   PAD
    0x080134bc   0x000000a8   Code   RO        10123    i.flash_storage_entry  flash_storage_at45dbxx.o
    0x08013564   0x00000180   Code   RO        10124    i.flash_storage_init  flash_storage_at45dbxx.o
    0x080136e4   0x00000124   Code   RO        10125    i.flash_storage_read  flash_storage_at45dbxx.o
    0x08013808   0x00000034   Code   RO        10126    i.flash_storage_write  flash_storage_at45dbxx.o
    0x0801383c   0x000000d8   Code   RO         2994    i.fsmc_configuration  fsmc.o
    0x08013914   0x0000021c   Code   RO         2995    i.fsmc_gpio_init    fsmc.o
    0x08013b30   0x0000000e   Code   RO          349    i.full_version      serial_comm_util.o
    0x08013b3e   0x00000002   PAD
    0x08013b40   0x0000002c   Code   RO         2013    i.gbch_init         canapp.o
    0x08013b6c   0x0000000c   Code   RO         3063    i.get_ad_data_buffer  ad.o
    0x08013b78   0x0000006c   Code   RO          350    i.get_board_info    serial_comm_util.o
    0x08013be4   0x00000060   Code   RO         2625    i.get_crc           hardware_crc32.o
    0x08013c44   0x00000008   Code   RO          443    i.get_iap_mailbox   iap_service.o
    0x08013c4c   0x0000000c   Code   RO         2996    i.get_io_input_address  fsmc.o
    0x08013c58   0x00000010   Code   RO        10321    i.get_new_address   static_mem.o
    0x08013c68   0x000000e2   Code   RO        10411    i.get_new_byte      serial_protocol.o
    0x08013d4a   0x0000005e   Code   RO        10412    i.get_output_data   serial_protocol.o
    0x08013da8   0x0000002c   Code   RO         2713    i.get_sector        own_flash.o
    0x08013dd4   0x00000008   Code   RO        10128    i.get_unix_time     flash_storage_at45dbxx.o
    0x08013ddc   0x00000058   Code   RO         2626    i.hardware_crc32_init  hardware_crc32.o
    0x08013e34   0x00000020   Code   RO         8963    i.hello             cmd.o
    0x08013e54   0x00000068   Code   RO          444    i.iap_service_init  iap_service.o
    0x08013ebc   0x00000074   Code   RO          445    i.iap_service_thread_entry  iap_service.o
    0x08013f30   0x0000002c   Code   RO        10413    i.init_serial_protocol  serial_protocol.o
    0x08013f5c   0x00000030   Code   RO            4    i.init_thread_creat  application.o
    0x08013f8c   0x00000010   Code   RO          978    i.io_output         scmanager.o
    0x08013f9c   0x00000058   Code   RO         2998    i.io_update         fsmc.o
    0x08013ff4   0x00000054   Code   RO         2999    i.io_write_output   fsmc.o
    0x08014048   0x000000dc   Code   RO         8964    i.list              cmd.o
    0x08014124   0x00000010   Code   RO         8965    i.list_device       cmd.o
    0x08014134   0x00000010   Code   RO         8966    i.list_event        cmd.o
    0x08014144   0x00000010   Code   RO         8967    i.list_mailbox      cmd.o
    0x08014154   0x00000078   Code   RO         8382    i.list_mem          mem.o
    0x080141cc   0x00000010   Code   RO         8968    i.list_mempool      cmd.o
    0x080141dc   0x00000010   Code   RO         8969    i.list_msgqueue     cmd.o
    0x080141ec   0x00000010   Code   RO         8970    i.list_mutex        cmd.o
    0x080141fc   0x00000210   Code   RO         8971    i.list_prefix       cmd.o
    0x0801440c   0x00000010   Code   RO         8972    i.list_sem          cmd.o
    0x0801441c   0x00000010   Code   RO         8973    i.list_thread       cmd.o
    0x0801442c   0x00000010   Code   RO         8974    i.list_timer        cmd.o
    0x0801443c   0x000000d8   Code   RO        10053    i.logic_board_spi_init  spi_flash.o
    0x08014514   0x00000040   Code   RO          529    i.logic_thread_creat  logicapp.o
    0x08014554   0x0000000e   Code   RO          237    i.main              startup.o
    0x08014562   0x00000028   Code   RO         9649    i.make_sys_node     finsh_parser.o
    0x0801458a   0x00000020   Code   RO        10449    i.memCopy           pcmaster.o
    0x080145aa   0x00000002   PAD
    0x080145ac   0x00000034   Code   RO         2799    i.mem_printf        usart.o
    0x080145e0   0x0000013c   Code   RO        10450    i.messageData       pcmaster.o
    0x0801471c   0x00000a4c   Code   RO        10451    i.messageDecode     pcmaster.o
    0x08015168   0x00000038   Code   RO         2714    i.own_flash_check   own_flash.o
    0x080151a0   0x0000005c   Code   RO         2716    i.own_flash_erase   own_flash.o
    0x080151fc   0x0000000e   Code   RO         2719    i.own_flash_lock    own_flash.o
    0x0801520a   0x00000002   PAD
    0x0801520c   0x00000050   Code   RO         2720    i.own_flash_write   own_flash.o
    0x0801525c   0x000000b8   Code   RO        10452    i.pcmaster_init     pcmaster.o
    0x08015314   0x000007f0   Code   RO        10453    i.pcmaster_record   pcmaster.o
    0x08015b04   0x0000001e   Code   RO        10454    i.pcmaster_write    pcmaster.o
    0x08015b22   0x00000002   PAD
    0x08015b24   0x0000010c   Code   RO         8383    i.plug_holes        mem.o
    0x08015c30   0x0000018c   Code   RO         8192    i.print_number      kservice.o
    0x08015dbc   0x00000072   Code   RO         9650    i.proc_additive_expr  finsh_parser.o
    0x08015e2e   0x0000004c   Code   RO         9651    i.proc_and_expr     finsh_parser.o
    0x08015e7a   0x00000038   Code   RO         9652    i.proc_assign_expr  finsh_parser.o
    0x08015eb2   0x0000004e   Code   RO         9653    i.proc_cast_expr    finsh_parser.o
    0x08015f00   0x0000004c   Code   RO         9654    i.proc_exclusive_or_expr  finsh_parser.o
    0x08015f4c   0x0000000c   Code   RO         9655    i.proc_expr         finsh_parser.o
    0x08015f58   0x00000038   Code   RO         9656    i.proc_expr_statement  finsh_parser.o
    0x08015f90   0x0000002c   Code   RO         9657    i.proc_identifier   finsh_parser.o
    0x08015fbc   0x0000004c   Code   RO         9658    i.proc_inclusive_or_expr  finsh_parser.o
    0x08016008   0x0000008a   Code   RO         9659    i.proc_multiplicative_expr  finsh_parser.o
    0x08016092   0x0000004c   Code   RO         9660    i.proc_param_list   finsh_parser.o
    0x080160de   0x000000a2   Code   RO         9661    i.proc_postfix_expr  finsh_parser.o
    0x08016180   0x0000009e   Code   RO         9662    i.proc_primary_expr  finsh_parser.o
    0x0801621e   0x00000074   Code   RO         9663    i.proc_shift_expr   finsh_parser.o
    0x08016292   0x000000fa   Code   RO         9664    i.proc_type         finsh_parser.o
    0x0801638c   0x000000be   Code   RO         9665    i.proc_unary_expr   finsh_parser.o
    0x0801644a   0x000001da   Code   RO         9666    i.proc_variable_decl  finsh_parser.o
    0x08016624   0x00000022   Code   RO        11001    i.prveMBError2Exception  mbutils.o
    0x08016646   0x00000002   PAD
    0x08016648   0x00000010   Code   RO        11216    i.prvvTIMERExpiredISR  porttimer.o
    0x08016658   0x00000024   Code   RO        10414    i.put_buffer        serial_protocol.o
    0x0801667c   0x0000005a   Code   RO        10415    i.put_char          serial_protocol.o
    0x080166d6   0x00000002   PAD
    0x080166d8   0x0000005c   Code   RO        10455    i.put_char          pcmaster.o
    0x08016734   0x00000058   Code   RO        10456    i.readRecSample     pcmaster.o
    0x0801678c   0x00000010   Code   RO          979    i.relays_refresh    scmanager.o
    0x0801679c   0x0000003a   Code   RO        10129    i.repair_map        flash_storage_at45dbxx.o
    0x080167d6   0x00000002   PAD
    0x080167d8   0x0000004c   Code   RO          352    i.reset_device      serial_comm_util.o
    0x08016824   0x00000050   Code   RO         2800    i.reset_dma_address  usart.o
    0x08016874   0x00000020   Code   RO          480    i.rt_app_thread_x   thread_x_run.o
    0x08016894   0x00000010   Code   RO            5    i.rt_application_init  application.o
    0x080168a4   0x00000074   Code   RO         8193    i.rt_assert_handler  kservice.o
    0x08016918   0x0000007c   Code   RO         8384    i.rt_calloc         mem.o
    0x08016994   0x00000048   Code   RO         6534    i.rt_completion_init  completion.o
    0x080169dc   0x0000013c   Code   RO         6535    i.rt_completion_wait  completion.o
    0x08016b18   0x0000000c   Code   RO         8195    i.rt_console_get_device  kservice.o
    0x08016b24   0x00000034   Code   RO         8196    i.rt_console_set_device  kservice.o
    0x08016b58   0x00000050   Code   RO          481    i.rt_cycle_thread_entry  thread_x_run.o
    0x08016ba8   0x00000068   Code   RO         6566    i.rt_data_queue_init  dataqueue.o
    0x08016c10   0x00000154   Code   RO         6569    i.rt_data_queue_push  dataqueue.o
    0x08016d64   0x00000058   Code   RO         7770    i.rt_device_close   device.o
    0x08016dbc   0x00000040   Code   RO         7771    i.rt_device_control  device.o
    0x08016dfc   0x00000050   Code   RO         7772    i.rt_device_find    device.o
    0x08016e4c   0x00000004   Code   RO         7774    i.rt_device_init_all  device.o
    0x08016e50   0x000000e8   Code   RO         7775    i.rt_device_open    device.o
    0x08016f38   0x00000060   Code   RO         7776    i.rt_device_read    device.o
    0x08016f98   0x00000034   Code   RO         7777    i.rt_device_register  device.o
    0x08016fcc   0x00000030   Code   RO         7778    i.rt_device_set_rx_indicate  device.o
    0x08016ffc   0x00000060   Code   RO         7781    i.rt_device_write   device.o
    0x0801705c   0x00000020   Code   RO         8640    i.rt_enter_critical  scheduler.o
    0x0801707c   0x00000048   Code   RO         7896    i.rt_event_init     ipc.o
    0x080170c4   0x000001f0   Code   RO         7897    i.rt_event_recv     ipc.o
    0x080172b4   0x000000f0   Code   RO         7898    i.rt_event_send     ipc.o
    0x080173a4   0x0000003c   Code   RO         8641    i.rt_exit_critical  scheduler.o
    0x080173e0   0x00000198   Code   RO         8385    i.rt_free           mem.o
    0x08017578   0x00000030   Code   RO         2384    i.rt_hw_board_init  board.o
    0x080175a8   0x00000002   Code   RO         8199    i.rt_hw_console_output  kservice.o
    0x080175aa   0x00000002   PAD
    0x080175ac   0x00000110   Code   RO         6446    i.rt_hw_hard_fault_exception  cpuport.o
    0x080176bc   0x0000007c   Code   RO         6891    i.rt_hw_serial_register  serial.o
    0x08017738   0x00000050   Code   RO         6447    i.rt_hw_stack_init  cpuport.o
    0x08017788   0x0000010c   Code   RO            6    i.rt_init_thread_entry  application.o
    0x08017894   0x00000024   Code   RO         8163    i.rt_interrupt_enter  irq.o
    0x080178b8   0x0000000c   Code   RO         8164    i.rt_interrupt_get_nest  irq.o
    0x080178c4   0x00000024   Code   RO         8165    i.rt_interrupt_leave  irq.o
    0x080178e8   0x00000018   Code   RO         7899    i.rt_ipc_list_resume  ipc.o
    0x08017900   0x0000006c   Code   RO         7901    i.rt_ipc_list_suspend  ipc.o
    0x0801796c   0x00000010   Code   RO         7902    i.rt_ipc_object_init  ipc.o
    0x0801797c   0x00000068   Code   RO         8200    i.rt_kprintf        kservice.o
    0x080179e4   0x00000006   Code   RO         6571    i.rt_list_init      dataqueue.o
    0x080179ea   0x00000006   Code   RO         7903    i.rt_list_init      ipc.o
    0x080179f0   0x00000006   Code   RO         8642    i.rt_list_init      scheduler.o
    0x080179f6   0x00000006   Code   RO         8841    i.rt_list_init      timer.o
    0x080179fc   0x0000000e   Code   RO         8537    i.rt_list_insert_after  object.o
    0x08017a0a   0x0000000e   Code   RO         8724    i.rt_list_insert_after  thread.o
    0x08017a18   0x0000000e   Code   RO         8842    i.rt_list_insert_after  timer.o
    0x08017a26   0x0000000e   Code   RO         6572    i.rt_list_insert_before  dataqueue.o
    0x08017a34   0x0000000e   Code   RO         7904    i.rt_list_insert_before  ipc.o
    0x08017a42   0x00000010   Code   RO         6536    i.rt_list_isempty   completion.o
    0x08017a52   0x00000010   Code   RO         6573    i.rt_list_isempty   dataqueue.o
    0x08017a62   0x00000010   Code   RO         7905    i.rt_list_isempty   ipc.o
    0x08017a72   0x00000010   Code   RO         8843    i.rt_list_isempty   timer.o
    0x08017a82   0x00000010   Code   RO         8975    i.rt_list_isempty   cmd.o
    0x08017a92   0x00000014   Code   RO         8976    i.rt_list_len       cmd.o
    0x08017aa6   0x00000012   Code   RO         8538    i.rt_list_remove    object.o
    0x08017ab8   0x00000012   Code   RO         8725    i.rt_list_remove    thread.o
    0x08017aca   0x00000002   PAD
    0x08017acc   0x000002b4   Code   RO         8387    i.rt_malloc         mem.o
    0x08017d80   0x00000060   Code   RO         7910    i.rt_mb_init        ipc.o
    0x08017de0   0x00000210   Code   RO         7911    i.rt_mb_recv        ipc.o
    0x08017ff0   0x00000012   Code   RO         7912    i.rt_mb_send        ipc.o
    0x08018002   0x00000002   PAD
    0x08018004   0x000001e8   Code   RO         7913    i.rt_mb_send_wait   ipc.o
    0x080181ec   0x0000007c   Code   RO         8203    i.rt_memcpy         kservice.o
    0x08018268   0x00000042   Code   RO         8204    i.rt_memmove        kservice.o
    0x080182aa   0x00000048   Code   RO         8205    i.rt_memset         kservice.o
    0x080182f2   0x00000002   PAD
    0x080182f4   0x0000008c   Code   RO         7923    i.rt_mutex_create   ipc.o
    0x08018380   0x00000054   Code   RO         7926    i.rt_mutex_init     ipc.o
    0x080183d4   0x00000170   Code   RO         7927    i.rt_mutex_release  ipc.o
    0x08018544   0x000001cc   Code   RO         7928    i.rt_mutex_take     ipc.o
    0x08018710   0x000000b8   Code   RO         8539    i.rt_object_allocate  object.o
    0x080187c8   0x0000009c   Code   RO         8541    i.rt_object_delete  object.o
    0x08018864   0x00000054   Code   RO         8542    i.rt_object_detach  object.o
    0x080188b8   0x00000054   Code   RO         8546    i.rt_object_init    object.o
    0x0801890c   0x0000003c   Code   RO         8547    i.rt_object_is_systemobject  object.o
    0x08018948   0x000000a4   Code   RO         8643    i.rt_schedule       scheduler.o
    0x080189ec   0x00000074   Code   RO         8644    i.rt_schedule_insert_thread  scheduler.o
    0x08018a60   0x00000080   Code   RO         8645    i.rt_schedule_remove_thread  scheduler.o
    0x08018ae0   0x00000048   Code   RO         7933    i.rt_sem_init       ipc.o
    0x08018b28   0x00000054   Code   RO         7934    i.rt_sem_release    ipc.o
    0x08018b7c   0x00000188   Code   RO         7935    i.rt_sem_take       ipc.o
    0x08018d04   0x00000154   Code   RO         6892    i.rt_serial_close   serial.o
    0x08018e58   0x00000074   Code   RO         6893    i.rt_serial_control  serial.o
    0x08018ecc   0x00000048   Code   RO         6894    i.rt_serial_init    serial.o
    0x08018f14   0x000001e0   Code   RO         6895    i.rt_serial_open    serial.o
    0x080190f4   0x0000006c   Code   RO         6896    i.rt_serial_read    serial.o
    0x08019160   0x0000006c   Code   RO         6897    i.rt_serial_write   serial.o
    0x080191cc   0x00000028   Code   RO         8206    i.rt_set_errno      kservice.o
    0x080191f4   0x000000b0   Code   RO         8207    i.rt_show_version   kservice.o
    0x080192a4   0x0000004a   Code   RO         6963    i.rt_spi_bus_attach_device  spi_core.o
    0x080192ee   0x00000002   PAD
    0x080192f0   0x00000058   Code   RO         7042    i.rt_spi_bus_device_init  spi_dev.o
    0x08019348   0x00000032   Code   RO         6964    i.rt_spi_bus_register  spi_core.o
    0x0801937a   0x00000002   PAD
    0x0801937c   0x00000078   Code   RO         6965    i.rt_spi_configure  spi_core.o
    0x080193f4   0x00000016   Code   RO        10243    i.rt_spi_send       spi_flash_at45dbxx.o
    0x0801940a   0x00000002   PAD
    0x0801940c   0x00000120   Code   RO         6968    i.rt_spi_send_then_recv  spi_core.o
    0x0801952c   0x00000120   Code   RO         6969    i.rt_spi_send_then_send  spi_core.o
    0x0801964c   0x000000f8   Code   RO         6972    i.rt_spi_transfer   spi_core.o
    0x08019744   0x00000058   Code   RO         7043    i.rt_spidev_device_init  spi_dev.o
    0x0801979c   0x00000012   Code   RO         8213    i.rt_strlen         kservice.o
    0x080197ae   0x00000028   Code   RO         8214    i.rt_strncmp        kservice.o
    0x080197d6   0x00000034   Code   RO         8215    i.rt_strncpy        kservice.o
    0x0801980a   0x00000002   PAD
    0x0801980c   0x00000150   Code   RO         8391    i.rt_system_heap_init  mem.o
    0x0801995c   0x00000002   Code   RO         8551    i.rt_system_object_init  object.o
    0x0801995e   0x00000002   PAD
    0x08019960   0x00000050   Code   RO         8647    i.rt_system_scheduler_init  scheduler.o
    0x080199b0   0x00000030   Code   RO         8648    i.rt_system_scheduler_start  scheduler.o
    0x080199e0   0x00000002   Code   RO         7732    i.rt_system_tick_init  clock.o
    0x080199e2   0x00000002   PAD
    0x080199e4   0x0000001c   Code   RO         8844    i.rt_system_timer_init  timer.o
    0x08019a00   0x00000002   Code   RO         8845    i.rt_system_timer_thread_init  timer.o
    0x08019a02   0x00000002   PAD
    0x08019a04   0x00000098   Code   RO         8726    i.rt_thread_control  thread.o
    0x08019a9c   0x00000050   Code   RO         8727    i.rt_thread_create  thread.o
    0x08019aec   0x0000000c   Code   RO         8728    i.rt_thread_delay   thread.o
    0x08019af8   0x0000005c   Code   RO         8729    i.rt_thread_delete  thread.o
    0x08019b54   0x0000004c   Code   RO          530    i.rt_thread_entry_ad  logicapp.o
    0x08019ba0   0x0000001e   Code   RO          531    i.rt_thread_entry_logic  logicapp.o
    0x08019bbe   0x00000002   PAD
    0x08019bc0   0x00000054   Code   RO         8731    i.rt_thread_exit    thread.o
    0x08019c14   0x00000018   Code   RO         7851    i.rt_thread_idle_entry  idle.o
    0x08019c2c   0x000000cc   Code   RO         7852    i.rt_thread_idle_excute  idle.o
    0x08019cf8   0x0000003c   Code   RO         7853    i.rt_thread_idle_init  idle.o
    0x08019d34   0x0000007c   Code   RO         8733    i.rt_thread_init    thread.o
    0x08019db0   0x00000068   Code   RO         8734    i.rt_thread_resume  thread.o
    0x08019e18   0x0000000c   Code   RO         8735    i.rt_thread_self    thread.o
    0x08019e24   0x00000068   Code   RO         8736    i.rt_thread_sleep   thread.o
    0x08019e8c   0x00000088   Code   RO         8737    i.rt_thread_startup  thread.o
    0x08019f14   0x00000064   Code   RO         8738    i.rt_thread_suspend  thread.o
    0x08019f78   0x00000080   Code   RO         8739    i.rt_thread_timeout  thread.o
    0x08019ff8   0x00000060   Code   RO         8740    i.rt_thread_yield   thread.o
    0x0801a058   0x0000000c   Code   RO         7734    i.rt_tick_get       clock.o
    0x0801a064   0x00000030   Code   RO         7735    i.rt_tick_increase  clock.o
    0x0801a094   0x0000009c   Code   RO         8846    i.rt_timer_check    timer.o
    0x0801a130   0x00000064   Code   RO         8847    i.rt_timer_control  timer.o
    0x0801a194   0x00000044   Code   RO         8850    i.rt_timer_detach   timer.o
    0x0801a1d8   0x00000054   Code   RO         8851    i.rt_timer_init     timer.o
    0x0801a22c   0x0000016c   Code   RO         8854    i.rt_timer_start    timer.o
    0x0801a398   0x0000006c   Code   RO         8855    i.rt_timer_stop     timer.o
    0x0801a404   0x00000328   Code   RO         8217    i.rt_vsnprintf      kservice.o
    0x0801a72c   0x00000050   Code   RO          238    i.rtthread_startup  startup.o
    0x0801a77c   0x000000ac   Code   RO          980    i.sc_init           scmanager.o
    0x0801a828   0x000000ec   Code   RO        10130    i.scan_flash        flash_storage_at45dbxx.o
    0x0801a914   0x00000120   Code   RO        10457    i.sendResponse      pcmaster.o
    0x0801aa34   0x00000028   Code   RO          353    i.serial_comm_init  serial_comm_util.o
    0x0801aa5c   0x00000104   Code   RO         2801    i.serial_services_entry  usart.o
    0x0801ab60   0x0000008c   Code   RO         2664    i.set_file_buffer   update_application.o
    0x0801abec   0x00000030   Code   RO         9961    i.shell_auto_complete  shell.o
    0x0801ac1c   0x00000034   Code   RO         9962    i.shell_handle_history  shell.o
    0x0801ac50   0x000000a2   Code   RO         9963    i.shell_push_history  shell.o
    0x0801acf2   0x00000002   PAD
    0x0801acf4   0x00000030   Code   RO         8977    i.show_wait_queue   cmd.o
    0x0801ad24   0x00000026   Code   RO         8219    i.skip_atoi         kservice.o
    0x0801ad4a   0x0000005a   Code   RO        10416    i.start_new_message  serial_protocol.o
    0x0801ada4   0x00000088   Code   RO         2665    i.start_update      update_application.o
    0x0801ae2c   0x00000010   Code   RO          981    i.state_control     scmanager.o
    0x0801ae3c   0x00000054   Code   RO        10322    i.static_malloc     static_mem.o
    0x0801ae90   0x00000020   Code   RO          982    i.status_updata     scmanager.o
    0x0801aeb0   0x000000bc   Code   RO         2802    i.stm32_configure   usart.o
    0x0801af6c   0x00000090   Code   RO         2803    i.stm32_control     usart.o
    0x0801affc   0x00000044   Code   RO         2804    i.stm32_getc        usart.o
    0x0801b040   0x00000014   Code   RO         2918    i.stm32_hw_io_off   io.o
    0x0801b054   0x00000024   Code   RO         2920    i.stm32_hw_io_toggle  io.o
    0x0801b078   0x00000054   Code   RO         2805    i.stm32_hw_usart_init  usart.o
    0x0801b0cc   0x00000044   Code   RO         2806    i.stm32_putc        usart.o
    0x0801b110   0x00000060   Code   RO        10086    i.stm32_spi_register  stm32f20x_40x_spi.o
    0x0801b170   0x00000138   Code   RO        10132    i.storage_distribute  flash_storage_at45dbxx.o
    0x0801b2a8   0x00000012   Code   RO        10133    i.storage_lock      flash_storage_at45dbxx.o
    0x0801b2ba   0x0000000e   Code   RO        10134    i.storage_unlock    flash_storage_at45dbxx.o
    0x0801b2c8   0x00000020   Code   RO         8978    i.str_common        cmd.o
    0x0801b2e8   0x00000022   Code   RO         8979    i.str_is_prefix     cmd.o
    0x0801b30a   0x0000001e   Code   RO        10564    i.thread_entry_ModbusSlavePoll  bsp_mb_task.o
    0x0801b328   0x0000000a   Code   RO        11217    i.timer_timeout_ind  porttimer.o
    0x0801b332   0x00000078   Code   RO         9761    i.token_get_string  finsh_token.o
    0x0801b3aa   0x00000002   PAD
    0x0801b3ac   0x00000034   Code   RO         9762    i.token_match_name  finsh_token.o
    0x0801b3e0   0x0000003e   Code   RO         9763    i.token_next_char   finsh_token.o
    0x0801b41e   0x00000016   Code   RO         9764    i.token_prev_char   finsh_token.o
    0x0801b434   0x000000a2   Code   RO         9765    i.token_proc_char   finsh_token.o
    0x0801b4d6   0x000000d6   Code   RO         9766    i.token_proc_escape  finsh_token.o
    0x0801b5ac   0x00000120   Code   RO         9767    i.token_proc_number  finsh_token.o
    0x0801b6cc   0x00000050   Code   RO         9768    i.token_proc_string  finsh_token.o
    0x0801b71c   0x0000019e   Code   RO         9769    i.token_run         finsh_token.o
    0x0801b8ba   0x00000098   Code   RO         9770    i.token_spec_number  finsh_token.o
    0x0801b952   0x00000022   Code   RO         9771    i.token_trim_space  finsh_token.o
    0x0801b974   0x00000020   Code   RO        10135    i.try_write_record  flash_storage_at45dbxx.o
    0x0801b994   0x00000038   Code   RO        10782    i.usMBCRC16         mbcrc.o
    0x0801b9cc   0x0000005c   Code   RO        11153    i.vMBPortSerialEnable  portserial.o
    0x0801ba28   0x00000010   Code   RO        11218    i.vMBPortTimersDisable  porttimer.o
    0x0801ba38   0x00000010   Code   RO        11219    i.vMBPortTimersEnable  porttimer.o
    0x0801ba48   0x0000000a   Code   RO         8980    i.version           cmd.o
    0x0801ba52   0x00000002   PAD
    0x0801ba54   0x00000048   Code   RO        10244    i.wait_busy         spi_flash_at45dbxx.o
    0x0801ba9c   0x00000128   Code   RO        10136    i.write_record      flash_storage_at45dbxx.o
    0x0801bbc4   0x0000004c   Code   RO        11111    i.xMBPortEventGet   portevent.o
    0x0801bc10   0x00000020   Code   RO        11112    i.xMBPortEventInit  portevent.o
    0x0801bc30   0x00000014   Code   RO        11113    i.xMBPortEventPost  portevent.o
    0x0801bc44   0x00000014   Code   RO        11154    i.xMBPortSerialGetByte  portserial.o
    0x0801bc58   0x00000140   Code   RO        11155    i.xMBPortSerialInit  portserial.o
    0x0801bd98   0x00000014   Code   RO        11156    i.xMBPortSerialPutByte  portserial.o
    0x0801bdac   0x0000003c   Code   RO        11220    i.xMBPortTimersInit  porttimer.o
    0x0801bde8   0x000000d8   Code   RO        11043    i.xMBRTUReceiveFSM  mbrtu.o
    0x0801bec0   0x000000a0   Code   RO        11044    i.xMBRTUTimerT35Expired  mbrtu.o
    0x0801bf60   0x000000c0   Code   RO        11045    i.xMBRTUTransmitFSM  mbrtu.o
    0x0801c020   0x0000002a   Code   RO        11002    i.xMBUtilGetBits    mbutils.o
    0x0801c04a   0x00000002   PAD
    0x0801c04c   0x0000006c   Code   RO        11003    i.xMBUtilSetBits    mbutils.o
    0x0801c0b8   0x00000106   Code   RO        10087    i.xfer              stm32f20x_40x_spi.o
    0x0801c1be   0x00000002   PAD
    0x0801c1c0   0x0000002c   Code   RO        11875    locale$$code        c_w.l(lc_ctype_c.o)
    0x0801c1ec   0x00000008   Code   RO          664    t._ZN4LinkIP11ITransducerEC1ERKS1_PS2_  sc.o
    0x0801c1f4   0x00000008   Code   RO          676    t._ZN4LinkIP5PT100EC1ERKS1_PS2_  sc.o
    0x0801c1fc   0x00000008   Code   RO         7561    t._ZN4LinkIP5RelayEC1ERKS1_PS2_  relaymodule.o
    0x0801c204   0x00000008   Code   RO         1351    t._ZN4LinkIP6CbModeEC1ERKS1_PS2_  scmanager.o
    0x0801c20c   0x00000008   Code   RO          670    t._ZN4LinkIP9ContactorEC1ERKS1_PS2_  sc.o
    0x0801c214   0x00000008   Code   RO         1875    t._ZN4LinkIP9ScFailureEC1ERKS1_PS2_  sccheck.o
    0x0801c21c   0x00000044   Code   RO          628    t._ZN4ListIP11ITransducerE3AddERKS1_  sc.o
    0x0801c260   0x00000014   Code   RO         1189    t._ZN4ListIP11ITransducerE4NextEv  scmanager.o
    0x0801c274   0x00000006   Code   RO         1195    t._ZN4ListIP11ITransducerE5BeginEv  scmanager.o
    0x0801c27a   0x00000020   Code   RO         1243    t._ZN4ListIP11ITransducerE5ClearEv  scmanager.o
    0x0801c29a   0x00000010   Code   RO          622    t._ZN4ListIP11ITransducerEC1Ev  sc.o
    0x0801c2aa   0x0000000e   Code   RO         1249    t._ZN4ListIP11ITransducerED1Ev  scmanager.o
    0x0801c2b8   0x00000044   Code   RO          652    t._ZN4ListIP5PT100E3AddERKS1_  sc.o
    0x0801c2fc   0x00000014   Code   RO         1165    t._ZN4ListIP5PT100E4NextEv  scmanager.o
    0x0801c310   0x00000006   Code   RO         1171    t._ZN4ListIP5PT100E5BeginEv  scmanager.o
    0x0801c316   0x00000020   Code   RO         1267    t._ZN4ListIP5PT100E5ClearEv  scmanager.o
    0x0801c336   0x00000010   Code   RO          646    t._ZN4ListIP5PT100EC1Ev  sc.o
    0x0801c346   0x0000000e   Code   RO         1273    t._ZN4ListIP5PT100ED1Ev  scmanager.o
    0x0801c354   0x00000044   Code   RO         7543    t._ZN4ListIP5RelayE3AddERKS1_  relaymodule.o
    0x0801c398   0x00000014   Code   RO         7555    t._ZN4ListIP5RelayE4NextEv  relaymodule.o
    0x0801c3ac   0x00000006   Code   RO         7549    t._ZN4ListIP5RelayE5BeginEv  relaymodule.o
    0x0801c3b2   0x00000020   Code   RO         1291    t._ZN4ListIP5RelayE5ClearEv  scmanager.o
    0x0801c3d2   0x00000010   Code   RO         1285    t._ZN4ListIP5RelayEC1Ev  scmanager.o
    0x0801c3e2   0x0000000e   Code   RO         1297    t._ZN4ListIP5RelayED1Ev  scmanager.o
    0x0801c3f0   0x00000044   Code   RO         1159    t._ZN4ListIP6CbModeE3AddERKS1_  scmanager.o
    0x0801c434   0x00000014   Code   RO         1201    t._ZN4ListIP6CbModeE4NextEv  scmanager.o
    0x0801c448   0x00000006   Code   RO         1207    t._ZN4ListIP6CbModeE5BeginEv  scmanager.o
    0x0801c44e   0x00000020   Code   RO         1309    t._ZN4ListIP6CbModeE5ClearEv  scmanager.o
    0x0801c46e   0x00000010   Code   RO         1303    t._ZN4ListIP6CbModeEC1Ev  scmanager.o
    0x0801c47e   0x0000000e   Code   RO         1315    t._ZN4ListIP6CbModeED1Ev  scmanager.o
    0x0801c48c   0x00000044   Code   RO          640    t._ZN4ListIP9ContactorE3AddERKS1_  sc.o
    0x0801c4d0   0x00000014   Code   RO         1177    t._ZN4ListIP9ContactorE4NextEv  scmanager.o
    0x0801c4e4   0x00000006   Code   RO         1183    t._ZN4ListIP9ContactorE5BeginEv  scmanager.o
    0x0801c4ea   0x00000020   Code   RO         1255    t._ZN4ListIP9ContactorE5ClearEv  scmanager.o
    0x0801c50a   0x00000010   Code   RO          634    t._ZN4ListIP9ContactorEC1Ev  sc.o
    0x0801c51a   0x0000000e   Code   RO         1261    t._ZN4ListIP9ContactorED1Ev  scmanager.o
    0x0801c528   0x00000044   Code   RO         1842    t._ZN4ListIP9ScFailureE3AddERKS1_  sccheck.o
    0x0801c56c   0x00000014   Code   RO         1213    t._ZN4ListIP9ScFailureE4NextEv  scmanager.o
    0x0801c580   0x00000006   Code   RO         1219    t._ZN4ListIP9ScFailureE5BeginEv  scmanager.o
    0x0801c586   0x00000020   Code   RO         1327    t._ZN4ListIP9ScFailureE5ClearEv  scmanager.o
    0x0801c5a6   0x00000010   Code   RO         1321    t._ZN4ListIP9ScFailureEC1Ev  scmanager.o
    0x0801c5b6   0x0000000e   Code   RO         1333    t._ZN4ListIP9ScFailureED1Ev  scmanager.o
    0x0801c5c4   0x0000000a   Code   RO        11846    x$fpl$fpinit        fz_wm.l(fpinit.o)
    0x0801c5ce   0x00000014   Data   RO         2627    .constdata          hardware_crc32.o
    0x0801c5e2   0x0000001d   Data   RO         2667    .constdata          update_application.o
    0x0801c5ff   0x00000001   PAD
    0x0801c600   0x00000018   Data   RO         2722    .constdata          own_flash.o
    0x0801c618   0x00000050   Data   RO         2808    .constdata          usart.o
    0x0801c668   0x00000039   Data   RO         6537    .constdata          completion.o
    0x0801c6a1   0x0000004b   Data   RO         6574    .constdata          dataqueue.o
    0x0801c6ec   0x000000d3   Data   RO         6898    .constdata          serial.o
    0x0801c7bf   0x000000a3   Data   RO         6974    .constdata          spi_core.o
    0x0801c862   0x00000081   Data   RO         7044    .constdata          spi_dev.o
    0x0801c8e3   0x000000a8   Data   RO         7782    .constdata          device.o
    0x0801c98b   0x00000016   Data   RO         7856    .constdata          idle.o
    0x0801c9a1   0x000001d7   Data   RO         7937    .constdata          ipc.o
    0x0801cb78   0x00000122   Data   RO         8221    .constdata          kservice.o
    0x0801cc9a   0x00000046   Data   RO         8393    .constdata          mem.o
    0x0801cce0   0x0000005e   Data   RO         8552    .constdata          object.o
    0x0801cd3e   0x0000004e   Data   RO         8650    .constdata          scheduler.o
    0x0801cd8c   0x000000aa   Data   RO         8741    .constdata          thread.o
    0x0801ce36   0x0000005c   Data   RO         8857    .constdata          timer.o
    0x0801ce92   0x00000002   PAD
    0x0801ce94   0x00000050   Data   RO         8981    .constdata          cmd.o
    0x0801cee4   0x000000c4   Data   RO         9395    .constdata          finsh_ops.o
    0x0801cfa8   0x00000040   Data   RO         9772    .constdata          finsh_token.o
    0x0801cfe8   0x00000060   Data   RO         9965    .constdata          shell.o
    0x0801d048   0x0000003e   Data   RO        10138    .constdata          flash_storage_at45dbxx.o
    0x0801d086   0x00000015   Data   RO        10246    .constdata          spi_flash_at45dbxx.o
    0x0801d09b   0x00000001   PAD
    0x0801d09c   0x00000018   Data   RO        10459    .constdata          pcmaster.o
    0x0801d0b4   0x00000200   Data   RO        10783    .constdata          mbcrc.o
    0x0801d2b4   0x00000011   Data   RO        11450    .constdata          c_w.l(__printf_flags_wp.o)
    0x0801d2c5   0x00000003   PAD
    0x0801d2c8   0x00000018   Data   RO          683    .constdata__ZTV11ITransducer  sc.o
    0x0801d2e0   0x00000018   Data   RO         7314    .constdata__ZTV12DCTransducer  dctransducer.o
    0x0801d2f8   0x00000018   Data   RO         7449    .constdata__ZTV12IOTransducer  iotransducer.o
    0x0801d310   0x0000001c   Data   RO          685    .constdata__ZTV5OnOff  sc.o
    0x0801d32c   0x00000018   Data   RO         7700    .constdata__ZTV5PT100  pt100.o
    0x0801d344   0x0000000c   Data   RO         7356    .constdata__ZTV7Failure  failure.o
    0x0801d350   0x00000034   Data   RO          687    .constdata__ZTV9Contactor  sc.o
    0x0801d384   0x0000000c   Data   RO         1882    .constdata__ZTV9ScFailure  sccheck.o
    0x0801d390   0x00000047   Data   RO          355    .conststring        serial_comm_util.o
    0x0801d3d7   0x00000001   PAD
    0x0801d3d8   0x00000044   Data   RO         3113    .conststring        misc.o
    0x0801d41c   0x0000004d   Data   RO         3195    .conststring        stm32f4xx_adc.o
    0x0801d469   0x00000003   PAD
    0x0801d46c   0x0000004d   Data   RO         3429    .conststring        stm32f4xx_can.o
    0x0801d4b9   0x00000003   PAD
    0x0801d4bc   0x0000004d   Data   RO         3694    .conststring        stm32f4xx_dma.o
    0x0801d509   0x00000003   PAD
    0x0801d50c   0x0000004f   Data   RO         3915    .conststring        stm32f4xx_flash.o
    0x0801d55b   0x00000001   PAD
    0x0801d55c   0x0000004e   Data   RO         4154    .conststring        stm32f4xx_fsmc.o
    0x0801d5aa   0x00000002   PAD
    0x0801d5ac   0x0000004e   Data   RO         4284    .conststring        stm32f4xx_gpio.o
    0x0801d5fa   0x00000002   PAD
    0x0801d5fc   0x0000004d   Data   RO         4541    .conststring        stm32f4xx_rcc.o
    0x0801d649   0x00000003   PAD
    0x0801d64c   0x0000004d   Data   RO         5278    .conststring        stm32f4xx_spi.o
    0x0801d699   0x00000003   PAD
    0x0801d69c   0x0000004d   Data   RO         5575    .conststring        stm32f4xx_tim.o
    0x0801d6e9   0x00000003   PAD
    0x0801d6ec   0x0000004f   Data   RO         6079    .conststring        stm32f4xx_usart.o
    0x0801d73b   0x00000001   PAD
    0x0801d73c   0x000000ed   Data   RO         8394    .conststring        mem.o
    0x0801d829   0x00000003   PAD
    0x0801d82c   0x000001ad   Data   RO         8982    .conststring        cmd.o
    0x0801d9d9   0x00000003   PAD
    0x0801d9dc   0x000000f3   Data   RO         9171    .conststring        finsh_error.o
    0x0801dacf   0x00000001   PAD
    0x0801dad0   0x0000003e   Data   RO         9773    .conststring        finsh_token.o
    0x0801db0e   0x00000002   PAD
    0x0801db10   0x00000042   Data   RO        11004    .conststring        mbutils.o
    0x0801db52   0x00000045   Data   RO          357    .rodata.name        serial_comm_util.o
    0x0801db97   0x00000027   Data   RO         8396    .rodata.name        mem.o
    0x0801dbbe   0x000001b3   Data   RO         8984    .rodata.name        cmd.o
    0x0801dd71   0x00000003   PAD
    0x0801dd74   0x00000018   Data   RO          358    FSymTab             serial_comm_util.o
    0x0801dd8c   0x0000000c   Data   RO         8397    FSymTab             mem.o
    0x0801dd98   0x00000090   Data   RO         8985    FSymTab             cmd.o
    0x0801de28   0x00000020   Data   RO        11950    Region$$Table       anon$$obj.o
    0x0801de48   0x00000010   Data   RO         8986    VSymTab             cmd.o
    0x0801de58   0x00000110   Data   RO        11874    locale$$data        c_w.l(lc_ctype_c.o)
    0x0801df68   0x00000004   Data   RO         1012    .init_array         scmanager.o
    0x0801df6c   0x00000004   Data   RO         1793    .init_array         sccheck.o
    0x0801df70   0x00000004   Data   RO         2032    .init_array         canapp.o
    0x0801df74   0x00000000   Data   RO        11493    .init_array         c_w.l(init_aeabi.o)


    Execution Region RW_IRAM1 (Base: 0x20000000, Size: 0x00011af8, Max: 0x00020000, ABSOLUTE, COMPRESSED[0x000003e8])

    Base Addr    Size         Type   Attr      Idx    E Section Name        Object

    0x20000000   0x00000010   Data   RW          356    .data               serial_comm_util.o
    0x20000010   0x00000002   Data   RW          482    .data               thread_x_run.o
    0x20000012   0x00000002   PAD
    0x20000014   0x0000000c   Data   RW         1011    .data               scmanager.o
    0x20000020   0x000003f4   Data   RW         2031    .data               canapp.o
    0x20000414   0x00000011   Data   RW         2186    .data               cantask.o
    0x20000425   0x00000003   PAD
    0x20000428   0x0000000c   Data   RW         2450    .data               can.o
    0x20000434   0x00000001   Data   RW         2582    .data               bsp_systimer.o
    0x20000435   0x00000003   PAD
    0x20000438   0x00000004   Data   RW         2628    .data               hardware_crc32.o
    0x2000043c   0x00000004   Data   RW         2668    .data               update_application.o
    0x20000440   0x0000000e   Data   RW         2809    .data               usart.o
    0x2000044e   0x00000002   PAD
    0x20000450   0x00000010   Data   RW         3000    .data               fsmc.o
    0x20000460   0x00000004   Data   RW         3065    .data               ad.o
    0x20000464   0x00000010   Data   RW         4542    .data               stm32f4xx_rcc.o
    0x20000474   0x00000014   Data   RW         6320    .data               system_stm32f4xx.o
    0x20000488   0x00000010   Data   RW         6449    .data               cpuport.o
    0x20000498   0x00000284   Data   RW         7677    .data               pt100.o
    0x2000071c   0x00000004   Data   RW         7737    .data               clock.o
    0x20000720   0x00000004   Data   RW         7857    .data               idle.o
    0x20000724   0x00000001   Data   RW         8166    .data               irq.o
    0x20000725   0x00000003   PAD
    0x20000728   0x0000000c   Data   RW         8222    .data               kservice.o
    0x20000734   0x00000020   Data   RW         8395    .data               mem.o
    0x20000754   0x000000a4   Data   RW         8553    .data               object.o
    0x200007f8   0x0000001c   Data   RW         8651    .data               scheduler.o
    0x20000814   0x00000010   Data   RW         8858    .data               timer.o
    0x20000824   0x00000004   Data   RW         8983    .data               cmd.o
    0x20000828   0x00000008   Data   RW         9123    .data               finsh_compiler.o
    0x20000830   0x00000040   Data   RW         9172    .data               finsh_error.o
    0x20000870   0x00000008   Data   RW         9210    .data               finsh_heap.o
    0x20000878   0x00000004   Data   RW         9848    .data               finsh_var.o
    0x2000087c   0x0000000c   Data   RW         9898    .data               finsh_vm.o
    0x20000888   0x00000004   Data   RW         9966    .data               shell.o
    0x2000088c   0x00000010   Data   RW        10037    .data               symbol.o
    0x2000089c   0x00000008   Data   RW        10055    .data               spi_flash.o
    0x200008a4   0x00000008   Data   RW        10088    .data               stm32f20x_40x_spi.o
    0x200008ac   0x00000010   Data   RW        10139    .data               flash_storage_at45dbxx.o
    0x200008bc   0x00000008   Data   RW        10323    .data               static_mem.o
    0x200008c4   0x00000030   Data   RW        10460    .data               pcmaster.o
    0x200008f4   0x00000017   Data   RW        10638    .data               user_mb_app.o
    0x2000090b   0x00000001   PAD
    0x2000090c   0x00000002   Data   RW        10719    .data               mbfuncother.o
    0x2000090e   0x00000002   PAD
    0x20000910   0x000000b5   Data   RW        10814    .data               mb.o
    0x200009c5   0x00000003   PAD
    0x200009c8   0x0000000c   Data   RW        11047    .data               mbrtu.o
    0x200009d4   0x00000002   Data   RW        11157    .data               portserial.o
    0x200009d6   0x00000002   PAD
    0x200009d8   0x00000020   Zero   RW            7    .bss                application.o
    0x200009f8   0x000052df   Zero   RW          354    .bss                serial_comm_util.o
    0x20005cd7   0x00000001   PAD
    0x20005cd8   0x000000c0   Zero   RW          446    .bss                iap_service.o
    0x20005d98   0x00001120   Zero   RW          532    .bss                logicapp.o
    0x20006eb8   0x00000cac   Zero   RW         1010    .bss                scmanager.o
    0x20007b64   0x00000d00   Zero   RW         1792    .bss                sccheck.o
    0x20008864   0x00000da0   Zero   RW         2185    .bss                cantask.o
    0x20009604   0x00001090   Zero   RW         2449    .bss                can.o
    0x2000a694   0x00000080   Zero   RW         2581    .bss                bsp_systimer.o
    0x2000a714   0x0000000c   Zero   RW         2666    .bss                update_application.o
    0x2000a720   0x000003b0   Zero   RW         2807    .bss                usart.o
    0x2000aad0   0x00000024   Zero   RW         2921    .bss                io.o
    0x2000aaf4   0x000000f0   Zero   RW         3064    .bss                ad.o
    0x2000abe4   0x00000480   Zero   RW         7855    .bss                idle.o
    0x2000b064   0x00000080   Zero   RW         8220    .bss                kservice.o
    0x2000b0e4   0x00000020   Zero   RW         8392    .bss                mem.o
    0x2000b104   0x00000100   Zero   RW         8649    .bss                scheduler.o
    0x2000b204   0x00000080   Zero   RW         9209    .bss                finsh_heap.o
    0x2000b284   0x00000140   Zero   RW         9298    .bss                finsh_node.o
    0x2000b3c4   0x000000c0   Zero   RW         9847    .bss                finsh_var.o
    0x2000b484   0x00000180   Zero   RW         9897    .bss                finsh_vm.o
    0x2000b604   0x00000880   Zero   RW         9964    .bss                shell.o
    0x2000be84   0x000000bc   Zero   RW        10054    .bss                spi_flash.o
    0x2000bf40   0x0000019c   Zero   RW        10137    .bss                flash_storage_at45dbxx.o
    0x2000c0dc   0x00000050   Zero   RW        10245    .bss                spi_flash_at45dbxx.o
    0x2000c12c   0x00004194   Zero   RW        10458    .bss                pcmaster.o
    0x200102c0   0x0000106c   Zero   RW        10637    .bss                user_mb_app.o
    0x2001132c   0x00000020   Zero   RW        10718    .bss                mbfuncother.o
    0x2001134c   0x00000100   Zero   RW        11046    .bss                mbrtu.o
    0x2001144c   0x00000020   Zero   RW        11114    .bss                portevent.o
    0x2001146c   0x0000002c   Zero   RW        11221    .bss                porttimer.o
    0x20011498   0x00000060   Zero   RW        11751    .bss                c_w.l(libspace.o)
    0x200114f8   0x00000200   Zero   RW         6308    HEAP                startup_stm32f40xx.o
    0x200116f8   0x00000400   Zero   RW         6307    STACK               startup_stm32f40xx.o


==============================================================================

Image component sizes


      Code (inc. data)   RO Data    RW Data    ZI Data      Debug   Object Name

      1360         60          0          4        240       3987   ad.o
       332         70          0          0         32     367716   application.o
       604          6          0          0          0       6360   appmodule.o
      1226          0          0          0          0      25210   appmonitor.o
       194         20          0          0          0      28533   board.o
        92         10          0          0          0        583   bsp_board_init.o
       136         26          0          0          0       7288   bsp_mb_task.o
       350         66          0          1        128       3248   bsp_systimer.o
      1088        136          0         12       4240       7625   can.o
      2842         72          4       1012          0      13836   canapp.o
       572        168          0         17       3488       5942   cantask.o
        62         12          0          4          0       1559   clock.o
      3116       1362       1104          4          0      19791   cmd.o
       404        148         57          0          0       3883   completion.o
       112          0          0          0          0       4636   contactor.o
       268         24          0          0          0        792   context_rvds.o
       352        166          0         16          0       3510   cpuport.o
       480         90         75          0          0       8503   dataqueue.o
       130          0         24          0          0       4468   dctransducer.o
       760        204        168          0          0       8291   device.o
        52          6         12          0          0       1884   failure.o
      6170        156          0          8          0      11566   finsh_compiler.o
        56         22        243         64          0       2707   finsh_error.o
       552         42          0          8        128       5927   finsh_heap.o
        64          6          0          0          0       2092   finsh_init.o
       392          8          0          0        320       5970   finsh_node.o
      3038        294        196          0          0      25990   finsh_ops.o
      2428         32          0          0          0      16627   finsh_parser.o
      1644         16        126          0          0      10414   finsh_token.o
       296         32          0          4        192       7866   finsh_var.o
       176         36          0         12        384       7015   finsh_vm.o
      1916        394         62         16        412      13028   flash_storage_at45dbxx.o
       984         66          0         16          0       4528   fsmc.o
       184         56         20          4          0       2060   hardware_crc32.o
       228         38          0          0        192       3715   iap_service.o
       308         80         22          4       1152       3534   idle.o
        56         10          0          0         36       1975   io.o
       100          0         24          0          0       3552   iotransducer.o
      3722        904        471          0          0      29837   ipc.o
        84         18          0          1          0       1914   irq.o
      2192        242        290         12        128      13715   kservice.o
       226         42          0          0       4384       3118   logicapp.o
       564        122          0        181          0       5119   mb.o
        56          8        512          0          0       1348   mbcrc.o
       430          0          0          0          0       4086   mbfunccoils.o
       172          0          0          0          0       1764   mbfuncdisc.o
       528          0          0          0          0       5395   mbfuncholding.o
       140          0          0          0          0       1711   mbfuncinput.o
        40         10          0          2         32       1543   mbfuncother.o
      1016        320          0         12        256       6899   mbrtu.o
       184          6         66          0          0       2946   mbutils.o
      1948        702        358         32         32       6664   mem.o
       392         54         68          0          0       3275   misc.o
         0          0          0          0          0        800   msh.o
       602        186         94        164          0       7085   object.o
       286         12         24          0          0       4412   own_flash.o
      5758        248         24         48      16788      15110   pcmaster.o
         8          0          0          0          0       1021   port.o
       128         24          0          0         32       2432   portevent.o
       452         24          0          2          0       3729   portserial.o
       118         38          0          0         44       2981   porttimer.o
       282          4         24        644          0       4025   pt100.o
        64          0          0          0          0       2444   relay.o
       170          0          0          0          0       5868   relaymodule.o
      1434         28        104          0          0     289166   sc.o
      4434        676         16          0       3328      32960   sccheck.o
        84          0          0          0          0       2924   scfailure.o
       826        254         78         28        256       6950   scheduler.o
      4168        380          4         12       3244      66566   scmanager.o
      2052        488        211          0          0      12591   serial.o
       654        128        164         16      21215      13717   serial_comm_util.o
       580          8          0          0          0       4159   serial_protocol.o
      2510        348         96          4       2176       9107   shell.o
      1068        170        163          0          0       9046   spi_core.o
       624        248        129          0          0       6113   spi_dev.o
       216         42          0          8        188       1383   spi_flash.o
      1816        440         21          0         80      15016   spi_flash_at45dbxx.o
       206        100         24          0          0     349506   startup.o
        64         26        392          0       1536        940   startup_stm32f40xx.o
       110         14          0          8          0       2040   static_mem.o
       674         32          0          8          0       3681   stm32f20x_40x_spi.o
      1488        108         77          0          0       6323   stm32f4xx_adc.o
      2978        162         77          0          0       9996   stm32f4xx_can.o
        12          4          0          0          0        550   stm32f4xx_crc.o
      1596         78         77          0          0       4786   stm32f4xx_dma.o
       602         52         79          0          0       4752   stm32f4xx_flash.o
       984         20         78          0          0       2649   stm32f4xx_fsmc.o
      1104        192         78          0          0       3847   stm32f4xx_gpio.o
        16          0          0          0          0       2420   stm32f4xx_it.o
       724         90         77         16          0       7478   stm32f4xx_rcc.o
      1268        216         77          0          0       6591   stm32f4xx_spi.o
      2854        618         77          0          0      10946   stm32f4xx_tim.o
      1700        260         79          0          0       6818   stm32f4xx_usart.o
       106          0          0          0          0       3111   support.o
         0          0          0         16          0       4281   symbol.o
       340         32          0         20          0       2173   system_stm32f4xx.o
      1444        370        170          0          0      11893   thread.o
       160         20          0          2          0       2446   thread_x_run.o
      1058        186         92         16          0       9851   timer.o
       384         70         29          4         12       4045   update_application.o
      1584        288         80         14        944      39118   usart.o
      1408         98          0         23       4204      22375   user_mb_app.o

    ----------------------------------------------------------------------
     96112      13144       6690       2520      69824    1787766   Object Totals
         0          0         32          0          0          0   (incl. Generated)
        96          0         41         21          1          0   (incl. Padding)

    ----------------------------------------------------------------------

      Code (inc. data)   RO Data    RW Data    ZI Data      Debug   Library Member Name

        90          0          0          0          0          0   __dczerorl2.o
         8          0          0          0          0         68   __main.o
       312          4         17          0          0         92   __printf_flags_wp.o
        14          0          0          0          0         68   __printf_wp.o
         0          0          0          0          0          0   __rtentry.o
        12          0          0          0          0          0   __rtentry2.o
         6          0          0          0          0          0   __rtentry4.o
        52          8          0          0          0          0   __scatter.o
        28          0          0          0          0          0   __scatter_zi.o
        28          0          0          0          0         68   _chval.o
        44          0          0          0          0        108   _printf_char.o
        48          6          0          0          0         96   _printf_char_common.o
         6          0          0          0          0          0   _printf_d.o
       120         16          0          0          0         92   _printf_dec.o
       178          0          0          0          0         88   _printf_intcommon.o
         0          0          0          0          0          0   _printf_percent.o
         4          0          0          0          0          0   _printf_percent_end.o
         6          0          0          0          0          0   _printf_s.o
        82          0          0          0          0         80   _printf_str.o
        10          0          0          0          0         68   _sputc.o
       158          0          0          0          0         92   _strtoul.o
        46          0          0          0          0         84   aeabi_atexit.o
        26          0          0          0          0         80   atoi.o
        66          0          0          0          0         84   cxa_finalize.o
        10          0          0          0          0         68   defsig_exit.o
        50          0          0          0          0         88   defsig_general.o
        80         58          0          0          0         76   defsig_rtmem_inner.o
        14          0          0          0          0         80   defsig_rtmem_outer.o
        18          0          0          0          0         80   exit.o
        94          0          0          0          0         80   h1_alloc.o
        52          0          0          0          0         68   h1_extend.o
        78          0          0          0          0         80   h1_free.o
        14          0          0          0          0         84   h1_init.o
         6          0          0          0          0        152   heapauxi.o
         4          0          0          0          0        136   hguard.o
         0          0          0          0          0          0   indicate_semi.o
        36         10          0          0          0         80   init_aeabi.o
       138          0          0          0          0        168   init_alloc.o
        44         10        272          0          0         76   lc_ctype_c.o
         2          0          0          0          0          0   libinit.o
        36          0          0          0          0          0   libinit2.o
         2          0          0          0          0          0   libshutdown.o
         8          0          0          0          0          0   libshutdown2.o
         8          4          0          0         96         68   libspace.o
         0          0          0          0          0          0   maybetermalloc1.o
        40          6          0          0          0         84   noretval__2sprintf.o
        16          4          0          0          0         76   rt_ctype_table.o
         8          4          0          0          0         68   rt_ddtor_pointer_addr_intlibspace.o
         8          4          0          0          0         68   rt_errno_addr_intlibspace.o
         8          4          0          0          0         68   rt_heap_descriptor_intlibspace.o
         8          4          0          0          0         68   rt_locale_intlibspace.o
        68          0          0          0          0         68   rt_memclr.o
        78          0          0          0          0         80   rt_memclr_w.o
       138          0          0          0          0         68   rt_memcpy_v6.o
       100          0          0          0          0         80   rt_memcpy_w.o
         2          0          0          0          0          0   rtexit.o
        10          0          0          0          0          0   rtexit2.o
       128          0          0          0          0         68   strcmpv7m.o
        72          0          0          0          0         80   strcpy.o
        62          0          0          0          0         76   strlen.o
       150          0          0          0          0         80   strncmp.o
        86          0          0          0          0         76   strncpy.o
       112          0          0          0          0         88   strtol.o
        12          4          0          0          0         68   sys_exit.o
        74          0          0          0          0         80   sys_stackheap_outer.o
        14          0          0          0          0         76   sys_wrch.o
         2          0          0          0          0         68   use_no_semi.o
        10          0          0          0          0        116   fpinit.o

    ----------------------------------------------------------------------
      3262        146        292          0         96       4156   Library Totals
        18          0          3          0          0          0   (incl. Padding)

    ----------------------------------------------------------------------

      Code (inc. data)   RO Data    RW Data    ZI Data      Debug   Library Name

      3234        146        289          0         96       4040   c_w.l
        10          0          0          0          0        116   fz_wm.l

    ----------------------------------------------------------------------
      3262        146        292          0         96       4156   Library Totals

    ----------------------------------------------------------------------

==============================================================================


      Code (inc. data)   RO Data    RW Data    ZI Data      Debug   

     99374      13290       6982       2520      69920    1717130   Grand Totals
     99374      13290       6982       1000      69920    1717130   ELF Image Totals (compressed)
     99374      13290       6982       1000          0          0   ROM Totals

==============================================================================

    Total RO  Size (Code + RO Data)               106356 ( 103.86kB)
    Total RW  Size (RW Data + ZI Data)             72440 (  70.74kB)
    Total ROM Size (Code + RO Data + RW Data)     107356 ( 104.84kB)

==============================================================================

