<html>
<body>
<pre>
<h1>µVision Build Log</h1>
<h2>Tool Versions:</h2>
IDE-Version: ¦ÌVision V5.20.0.0
Copyright (C) 2016 ARM Ltd and ARM Germany GmbH. All rights reserved.
License Information: lrl Administrator, Ty, LIC=Y2B45-G3Q8Q-E0XN4-FD6L1-NP01L-M0ZCT
 
Tool Versions:
Toolchain:       MDK-ARM Professional  Version: 5.20
Toolchain Path:  d:\Keil_v5\ARM\ARMCC\Bin
C Compiler:      Armcc.exe V5.06 update 2 (build 183)
Assembler:       Armasm.exe V5.06 update 2 (build 183)
Linker/Locator:  ArmLink.exe V5.06 update 2 (build 183)
Library Manager: ArmAr.exe V5.06 update 2 (build 183)
Hex Converter:   FromElf.exe V5.06 update 2 (build 183)
CPU DLL:         SARMCM3.DLL V5.20
Dialog DLL:      DCM.DLL V1.13.7.0
Target DLL:      UL2CM3.DLL V1.157.18.0
Dialog DLL:      TCM.DLL V1.14.9.0
 
<h2>Project:</h2>
D:\work\SC0X_Monitor\project\arm\SC0X.uvprojx
Project File Date:  08/02/2016

<h2>Output:</h2>
*** Using Compiler 'V5.06 update 2 (build 183)', folder: 'd:\Keil_v5\ARM\ARMCC\Bin'
Build target 'SC0X'
compiling appMonitor.cpp...
compiling ScCheck.cpp...
compiling ScManager.cpp...
compiling canApp.cpp...
compiling ScData.cpp...
linking...
Program Size: Code=99374 RO-data=6982 RW-data=2520 ZI-data=69920  
FromELF: creating hex file...
After Build - User command #1: fromelf --bin ..\..\bin\obj\SC0X.axf --output ..\..\bin\obj\SC0X-S-ARM.bin
"..\..\bin\obj\SC0X.axf" - 0 Error(s), 0 Warning(s).

<h2>Collection of Component include folders:</h2>
  D:\work\SC0X_Monitor\project\arm\RTE
  d:\Keil_v5\ARM\PACK\Keil\STM32F4xx_DFP\2.4.0\Drivers\CMSIS\Device\ST\STM32F4xx\Include

<h2>Collection of Component Files used:</h2>
Build Time Elapsed:  00:00:12
</pre>
</body>
</html>
