<!doctype html public "-//w3c//dtd html 4.0 transitional//en">
<html><head>
<title>Static Call Graph - [..\..\bin\obj\SC0X.axf]</title></head>
<body><HR>
<H1>Static Call Graph for image ..\..\bin\obj\SC0X.axf</H1><HR>
<BR><P>#&#060CALLGRAPH&#062# ARM Linker, 5060183: Last Updated: Tue Aug 02 13:55:45 2016
<BR><P>
<H3>Maximum Stack Usage =        648 bytes + Unknown(Functions without stacksize, Cycles, Untraceable Function Pointers)</H3><H3>
Call chain for Maximum Stack Depth:</H3>
finsh_thread_entry &rArr; finsh_run_line &rArr; finsh_parser_run &rArr; proc_variable_decl &rArr; proc_assign_expr &rArr;  proc_assign_expr (Cycle)
<P>
<H3>
Functions with no stack information
</H3><UL>
 <LI><a href="#[142]">__user_initial_stackheap</a>
</UL>
</UL>
<P>
<H3>
Mutually Recursive functions
</H3> <LI><a href="#[1d]">DebugMon_Handler</a>&nbsp;&nbsp;&nbsp;&rArr;&nbsp;&nbsp;&nbsp;<a href="#[1d]">DebugMon_Handler</a><BR>
 <LI><a href="#[32]">ADC_IRQHandler</a>&nbsp;&nbsp;&nbsp;&rArr;&nbsp;&nbsp;&nbsp;<a href="#[32]">ADC_IRQHandler</a><BR>
 <LI><a href="#[157]">rt_assert_handler</a>&nbsp;&nbsp;&nbsp;&rArr;&nbsp;&nbsp;&nbsp;<a href="#[248]">rt_kprintf</a><BR>
 <LI><a href="#[29c]">finsh_type_check</a>&nbsp;&nbsp;&nbsp;&rArr;&nbsp;&nbsp;&nbsp;<a href="#[29c]">finsh_type_check</a><BR>
 <LI><a href="#[299]">finsh_compile</a>&nbsp;&nbsp;&nbsp;&rArr;&nbsp;&nbsp;&nbsp;<a href="#[299]">finsh_compile</a><BR>
 <LI><a href="#[30e]">proc_expr</a>&nbsp;&nbsp;&nbsp;&rArr;&nbsp;&nbsp;&nbsp;<a href="#[308]">proc_assign_expr</a><BR>
 <LI><a href="#[310]">proc_param_list</a>&nbsp;&nbsp;&nbsp;&rArr;&nbsp;&nbsp;&nbsp;<a href="#[308]">proc_assign_expr</a><BR>
 <LI><a href="#[30c]">proc_unary_expr</a>&nbsp;&nbsp;&nbsp;&rArr;&nbsp;&nbsp;&nbsp;<a href="#[30a]">proc_cast_expr</a><BR>
 <LI><a href="#[30a]">proc_cast_expr</a>&nbsp;&nbsp;&nbsp;&rArr;&nbsp;&nbsp;&nbsp;<a href="#[30a]">proc_cast_expr</a><BR>
 <LI><a href="#[308]">proc_assign_expr</a>&nbsp;&nbsp;&nbsp;&rArr;&nbsp;&nbsp;&nbsp;<a href="#[308]">proc_assign_expr</a><BR>
</UL>
<P>
<H3>
Function Pointers
</H3><UL>
 <LI><a href="#[32]">ADC_IRQHandler</a> from startup_stm32f40xx.o(.text) referenced from startup_stm32f40xx.o(RESET)
 <LI><a href="#[82]">AT45DB_flash_close</a> from spi_flash_at45dbxx.o(i.AT45DB_flash_close) referenced from spi_flash_at45dbxx.o(i.at45dbxx_init)
 <LI><a href="#[83]">AT45DB_flash_control</a> from spi_flash_at45dbxx.o(i.AT45DB_flash_control) referenced from spi_flash_at45dbxx.o(i.at45dbxx_init)
 <LI><a href="#[80]">AT45DB_flash_init</a> from spi_flash_at45dbxx.o(i.AT45DB_flash_init) referenced from spi_flash_at45dbxx.o(i.at45dbxx_init)
 <LI><a href="#[81]">AT45DB_flash_open</a> from spi_flash_at45dbxx.o(i.AT45DB_flash_open) referenced from spi_flash_at45dbxx.o(i.at45dbxx_init)
 <LI><a href="#[84]">AT45DB_flash_read_page_1024</a> from spi_flash_at45dbxx.o(i.AT45DB_flash_read_page_1024) referenced from spi_flash_at45dbxx.o(i.at45dbxx_init)
 <LI><a href="#[88]">AT45DB_flash_read_page_256</a> from spi_flash_at45dbxx.o(i.AT45DB_flash_read_page_256) referenced from spi_flash_at45dbxx.o(i.at45dbxx_init)
 <LI><a href="#[86]">AT45DB_flash_read_page_512</a> from spi_flash_at45dbxx.o(i.AT45DB_flash_read_page_512) referenced from spi_flash_at45dbxx.o(i.at45dbxx_init)
 <LI><a href="#[85]">AT45DB_flash_write_page_1024</a> from spi_flash_at45dbxx.o(i.AT45DB_flash_write_page_1024) referenced from spi_flash_at45dbxx.o(i.at45dbxx_init)
 <LI><a href="#[89]">AT45DB_flash_write_page_256</a> from spi_flash_at45dbxx.o(i.AT45DB_flash_write_page_256) referenced from spi_flash_at45dbxx.o(i.at45dbxx_init)
 <LI><a href="#[87]">AT45DB_flash_write_page_512</a> from spi_flash_at45dbxx.o(i.AT45DB_flash_write_page_512) referenced from spi_flash_at45dbxx.o(i.at45dbxx_init)
 <LI><a href="#[1a]">BusFault_Handler</a> from stm32f4xx_it.o(i.BusFault_Handler) referenced from startup_stm32f40xx.o(RESET)
 <LI><a href="#[34]">CAN1_RX0_IRQHandler</a> from can.o(i.CAN1_RX0_IRQHandler) referenced from startup_stm32f40xx.o(RESET)
 <LI><a href="#[35]">CAN1_RX1_IRQHandler</a> from startup_stm32f40xx.o(.text) referenced from startup_stm32f40xx.o(RESET)
 <LI><a href="#[36]">CAN1_SCE_IRQHandler</a> from startup_stm32f40xx.o(.text) referenced from startup_stm32f40xx.o(RESET)
 <LI><a href="#[33]">CAN1_TX_IRQHandler</a> from startup_stm32f40xx.o(.text) referenced from startup_stm32f40xx.o(RESET)
 <LI><a href="#[60]">CAN2_RX0_IRQHandler</a> from can.o(i.CAN2_RX0_IRQHandler) referenced from startup_stm32f40xx.o(RESET)
 <LI><a href="#[61]">CAN2_RX1_IRQHandler</a> from startup_stm32f40xx.o(.text) referenced from startup_stm32f40xx.o(RESET)
 <LI><a href="#[62]">CAN2_SCE_IRQHandler</a> from startup_stm32f40xx.o(.text) referenced from startup_stm32f40xx.o(RESET)
 <LI><a href="#[5f]">CAN2_TX_IRQHandler</a> from startup_stm32f40xx.o(.text) referenced from startup_stm32f40xx.o(RESET)
 <LI><a href="#[6f]">CRYP_IRQHandler</a> from startup_stm32f40xx.o(.text) referenced from startup_stm32f40xx.o(RESET)
 <LI><a href="#[6e]">DCMI_IRQHandler</a> from startup_stm32f40xx.o(.text) referenced from startup_stm32f40xx.o(RESET)
 <LI><a href="#[2b]">DMA1_Stream0_IRQHandler</a> from startup_stm32f40xx.o(.text) referenced from startup_stm32f40xx.o(RESET)
 <LI><a href="#[2c]">DMA1_Stream1_IRQHandler</a> from startup_stm32f40xx.o(.text) referenced from startup_stm32f40xx.o(RESET)
 <LI><a href="#[2d]">DMA1_Stream2_IRQHandler</a> from startup_stm32f40xx.o(.text) referenced from startup_stm32f40xx.o(RESET)
 <LI><a href="#[2e]">DMA1_Stream3_IRQHandler</a> from startup_stm32f40xx.o(.text) referenced from startup_stm32f40xx.o(RESET)
 <LI><a href="#[2f]">DMA1_Stream4_IRQHandler</a> from startup_stm32f40xx.o(.text) referenced from startup_stm32f40xx.o(RESET)
 <LI><a href="#[30]">DMA1_Stream5_IRQHandler</a> from startup_stm32f40xx.o(.text) referenced from startup_stm32f40xx.o(RESET)
 <LI><a href="#[31]">DMA1_Stream6_IRQHandler</a> from startup_stm32f40xx.o(.text) referenced from startup_stm32f40xx.o(RESET)
 <LI><a href="#[4f]">DMA1_Stream7_IRQHandler</a> from startup_stm32f40xx.o(.text) referenced from startup_stm32f40xx.o(RESET)
 <LI><a href="#[58]">DMA2_Stream0_IRQHandler</a> from startup_stm32f40xx.o(.text) referenced from startup_stm32f40xx.o(RESET)
 <LI><a href="#[59]">DMA2_Stream1_IRQHandler</a> from startup_stm32f40xx.o(.text) referenced from startup_stm32f40xx.o(RESET)
 <LI><a href="#[5a]">DMA2_Stream2_IRQHandler</a> from startup_stm32f40xx.o(.text) referenced from startup_stm32f40xx.o(RESET)
 <LI><a href="#[5b]">DMA2_Stream3_IRQHandler</a> from startup_stm32f40xx.o(.text) referenced from startup_stm32f40xx.o(RESET)
 <LI><a href="#[5c]">DMA2_Stream4_IRQHandler</a> from startup_stm32f40xx.o(.text) referenced from startup_stm32f40xx.o(RESET)
 <LI><a href="#[64]">DMA2_Stream5_IRQHandler</a> from startup_stm32f40xx.o(.text) referenced from startup_stm32f40xx.o(RESET)
 <LI><a href="#[65]">DMA2_Stream6_IRQHandler</a> from startup_stm32f40xx.o(.text) referenced from startup_stm32f40xx.o(RESET)
 <LI><a href="#[66]">DMA2_Stream7_IRQHandler</a> from startup_stm32f40xx.o(.text) referenced from startup_stm32f40xx.o(RESET)
 <LI><a href="#[1d]">DebugMon_Handler</a> from startup_stm32f40xx.o(.text) referenced from startup_stm32f40xx.o(RESET)
 <LI><a href="#[5d]">ETH_IRQHandler</a> from startup_stm32f40xx.o(.text) referenced from startup_stm32f40xx.o(RESET)
 <LI><a href="#[5e]">ETH_WKUP_IRQHandler</a> from startup_stm32f40xx.o(.text) referenced from startup_stm32f40xx.o(RESET)
 <LI><a href="#[26]">EXTI0_IRQHandler</a> from startup_stm32f40xx.o(.text) referenced from startup_stm32f40xx.o(RESET)
 <LI><a href="#[48]">EXTI15_10_IRQHandler</a> from startup_stm32f40xx.o(.text) referenced from startup_stm32f40xx.o(RESET)
 <LI><a href="#[27]">EXTI1_IRQHandler</a> from startup_stm32f40xx.o(.text) referenced from startup_stm32f40xx.o(RESET)
 <LI><a href="#[28]">EXTI2_IRQHandler</a> from startup_stm32f40xx.o(.text) referenced from startup_stm32f40xx.o(RESET)
 <LI><a href="#[29]">EXTI3_IRQHandler</a> from startup_stm32f40xx.o(.text) referenced from startup_stm32f40xx.o(RESET)
 <LI><a href="#[2a]">EXTI4_IRQHandler</a> from startup_stm32f40xx.o(.text) referenced from startup_stm32f40xx.o(RESET)
 <LI><a href="#[37]">EXTI9_5_IRQHandler</a> from startup_stm32f40xx.o(.text) referenced from startup_stm32f40xx.o(RESET)
 <LI><a href="#[24]">FLASH_IRQHandler</a> from startup_stm32f40xx.o(.text) referenced from startup_stm32f40xx.o(RESET)
 <LI><a href="#[71]">FPU_IRQHandler</a> from startup_stm32f40xx.o(.text) referenced from startup_stm32f40xx.o(RESET)
 <LI><a href="#[50]">FSMC_IRQHandler</a> from startup_stm32f40xx.o(.text) referenced from startup_stm32f40xx.o(RESET)
 <LI><a href="#[70]">HASH_RNG_IRQHandler</a> from startup_stm32f40xx.o(.text) referenced from startup_stm32f40xx.o(RESET)
 <LI><a href="#[18]">HardFault_Handler</a> from context_rvds.o(.text) referenced from startup_stm32f40xx.o(RESET)
 <LI><a href="#[40]">I2C1_ER_IRQHandler</a> from startup_stm32f40xx.o(.text) referenced from startup_stm32f40xx.o(RESET)
 <LI><a href="#[3f]">I2C1_EV_IRQHandler</a> from startup_stm32f40xx.o(.text) referenced from startup_stm32f40xx.o(RESET)
 <LI><a href="#[42]">I2C2_ER_IRQHandler</a> from startup_stm32f40xx.o(.text) referenced from startup_stm32f40xx.o(RESET)
 <LI><a href="#[41]">I2C2_EV_IRQHandler</a> from startup_stm32f40xx.o(.text) referenced from startup_stm32f40xx.o(RESET)
 <LI><a href="#[69]">I2C3_ER_IRQHandler</a> from startup_stm32f40xx.o(.text) referenced from startup_stm32f40xx.o(RESET)
 <LI><a href="#[68]">I2C3_EV_IRQHandler</a> from startup_stm32f40xx.o(.text) referenced from startup_stm32f40xx.o(RESET)
 <LI><a href="#[19]">MemManage_Handler</a> from stm32f4xx_it.o(i.MemManage_Handler) referenced from startup_stm32f40xx.o(RESET)
 <LI><a href="#[78]">ModbusMasterTask</a> from bsp_mb_task.o(i.ModbusMasterTask) referenced from bsp_mb_task.o(i.Task_MBSlave_create)
 <LI><a href="#[17]">NMI_Handler</a> from stm32f4xx_it.o(i.NMI_Handler) referenced from startup_stm32f40xx.o(RESET)
 <LI><a href="#[b9]">OP_add_byte</a> from finsh_ops.o(i.OP_add_byte) referenced from finsh_ops.o(.constdata)
 <LI><a href="#[bb]">OP_add_dword</a> from finsh_ops.o(i.OP_add_dword) referenced from finsh_ops.o(.constdata)
 <LI><a href="#[ba]">OP_add_word</a> from finsh_ops.o(i.OP_add_word) referenced from finsh_ops.o(.constdata)
 <LI><a href="#[c8]">OP_and_byte</a> from finsh_ops.o(i.OP_and_byte) referenced from finsh_ops.o(.constdata)
 <LI><a href="#[ca]">OP_and_dword</a> from finsh_ops.o(i.OP_and_dword) referenced from finsh_ops.o(.constdata)
 <LI><a href="#[c9]">OP_and_word</a> from finsh_ops.o(i.OP_and_word) referenced from finsh_ops.o(.constdata)
 <LI><a href="#[d1]">OP_bw_byte</a> from finsh_ops.o(i.OP_bw_byte) referenced from finsh_ops.o(.constdata)
 <LI><a href="#[d3]">OP_bw_dword</a> from finsh_ops.o(i.OP_bw_dword) referenced from finsh_ops.o(.constdata)
 <LI><a href="#[d2]">OP_bw_word</a> from finsh_ops.o(i.OP_bw_word) referenced from finsh_ops.o(.constdata)
 <LI><a href="#[e4]">OP_call</a> from finsh_ops.o(i.OP_call) referenced from finsh_ops.o(.constdata)
 <LI><a href="#[bf]">OP_div_byte</a> from finsh_ops.o(i.OP_div_byte) referenced from finsh_ops.o(.constdata)
 <LI><a href="#[c1]">OP_div_dword</a> from finsh_ops.o(i.OP_div_dword) referenced from finsh_ops.o(.constdata)
 <LI><a href="#[c0]">OP_div_word</a> from finsh_ops.o(i.OP_div_word) referenced from finsh_ops.o(.constdata)
 <LI><a href="#[da]">OP_ld_byte</a> from finsh_ops.o(i.OP_ld_byte) referenced from finsh_ops.o(.constdata)
 <LI><a href="#[dc]">OP_ld_dword</a> from finsh_ops.o(i.OP_ld_dword) referenced from finsh_ops.o(.constdata)
 <LI><a href="#[dd]">OP_ld_value_byte</a> from finsh_ops.o(i.OP_ld_value_byte) referenced from finsh_ops.o(.constdata)
 <LI><a href="#[e5]">OP_ld_value_byte_stack</a> from finsh_ops.o(i.OP_ld_value_byte_stack) referenced from finsh_ops.o(.constdata)
 <LI><a href="#[df]">OP_ld_value_dword</a> from finsh_ops.o(i.OP_ld_value_dword) referenced from finsh_ops.o(.constdata)
 <LI><a href="#[e7]">OP_ld_value_dword_stack</a> from finsh_ops.o(i.OP_ld_value_dword_stack) referenced from finsh_ops.o(.constdata)
 <LI><a href="#[de]">OP_ld_value_word</a> from finsh_ops.o(i.OP_ld_value_word) referenced from finsh_ops.o(.constdata)
 <LI><a href="#[e6]">OP_ld_value_word_stack</a> from finsh_ops.o(i.OP_ld_value_word_stack) referenced from finsh_ops.o(.constdata)
 <LI><a href="#[db]">OP_ld_word</a> from finsh_ops.o(i.OP_ld_word) referenced from finsh_ops.o(.constdata)
 <LI><a href="#[c2]">OP_mod_byte</a> from finsh_ops.o(i.OP_mod_byte) referenced from finsh_ops.o(.constdata)
 <LI><a href="#[c4]">OP_mod_dword</a> from finsh_ops.o(i.OP_mod_dword) referenced from finsh_ops.o(.constdata)
 <LI><a href="#[c3]">OP_mod_word</a> from finsh_ops.o(i.OP_mod_word) referenced from finsh_ops.o(.constdata)
 <LI><a href="#[c5]">OP_mul_byte</a> from finsh_ops.o(i.OP_mul_byte) referenced from finsh_ops.o(.constdata)
 <LI><a href="#[c7]">OP_mul_dword</a> from finsh_ops.o(i.OP_mul_dword) referenced from finsh_ops.o(.constdata)
 <LI><a href="#[c6]">OP_mul_word</a> from finsh_ops.o(i.OP_mul_word) referenced from finsh_ops.o(.constdata)
 <LI><a href="#[b8]">OP_no_op</a> from finsh_ops.o(i.OP_no_op) referenced from finsh_ops.o(.constdata)
 <LI><a href="#[cb]">OP_or_byte</a> from finsh_ops.o(i.OP_or_byte) referenced from finsh_ops.o(.constdata)
 <LI><a href="#[cd]">OP_or_dword</a> from finsh_ops.o(i.OP_or_dword) referenced from finsh_ops.o(.constdata)
 <LI><a href="#[cc]">OP_or_word</a> from finsh_ops.o(i.OP_or_word) referenced from finsh_ops.o(.constdata)
 <LI><a href="#[e3]">OP_pop</a> from finsh_ops.o(i.OP_pop) referenced from finsh_ops.o(.constdata)
 <LI><a href="#[d4]">OP_shl_byte</a> from finsh_ops.o(i.OP_shl_byte) referenced from finsh_ops.o(.constdata)
 <LI><a href="#[d6]">OP_shl_dword</a> from finsh_ops.o(i.OP_shl_dword) referenced from finsh_ops.o(.constdata)
 <LI><a href="#[d5]">OP_shl_word</a> from finsh_ops.o(i.OP_shl_word) referenced from finsh_ops.o(.constdata)
 <LI><a href="#[d7]">OP_shr_byte</a> from finsh_ops.o(i.OP_shr_byte) referenced from finsh_ops.o(.constdata)
 <LI><a href="#[d9]">OP_shr_dword</a> from finsh_ops.o(i.OP_shr_dword) referenced from finsh_ops.o(.constdata)
 <LI><a href="#[d8]">OP_shr_word</a> from finsh_ops.o(i.OP_shr_word) referenced from finsh_ops.o(.constdata)
 <LI><a href="#[e0]">OP_st_byte</a> from finsh_ops.o(i.OP_st_byte) referenced from finsh_ops.o(.constdata)
 <LI><a href="#[e2]">OP_st_dword</a> from finsh_ops.o(i.OP_st_dword) referenced from finsh_ops.o(.constdata)
 <LI><a href="#[e1]">OP_st_word</a> from finsh_ops.o(i.OP_st_word) referenced from finsh_ops.o(.constdata)
 <LI><a href="#[bc]">OP_sub_byte</a> from finsh_ops.o(i.OP_sub_byte) referenced from finsh_ops.o(.constdata)
 <LI><a href="#[be]">OP_sub_dword</a> from finsh_ops.o(i.OP_sub_dword) referenced from finsh_ops.o(.constdata)
 <LI><a href="#[bd]">OP_sub_word</a> from finsh_ops.o(i.OP_sub_word) referenced from finsh_ops.o(.constdata)
 <LI><a href="#[ce]">OP_xor_byte</a> from finsh_ops.o(i.OP_xor_byte) referenced from finsh_ops.o(.constdata)
 <LI><a href="#[d0]">OP_xor_dword</a> from finsh_ops.o(i.OP_xor_dword) referenced from finsh_ops.o(.constdata)
 <LI><a href="#[cf]">OP_xor_word</a> from finsh_ops.o(i.OP_xor_word) referenced from finsh_ops.o(.constdata)
 <LI><a href="#[63]">OTG_FS_IRQHandler</a> from startup_stm32f40xx.o(.text) referenced from startup_stm32f40xx.o(RESET)
 <LI><a href="#[4a]">OTG_FS_WKUP_IRQHandler</a> from startup_stm32f40xx.o(.text) referenced from startup_stm32f40xx.o(RESET)
 <LI><a href="#[6b]">OTG_HS_EP1_IN_IRQHandler</a> from startup_stm32f40xx.o(.text) referenced from startup_stm32f40xx.o(RESET)
 <LI><a href="#[6a]">OTG_HS_EP1_OUT_IRQHandler</a> from startup_stm32f40xx.o(.text) referenced from startup_stm32f40xx.o(RESET)
 <LI><a href="#[6d]">OTG_HS_IRQHandler</a> from startup_stm32f40xx.o(.text) referenced from startup_stm32f40xx.o(RESET)
 <LI><a href="#[6c]">OTG_HS_WKUP_IRQHandler</a> from startup_stm32f40xx.o(.text) referenced from startup_stm32f40xx.o(RESET)
 <LI><a href="#[21]">PVD_IRQHandler</a> from startup_stm32f40xx.o(.text) referenced from startup_stm32f40xx.o(RESET)
 <LI><a href="#[1e]">PendSV_Handler</a> from context_rvds.o(.text) referenced from startup_stm32f40xx.o(RESET)
 <LI><a href="#[25]">RCC_IRQHandler</a> from startup_stm32f40xx.o(.text) referenced from startup_stm32f40xx.o(RESET)
 <LI><a href="#[49]">RTC_Alarm_IRQHandler</a> from startup_stm32f40xx.o(.text) referenced from startup_stm32f40xx.o(RESET)
 <LI><a href="#[23]">RTC_WKUP_IRQHandler</a> from startup_stm32f40xx.o(.text) referenced from startup_stm32f40xx.o(RESET)
 <LI><a href="#[16]">Reset_Handler</a> from startup_stm32f40xx.o(.text) referenced from startup_stm32f40xx.o(RESET)
 <LI><a href="#[51]">SDIO_IRQHandler</a> from startup_stm32f40xx.o(.text) referenced from startup_stm32f40xx.o(RESET)
 <LI><a href="#[43]">SPI1_IRQHandler</a> from startup_stm32f40xx.o(.text) referenced from startup_stm32f40xx.o(RESET)
 <LI><a href="#[44]">SPI2_IRQHandler</a> from startup_stm32f40xx.o(.text) referenced from startup_stm32f40xx.o(RESET)
 <LI><a href="#[53]">SPI3_IRQHandler</a> from startup_stm32f40xx.o(.text) referenced from startup_stm32f40xx.o(RESET)
 <LI><a href="#[1c]">SVC_Handler</a> from stm32f4xx_it.o(i.SVC_Handler) referenced from startup_stm32f40xx.o(RESET)
 <LI><a href="#[1f]">SysTick_Handler</a> from board.o(i.SysTick_Handler) referenced from startup_stm32f40xx.o(RESET)
 <LI><a href="#[72]">SystemInit</a> from system_stm32f4xx.o(i.SystemInit) referenced from startup_stm32f40xx.o(.text)
 <LI><a href="#[22]">TAMP_STAMP_IRQHandler</a> from startup_stm32f40xx.o(.text) referenced from startup_stm32f40xx.o(RESET)
 <LI><a href="#[38]">TIM1_BRK_TIM9_IRQHandler</a> from startup_stm32f40xx.o(.text) referenced from startup_stm32f40xx.o(RESET)
 <LI><a href="#[3b]">TIM1_CC_IRQHandler</a> from startup_stm32f40xx.o(.text) referenced from startup_stm32f40xx.o(RESET)
 <LI><a href="#[3a]">TIM1_TRG_COM_TIM11_IRQHandler</a> from startup_stm32f40xx.o(.text) referenced from startup_stm32f40xx.o(RESET)
 <LI><a href="#[39]">TIM1_UP_TIM10_IRQHandler</a> from startup_stm32f40xx.o(.text) referenced from startup_stm32f40xx.o(RESET)
 <LI><a href="#[3c]">TIM2_IRQHandler</a> from startup_stm32f40xx.o(.text) referenced from startup_stm32f40xx.o(RESET)
 <LI><a href="#[3d]">TIM3_IRQHandler</a> from startup_stm32f40xx.o(.text) referenced from startup_stm32f40xx.o(RESET)
 <LI><a href="#[3e]">TIM4_IRQHandler</a> from bsp_systimer.o(i.TIM4_IRQHandler) referenced from startup_stm32f40xx.o(RESET)
 <LI><a href="#[52]">TIM5_IRQHandler</a> from startup_stm32f40xx.o(.text) referenced from startup_stm32f40xx.o(RESET)
 <LI><a href="#[56]">TIM6_DAC_IRQHandler</a> from startup_stm32f40xx.o(.text) referenced from startup_stm32f40xx.o(RESET)
 <LI><a href="#[57]">TIM7_IRQHandler</a> from usart.o(i.TIM7_IRQHandler) referenced from startup_stm32f40xx.o(RESET)
 <LI><a href="#[4b]">TIM8_BRK_TIM12_IRQHandler</a> from startup_stm32f40xx.o(.text) referenced from startup_stm32f40xx.o(RESET)
 <LI><a href="#[4e]">TIM8_CC_IRQHandler</a> from startup_stm32f40xx.o(.text) referenced from startup_stm32f40xx.o(RESET)
 <LI><a href="#[4d]">TIM8_TRG_COM_TIM14_IRQHandler</a> from startup_stm32f40xx.o(.text) referenced from startup_stm32f40xx.o(RESET)
 <LI><a href="#[4c]">TIM8_UP_TIM13_IRQHandler</a> from startup_stm32f40xx.o(.text) referenced from startup_stm32f40xx.o(RESET)
 <LI><a href="#[54]">UART4_IRQHandler</a> from startup_stm32f40xx.o(.text) referenced from startup_stm32f40xx.o(RESET)
 <LI><a href="#[55]">UART5_IRQHandler</a> from startup_stm32f40xx.o(.text) referenced from startup_stm32f40xx.o(RESET)
 <LI><a href="#[45]">USART1_IRQHandler</a> from usart.o(i.$Sub$$USART1_IRQHandler) referenced from startup_stm32f40xx.o(RESET)
 <LI><a href="#[46]">USART2_IRQHandler</a> from startup_stm32f40xx.o(.text) referenced from startup_stm32f40xx.o(RESET)
 <LI><a href="#[47]">USART3_IRQHandler</a> from startup_stm32f40xx.o(.text) referenced from startup_stm32f40xx.o(RESET)
 <LI><a href="#[67]">USART6_IRQHandler</a> from startup_stm32f40xx.o(.text) referenced from startup_stm32f40xx.o(RESET)
 <LI><a href="#[1b]">UsageFault_Handler</a> from stm32f4xx_it.o(i.UsageFault_Handler) referenced from startup_stm32f40xx.o(RESET)
 <LI><a href="#[20]">WWDG_IRQHandler</a> from startup_stm32f40xx.o(.text) referenced from startup_stm32f40xx.o(RESET)
 <LI><a href="#[e8]">ITransducer::Update()</a> from sc.o(i._ZN11ITransducer6UpdateEv) referenced from sc.o(.constdata__ZTV11ITransducer)
 <LI><a href="#[ea]">DCTransducer::GetRealValue()</a> from dctransducer.o(i._ZN12DCTransducer12GetRealValueEv) referenced from dctransducer.o(.constdata__ZTV12DCTransducer)
 <LI><a href="#[e9]">DCTransducer::Update()</a> from dctransducer.o(i._ZN12DCTransducer6UpdateEv) referenced from dctransducer.o(.constdata__ZTV12DCTransducer)
 <LI><a href="#[ec]">IOTransducer::GetRealValue()</a> from iotransducer.o(i._ZN12IOTransducer12GetRealValueEv) referenced from iotransducer.o(.constdata__ZTV12IOTransducer)
 <LI><a href="#[ec]">IOTransducer::GetRealValue()</a> from iotransducer.o(i._ZN12IOTransducer12GetRealValueEv) referenced from sc.o(.constdata__ZTV9Contactor)
 <LI><a href="#[eb]">IOTransducer::Update()</a> from iotransducer.o(i._ZN12IOTransducer6UpdateEv) referenced from iotransducer.o(.constdata__ZTV12IOTransducer)
 <LI><a href="#[eb]">IOTransducer::Update()</a> from iotransducer.o(i._ZN12IOTransducer6UpdateEv) referenced from sc.o(.constdata__ZTV9Contactor)
 <LI><a href="#[ee]">PT100::GetRealValue()</a> from pt100.o(i._ZN5PT10012GetRealValueEv) referenced from pt100.o(.constdata__ZTV5PT100)
 <LI><a href="#[ed]">PT100::Update()</a> from pt100.o(i._ZN5PT1006UpdateEv) referenced from pt100.o(.constdata__ZTV5PT100)
 <LI><a href="#[7c]">Relay::~Relay()</a> from scmanager.o(i._ZN5RelayD1Ev) referenced from scmanager.o(i.__sti___13_ScManager_cpp_sc)
 <LI><a href="#[79]">CanApp::MsgRx_Deal(_Can_Rx_Ram_*, EXTID_UTYP*, unsigned char)</a> from canapp.o(i._ZN6CanApp10MsgRx_DealEP12_Can_Rx_Ram_P10EXTID_UTYPh) referenced from canapp.o(i.__sti___10_canApp_cpp_2475d480)
 <LI><a href="#[ef]">Failure::Encounter()</a> from failure.o(i._ZN7Failure9EncounterEv) referenced from failure.o(.constdata__ZTV7Failure)
 <LI><a href="#[ef]">Failure::Encounter()</a> from failure.o(i._ZN7Failure9EncounterEv) referenced from sccheck.o(.constdata__ZTV9ScFailure)
 <LI><a href="#[7a]">ScFailure::~ScFailure()</a> from sccheck.o(i._ZN9ScFailureD1Ev) referenced 2 times from sccheck.o(i.__sti___11_ScCheck_cpp_0888d88c)
 <LI><a href="#[7b]">ScManager::~ScManager()</a> from scmanager.o(i._ZN9ScManagerD1Ev) referenced from scmanager.o(i.__sti___13_ScManager_cpp_sc)
 <LI><a href="#[102]">__main</a> from __main.o(!!!main) referenced from startup_stm32f40xx.o(.text)
 <LI><a href="#[101]">__sti___10_canApp_cpp_2475d480</a> from canapp.o(i.__sti___10_canApp_cpp_2475d480) referenced from canapp.o(.init_array)
 <LI><a href="#[100]">__sti___11_ScCheck_cpp_0888d88c</a> from sccheck.o(i.__sti___11_ScCheck_cpp_0888d88c) referenced from sccheck.o(.init_array)
 <LI><a href="#[ff]">__sti___13_ScManager_cpp_sc</a> from scmanager.o(i.__sti___13_ScManager_cpp_sc) referenced from scmanager.o(.init_array)
 <LI><a href="#[76]">_get_lc_ctype</a> from lc_ctype_c.o(locale$$code) referenced from rt_ctype_table.o(.text)
 <LI><a href="#[75]">_printf_input_char</a> from _printf_char_common.o(.text) referenced from _printf_char_common.o(.text)
 <LI><a href="#[ab]">_spi_bus_device_control</a> from spi_dev.o(i._spi_bus_device_control) referenced from spi_dev.o(i.rt_spi_bus_device_init)
 <LI><a href="#[a9]">_spi_bus_device_read</a> from spi_dev.o(i._spi_bus_device_read) referenced from spi_dev.o(i.rt_spi_bus_device_init)
 <LI><a href="#[aa]">_spi_bus_device_write</a> from spi_dev.o(i._spi_bus_device_write) referenced from spi_dev.o(i.rt_spi_bus_device_init)
 <LI><a href="#[ae]">_spidev_device_control</a> from spi_dev.o(i._spidev_device_control) referenced from spi_dev.o(i.rt_spidev_device_init)
 <LI><a href="#[ac]">_spidev_device_read</a> from spi_dev.o(i._spidev_device_read) referenced from spi_dev.o(i.rt_spidev_device_init)
 <LI><a href="#[ad]">_spidev_device_write</a> from spi_dev.o(i._spidev_device_write) referenced from spi_dev.o(i.rt_spidev_device_init)
 <LI><a href="#[74]">_sputc</a> from _sputc.o(.text) referenced from noretval__2sprintf.o(.text)
 <LI><a href="#[b0]">call_back</a> from serial_comm_util.o(i.call_back) referenced from serial_comm_util.o(i.serial_comm_init)
 <LI><a href="#[8b]">can1_rx_thread_entry</a> from cantask.o(i.can1_rx_thread_entry) referenced from cantask.o(i.can_rx_thread_init)
 <LI><a href="#[8c]">can2_rx_thread_entry</a> from cantask.o(i.can2_rx_thread_entry) referenced from cantask.o(i.can_rx_thread_init)
 <LI><a href="#[8e]">can_thread_entry</a> from cantask.o(i.can_thread_entry) referenced from cantask.o(i.can_thread_init)
 <LI><a href="#[8d]">can_tx_services_entry</a> from can.o(i.can_tx_services_entry) referenced from can.o(i.can_services_init)
 <LI><a href="#[8a]">check_file_call_back</a> from serial_comm_util.o(i.check_file_call_back) referenced from serial_comm_util.o(i.call_back)
 <LI><a href="#[a]">configure</a> from stm32f20x_40x_spi.o(i.configure) referenced 2 times from stm32f20x_40x_spi.o(.data)
 <LI><a href="#[12]">eMBFuncReadCoils</a> from mbfunccoils.o(i.eMBFuncReadCoils) referenced 2 times from mb.o(.data)
 <LI><a href="#[15]">eMBFuncReadDiscreteInputs</a> from mbfuncdisc.o(i.eMBFuncReadDiscreteInputs) referenced 2 times from mb.o(.data)
 <LI><a href="#[e]">eMBFuncReadHoldingRegister</a> from mbfuncholding.o(i.eMBFuncReadHoldingRegister) referenced 2 times from mb.o(.data)
 <LI><a href="#[d]">eMBFuncReadInputRegister</a> from mbfuncinput.o(i.eMBFuncReadInputRegister) referenced 2 times from mb.o(.data)
 <LI><a href="#[11]">eMBFuncReadWriteMultipleHoldingRegister</a> from mbfuncholding.o(i.eMBFuncReadWriteMultipleHoldingRegister) referenced 2 times from mb.o(.data)
 <LI><a href="#[c]">eMBFuncReportSlaveID</a> from mbfuncother.o(i.eMBFuncReportSlaveID) referenced 2 times from mb.o(.data)
 <LI><a href="#[13]">eMBFuncWriteCoil</a> from mbfunccoils.o(i.eMBFuncWriteCoil) referenced 2 times from mb.o(.data)
 <LI><a href="#[10]">eMBFuncWriteHoldingRegister</a> from mbfuncholding.o(i.eMBFuncWriteHoldingRegister) referenced 2 times from mb.o(.data)
 <LI><a href="#[14]">eMBFuncWriteMultipleCoils</a> from mbfunccoils.o(i.eMBFuncWriteMultipleCoils) referenced 2 times from mb.o(.data)
 <LI><a href="#[f]">eMBFuncWriteMultipleHoldingRegister</a> from mbfuncholding.o(i.eMBFuncWriteMultipleHoldingRegister) referenced 2 times from mb.o(.data)
 <LI><a href="#[94]">eMBRTUReceive</a> from mbrtu.o(i.eMBRTUReceive) referenced from mb.o(i.eMBInit)
 <LI><a href="#[93]">eMBRTUSend</a> from mbrtu.o(i.eMBRTUSend) referenced from mb.o(i.eMBInit)
 <LI><a href="#[91]">eMBRTUStart</a> from mbrtu.o(i.eMBRTUStart) referenced from mb.o(i.eMBInit)
 <LI><a href="#[92]">eMBRTUStop</a> from mbrtu.o(i.eMBRTUStop) referenced from mb.o(i.eMBInit)
 <LI><a href="#[b1]">except</a> from serial_comm_util.o(i.except) referenced from serial_comm_util.o(i.serial_comm_init)
 <LI><a href="#[98]">finsh_rx_ind</a> from shell.o(i.finsh_rx_ind) referenced from shell.o(i.finsh_set_device)
 <LI><a href="#[98]">finsh_rx_ind</a> from shell.o(i.finsh_rx_ind) referenced from shell.o(i.finsh_thread_entry)
 <LI><a href="#[99]">finsh_thread_entry</a> from shell.o(i.finsh_thread_entry) referenced from shell.o(i.finsh_system_init)
 <LI><a href="#[9d]">flash_storage_control</a> from flash_storage_at45dbxx.o(i.flash_storage_control) referenced from flash_storage_at45dbxx.o(i.flash_storage_init)
 <LI><a href="#[9a]">flash_storage_entry</a> from flash_storage_at45dbxx.o(i.flash_storage_entry) referenced from flash_storage_at45dbxx.o(i.flash_storage_init)
 <LI><a href="#[9b]">flash_storage_read</a> from flash_storage_at45dbxx.o(i.flash_storage_read) referenced from flash_storage_at45dbxx.o(i.flash_storage_init)
 <LI><a href="#[9c]">flash_storage_write</a> from flash_storage_at45dbxx.o(i.flash_storage_write) referenced from flash_storage_at45dbxx.o(i.flash_storage_init)
 <LI><a href="#[f0]">full_version</a> from serial_comm_util.o(i.full_version) referenced from serial_comm_util.o(FSymTab)
 <LI><a href="#[a0]">get_output_data</a> from serial_protocol.o(i.get_output_data) referenced from serial_protocol.o(i.init_serial_protocol)
 <LI><a href="#[f3]">hello</a> from cmd.o(i.hello) referenced from cmd.o(FSymTab)
 <LI><a href="#[9e]">iap_service_thread_entry</a> from iap_service.o(i.iap_service_thread_entry) referenced from iap_service.o(i.iap_service_init)
 <LI><a href="#[fe]">list</a> from cmd.o(i.list) referenced from cmd.o(FSymTab)
 <LI><a href="#[fd]">list_device</a> from cmd.o(i.list_device) referenced from cmd.o(FSymTab)
 <LI><a href="#[f7]">list_event</a> from cmd.o(i.list_event) referenced from cmd.o(FSymTab)
 <LI><a href="#[f9]">list_mailbox</a> from cmd.o(i.list_mailbox) referenced from cmd.o(FSymTab)
 <LI><a href="#[f2]">list_mem</a> from mem.o(i.list_mem) referenced from mem.o(FSymTab)
 <LI><a href="#[fb]">list_mempool</a> from cmd.o(i.list_mempool) referenced from cmd.o(FSymTab)
 <LI><a href="#[fa]">list_msgqueue</a> from cmd.o(i.list_msgqueue) referenced from cmd.o(FSymTab)
 <LI><a href="#[f8]">list_mutex</a> from cmd.o(i.list_mutex) referenced from cmd.o(FSymTab)
 <LI><a href="#[f6]">list_sem</a> from cmd.o(i.list_sem) referenced from cmd.o(FSymTab)
 <LI><a href="#[f5]">list_thread</a> from cmd.o(i.list_thread) referenced from cmd.o(FSymTab)
 <LI><a href="#[fc]">list_timer</a> from cmd.o(i.list_timer) referenced from cmd.o(FSymTab)
 <LI><a href="#[b2]">mem_printf</a> from usart.o(i.mem_printf) referenced from usart.o(i.serial_services_entry)
 <LI><a href="#[9f]">put_buffer</a> from serial_protocol.o(i.put_buffer) referenced from serial_protocol.o(i.init_serial_protocol)
 <LI><a href="#[f1]">reset_device</a> from serial_comm_util.o(i.reset_device) referenced from serial_comm_util.o(FSymTab)
 <LI><a href="#[90]">rt_cycle_thread_entry</a> from thread_x_run.o(i.rt_cycle_thread_entry) referenced from thread_x_run.o(i.cycle_thread_creat)
 <LI><a href="#[a1]">rt_init_thread_entry</a> from application.o(i.rt_init_thread_entry) referenced from application.o(i.init_thread_creat)
 <LI><a href="#[a5]">rt_serial_close</a> from serial.o(i.rt_serial_close) referenced from serial.o(i.rt_hw_serial_register)
 <LI><a href="#[a8]">rt_serial_control</a> from serial.o(i.rt_serial_control) referenced from serial.o(i.rt_hw_serial_register)
 <LI><a href="#[a3]">rt_serial_init</a> from serial.o(i.rt_serial_init) referenced from serial.o(i.rt_hw_serial_register)
 <LI><a href="#[a4]">rt_serial_open</a> from serial.o(i.rt_serial_open) referenced from serial.o(i.rt_hw_serial_register)
 <LI><a href="#[a6]">rt_serial_read</a> from serial.o(i.rt_serial_read) referenced from serial.o(i.rt_hw_serial_register)
 <LI><a href="#[a7]">rt_serial_write</a> from serial.o(i.rt_serial_write) referenced from serial.o(i.rt_hw_serial_register)
 <LI><a href="#[7f]">rt_thread_entry_ad</a> from logicapp.o(i.rt_thread_entry_ad) referenced from logicapp.o(i.adio_thread_creat)
 <LI><a href="#[a2]">rt_thread_entry_logic</a> from logicapp.o(i.rt_thread_entry_logic) referenced from logicapp.o(i.logic_thread_creat)
 <LI><a href="#[7d]">rt_thread_exit</a> from thread.o(i.rt_thread_exit) referenced from thread.o(i._rt_thread_init)
 <LI><a href="#[af]">rt_thread_idle_entry</a> from idle.o(i.rt_thread_idle_entry) referenced from idle.o(i.rt_thread_idle_init)
 <LI><a href="#[7e]">rt_thread_timeout</a> from thread.o(i.rt_thread_timeout) referenced from thread.o(i._rt_thread_init)
 <LI><a href="#[8f]">serial_services_entry</a> from usart.o(i.serial_services_entry) referenced from usart.o(i.console_services_init)
 <LI><a href="#[b4]">stm32_configure</a> from usart.o(i.stm32_configure) referenced from usart.o(.constdata)
 <LI><a href="#[b5]">stm32_control</a> from usart.o(i.stm32_control) referenced from usart.o(.constdata)
 <LI><a href="#[b7]">stm32_getc</a> from usart.o(i.stm32_getc) referenced from usart.o(.constdata)
 <LI><a href="#[b6]">stm32_putc</a> from usart.o(i.stm32_putc) referenced from usart.o(.constdata)
 <LI><a href="#[77]">thread_entry_ModbusSlavePoll</a> from bsp_mb_task.o(i.thread_entry_ModbusSlavePoll) referenced from bsp_mb_task.o(i.Task_MBSlave_create)
 <LI><a href="#[b3]">timer_timeout_ind</a> from porttimer.o(i.timer_timeout_ind) referenced from porttimer.o(i.xMBPortTimersInit)
 <LI><a href="#[f4]">version</a> from cmd.o(i.version) referenced from cmd.o(FSymTab)
 <LI><a href="#[95]">xMBRTUReceiveFSM</a> from mbrtu.o(i.xMBRTUReceiveFSM) referenced from mb.o(i.eMBInit)
 <LI><a href="#[97]">xMBRTUTimerT35Expired</a> from mbrtu.o(i.xMBRTUTimerT35Expired) referenced from mb.o(i.eMBInit)
 <LI><a href="#[96]">xMBRTUTransmitFSM</a> from mbrtu.o(i.xMBRTUTransmitFSM) referenced from mb.o(i.eMBInit)
 <LI><a href="#[b]">xfer</a> from stm32f20x_40x_spi.o(i.xfer) referenced 2 times from stm32f20x_40x_spi.o(.data)
</UL>
<P>
<H3>
Global Symbols
</H3>
<P><STRONG><a name="[102]"></a>__main</STRONG> (Thumb, 8 bytes, Stack size 0 bytes, __main.o(!!!main))
<BR><BR>[Calls]<UL><LI><a href="#[105]">&gt;&gt;</a>&nbsp;&nbsp;&nbsp;__rt_entry
<LI><a href="#[104]">&gt;&gt;</a>&nbsp;&nbsp;&nbsp;__scatterload
</UL>

<P><STRONG><a name="[104]"></a>__scatterload</STRONG> (Thumb, 0 bytes, Stack size unknown bytes, __scatter.o(!!!scatter))
<BR><BR>[Called By]<UL><LI><a href="#[102]">&gt;&gt;</a>&nbsp;&nbsp;&nbsp;__main
</UL>

<P><STRONG><a name="[106]"></a>__scatterload_rt2</STRONG> (Thumb, 44 bytes, Stack size unknown bytes, __scatter.o(!!!scatter), UNUSED)
<BR><BR>[Calls]<UL><LI><a href="#[105]">&gt;&gt;</a>&nbsp;&nbsp;&nbsp;__rt_entry
</UL>

<P><STRONG><a name="[387]"></a>__scatterload_rt2_thumb_only</STRONG> (Thumb, 0 bytes, Stack size unknown bytes, __scatter.o(!!!scatter), UNUSED)

<P><STRONG><a name="[388]"></a>__scatterload_null</STRONG> (Thumb, 0 bytes, Stack size unknown bytes, __scatter.o(!!!scatter), UNUSED)

<P><STRONG><a name="[389]"></a>__decompress</STRONG> (Thumb, 90 bytes, Stack size unknown bytes, __dczerorl2.o(!!dczerorl2), UNUSED)

<P><STRONG><a name="[38a]"></a>__decompress1</STRONG> (Thumb, 0 bytes, Stack size unknown bytes, __dczerorl2.o(!!dczerorl2), UNUSED)

<P><STRONG><a name="[38b]"></a>__scatterload_zeroinit</STRONG> (Thumb, 28 bytes, Stack size unknown bytes, __scatter_zi.o(!!handler_zi), UNUSED)

<P><STRONG><a name="[107]"></a>_printf_d</STRONG> (Thumb, 0 bytes, Stack size unknown bytes, _printf_d.o(.ARM.Collect$$_printf_percent$$00000009))
<BR><BR>[Stack]<UL><LI>Max Depth = 56 + Unknown Stack Size
<LI>Call Chain = _printf_d &rArr; _printf_int_dec &rArr; _printf_int_common
</UL>
<BR>[Calls]<UL><LI><a href="#[108]">&gt;&gt;</a>&nbsp;&nbsp;&nbsp;_printf_int_dec
</UL>

<P><STRONG><a name="[126]"></a>_printf_percent</STRONG> (Thumb, 0 bytes, Stack size unknown bytes, _printf_percent.o(.ARM.Collect$$_printf_percent$$00000000))
<BR><BR>[Called By]<UL><LI><a href="#[124]">&gt;&gt;</a>&nbsp;&nbsp;&nbsp;__printf
</UL>

<P><STRONG><a name="[109]"></a>_printf_s</STRONG> (Thumb, 0 bytes, Stack size unknown bytes, _printf_s.o(.ARM.Collect$$_printf_percent$$00000014))
<BR><BR>[Stack]<UL><LI>Max Depth = 24 + Unknown Stack Size
<LI>Call Chain = _printf_s &rArr; _printf_string &rArr; _printf_cs_common &rArr; _printf_str
</UL>
<BR>[Calls]<UL><LI><a href="#[10a]">&gt;&gt;</a>&nbsp;&nbsp;&nbsp;_printf_string
</UL>

<P><STRONG><a name="[38c]"></a>_printf_percent_end</STRONG> (Thumb, 0 bytes, Stack size unknown bytes, _printf_percent_end.o(.ARM.Collect$$_printf_percent$$00000017))

<P><STRONG><a name="[118]"></a>__rt_lib_init</STRONG> (Thumb, 0 bytes, Stack size unknown bytes, libinit.o(.ARM.Collect$$libinit$$00000000))
<BR><BR>[Called By]<UL><LI><a href="#[117]">&gt;&gt;</a>&nbsp;&nbsp;&nbsp;__rt_entry_li
</UL>

<P><STRONG><a name="[10b]"></a>__rt_lib_init_fp_1</STRONG> (Thumb, 0 bytes, Stack size unknown bytes, libinit2.o(.ARM.Collect$$libinit$$00000001))
<BR><BR>[Calls]<UL><LI><a href="#[10c]">&gt;&gt;</a>&nbsp;&nbsp;&nbsp;_fp_init
</UL>

<P><STRONG><a name="[10d]"></a>__rt_lib_init_heap_2</STRONG> (Thumb, 0 bytes, Stack size unknown bytes, libinit2.o(.ARM.Collect$$libinit$$00000005))
<BR><BR>[Stack]<UL><LI>Max Depth = 64 + Unknown Stack Size
<LI>Call Chain = __rt_lib_init_heap_2 &rArr; _init_alloc &rArr; __rt_SIGRTMEM &rArr; __rt_SIGRTMEM_inner &rArr; __default_signal_display &rArr; _ttywrch
</UL>
<BR>[Calls]<UL><LI><a href="#[10e]">&gt;&gt;</a>&nbsp;&nbsp;&nbsp;_init_alloc
</UL>

<P><STRONG><a name="[38d]"></a>__rt_lib_init_preinit_1</STRONG> (Thumb, 0 bytes, Stack size unknown bytes, libinit2.o(.ARM.Collect$$libinit$$00000004))

<P><STRONG><a name="[38e]"></a>__rt_lib_init_heap_1</STRONG> (Thumb, 0 bytes, Stack size unknown bytes, libinit2.o(.ARM.Collect$$libinit$$0000000A))

<P><STRONG><a name="[10f]"></a>__rt_lib_init_lc_common</STRONG> (Thumb, 0 bytes, Stack size unknown bytes, libinit2.o(.ARM.Collect$$libinit$$0000000F))
<BR><BR>[Calls]<UL><LI><a href="#[110]">&gt;&gt;</a>&nbsp;&nbsp;&nbsp;__rt_locale
</UL>

<P><STRONG><a name="[38f]"></a>__rt_lib_init_rand_1</STRONG> (Thumb, 0 bytes, Stack size unknown bytes, libinit2.o(.ARM.Collect$$libinit$$0000000E))

<P><STRONG><a name="[390]"></a>__rt_lib_init_user_alloc_1</STRONG> (Thumb, 0 bytes, Stack size unknown bytes, libinit2.o(.ARM.Collect$$libinit$$0000000C))

<P><STRONG><a name="[391]"></a>__rt_lib_init_lc_collate_1</STRONG> (Thumb, 0 bytes, Stack size unknown bytes, libinit2.o(.ARM.Collect$$libinit$$00000011))

<P><STRONG><a name="[111]"></a>__rt_lib_init_lc_ctype_2</STRONG> (Thumb, 0 bytes, Stack size unknown bytes, libinit2.o(.ARM.Collect$$libinit$$00000012))
<BR><BR>[Stack]<UL><LI>Max Depth = 8 + Unknown Stack Size
<LI>Call Chain = __rt_lib_init_lc_ctype_2 &rArr; _get_lc_ctype
</UL>
<BR>[Calls]<UL><LI><a href="#[76]">&gt;&gt;</a>&nbsp;&nbsp;&nbsp;_get_lc_ctype
</UL>

<P><STRONG><a name="[392]"></a>__rt_lib_init_alloca_1</STRONG> (Thumb, 0 bytes, Stack size unknown bytes, libinit2.o(.ARM.Collect$$libinit$$0000002E))

<P><STRONG><a name="[393]"></a>__rt_lib_init_argv_1</STRONG> (Thumb, 0 bytes, Stack size unknown bytes, libinit2.o(.ARM.Collect$$libinit$$0000002C))

<P><STRONG><a name="[394]"></a>__rt_lib_init_atexit_1</STRONG> (Thumb, 0 bytes, Stack size unknown bytes, libinit2.o(.ARM.Collect$$libinit$$0000001B))

<P><STRONG><a name="[395]"></a>__rt_lib_init_clock_1</STRONG> (Thumb, 0 bytes, Stack size unknown bytes, libinit2.o(.ARM.Collect$$libinit$$00000021))

<P><STRONG><a name="[112]"></a>__rt_lib_init_cpp_2</STRONG> (Thumb, 0 bytes, Stack size unknown bytes, libinit2.o(.ARM.Collect$$libinit$$00000031))
<BR><BR>[Stack]<UL><LI>Max Depth = 16 + Unknown Stack Size
<LI>Call Chain = __rt_lib_init_cpp_2 &rArr; __cpp_initialize__aeabi_
</UL>
<BR>[Calls]<UL><LI><a href="#[103]">&gt;&gt;</a>&nbsp;&nbsp;&nbsp;__cpp_initialize__aeabi_
</UL>

<P><STRONG><a name="[396]"></a>__rt_lib_init_exceptions_1</STRONG> (Thumb, 0 bytes, Stack size unknown bytes, libinit2.o(.ARM.Collect$$libinit$$00000030))

<P><STRONG><a name="[397]"></a>__rt_lib_init_fp_trap_1</STRONG> (Thumb, 0 bytes, Stack size unknown bytes, libinit2.o(.ARM.Collect$$libinit$$0000001F))

<P><STRONG><a name="[398]"></a>__rt_lib_init_getenv_1</STRONG> (Thumb, 0 bytes, Stack size unknown bytes, libinit2.o(.ARM.Collect$$libinit$$00000023))

<P><STRONG><a name="[399]"></a>__rt_lib_init_lc_ctype_1</STRONG> (Thumb, 0 bytes, Stack size unknown bytes, libinit2.o(.ARM.Collect$$libinit$$00000013))

<P><STRONG><a name="[39a]"></a>__rt_lib_init_lc_monetary_1</STRONG> (Thumb, 0 bytes, Stack size unknown bytes, libinit2.o(.ARM.Collect$$libinit$$00000015))

<P><STRONG><a name="[39b]"></a>__rt_lib_init_lc_numeric_1</STRONG> (Thumb, 0 bytes, Stack size unknown bytes, libinit2.o(.ARM.Collect$$libinit$$00000017))

<P><STRONG><a name="[39c]"></a>__rt_lib_init_lc_time_1</STRONG> (Thumb, 0 bytes, Stack size unknown bytes, libinit2.o(.ARM.Collect$$libinit$$00000019))

<P><STRONG><a name="[39d]"></a>__rt_lib_init_signal_1</STRONG> (Thumb, 0 bytes, Stack size unknown bytes, libinit2.o(.ARM.Collect$$libinit$$0000001D))

<P><STRONG><a name="[39e]"></a>__rt_lib_init_stdio_1</STRONG> (Thumb, 0 bytes, Stack size unknown bytes, libinit2.o(.ARM.Collect$$libinit$$00000025))

<P><STRONG><a name="[39f]"></a>__rt_lib_init_cpp_1</STRONG> (Thumb, 0 bytes, Stack size unknown bytes, libinit2.o(.ARM.Collect$$libinit$$00000032))

<P><STRONG><a name="[3a0]"></a>__rt_lib_init_return</STRONG> (Thumb, 0 bytes, Stack size unknown bytes, libinit2.o(.ARM.Collect$$libinit$$00000033))

<P><STRONG><a name="[11d]"></a>__rt_lib_shutdown</STRONG> (Thumb, 0 bytes, Stack size unknown bytes, libshutdown.o(.ARM.Collect$$libshutdown$$00000000))
<BR><BR>[Called By]<UL><LI><a href="#[11c]">&gt;&gt;</a>&nbsp;&nbsp;&nbsp;__rt_exit_ls
</UL>

<P><STRONG><a name="[113]"></a>__rt_lib_shutdown_cpp_2</STRONG> (Thumb, 0 bytes, Stack size unknown bytes, libshutdown2.o(.ARM.Collect$$libshutdown$$00000001))
<BR><BR>[Stack]<UL><LI>Max Depth = 40 + Unknown Stack Size
<LI>Call Chain = __rt_lib_shutdown_cpp_2 &rArr; __cxa_finalize &rArr; free
</UL>
<BR>[Calls]<UL><LI><a href="#[114]">&gt;&gt;</a>&nbsp;&nbsp;&nbsp;__cxa_finalize
</UL>

<P><STRONG><a name="[3a1]"></a>__rt_lib_shutdown_cpp_1</STRONG> (Thumb, 0 bytes, Stack size unknown bytes, libshutdown2.o(.ARM.Collect$$libshutdown$$00000002))

<P><STRONG><a name="[3a2]"></a>__rt_lib_shutdown_fp_trap_1</STRONG> (Thumb, 0 bytes, Stack size unknown bytes, libshutdown2.o(.ARM.Collect$$libshutdown$$00000007))

<P><STRONG><a name="[3a3]"></a>__rt_lib_shutdown_heap_1</STRONG> (Thumb, 0 bytes, Stack size unknown bytes, libshutdown2.o(.ARM.Collect$$libshutdown$$0000000F))

<P><STRONG><a name="[3a4]"></a>__rt_lib_shutdown_return</STRONG> (Thumb, 0 bytes, Stack size unknown bytes, libshutdown2.o(.ARM.Collect$$libshutdown$$00000010))

<P><STRONG><a name="[3a5]"></a>__rt_lib_shutdown_signal_1</STRONG> (Thumb, 0 bytes, Stack size unknown bytes, libshutdown2.o(.ARM.Collect$$libshutdown$$0000000A))

<P><STRONG><a name="[3a6]"></a>__rt_lib_shutdown_stdio_1</STRONG> (Thumb, 0 bytes, Stack size unknown bytes, libshutdown2.o(.ARM.Collect$$libshutdown$$00000004))

<P><STRONG><a name="[3a7]"></a>__rt_lib_shutdown_user_alloc_1</STRONG> (Thumb, 0 bytes, Stack size unknown bytes, libshutdown2.o(.ARM.Collect$$libshutdown$$0000000C))

<P><STRONG><a name="[105]"></a>__rt_entry</STRONG> (Thumb, 0 bytes, Stack size unknown bytes, __rtentry.o(.ARM.Collect$$rtentry$$00000000))
<BR><BR>[Called By]<UL><LI><a href="#[102]">&gt;&gt;</a>&nbsp;&nbsp;&nbsp;__main
<LI><a href="#[106]">&gt;&gt;</a>&nbsp;&nbsp;&nbsp;__scatterload_rt2
</UL>

<P><STRONG><a name="[3a8]"></a>__rt_entry_presh_1</STRONG> (Thumb, 0 bytes, Stack size unknown bytes, __rtentry2.o(.ARM.Collect$$rtentry$$00000002))

<P><STRONG><a name="[115]"></a>__rt_entry_sh</STRONG> (Thumb, 0 bytes, Stack size unknown bytes, __rtentry4.o(.ARM.Collect$$rtentry$$00000004))
<BR><BR>[Stack]<UL><LI>Max Depth = 8 + Unknown Stack Size
<LI>Call Chain = __rt_entry_sh &rArr; __user_setup_stackheap
</UL>
<BR>[Calls]<UL><LI><a href="#[116]">&gt;&gt;</a>&nbsp;&nbsp;&nbsp;__user_setup_stackheap
</UL>

<P><STRONG><a name="[117]"></a>__rt_entry_li</STRONG> (Thumb, 0 bytes, Stack size unknown bytes, __rtentry2.o(.ARM.Collect$$rtentry$$0000000A))
<BR><BR>[Calls]<UL><LI><a href="#[118]">&gt;&gt;</a>&nbsp;&nbsp;&nbsp;__rt_lib_init
</UL>

<P><STRONG><a name="[3a9]"></a>__rt_entry_postsh_1</STRONG> (Thumb, 0 bytes, Stack size unknown bytes, __rtentry2.o(.ARM.Collect$$rtentry$$00000009))

<P><STRONG><a name="[119]"></a>__rt_entry_main</STRONG> (Thumb, 0 bytes, Stack size unknown bytes, __rtentry2.o(.ARM.Collect$$rtentry$$0000000D))
<BR><BR>[Stack]<UL><LI>Max Depth = 464 + Unknown Stack Size
<LI>Call Chain = __rt_entry_main &rArr; main &rArr; rtthread_startup &rArr; rt_application_init &rArr; rt_app_thread_x &rArr; gbch_init &rArr; can_services_init &rArr; rt_thread_create &rArr; rt_object_allocate &rArr; rt_malloc &rArr; rt_sem_take &rArr; rt_schedule &rArr; _rt_scheduler_stack_check &rArr; list_thread &rArr; _list_thread &rArr; rt_kprintf &rArr; rt_vsnprintf &rArr; print_number
</UL>
<BR>[Calls]<UL><LI><a href="#[11a]">&gt;&gt;</a>&nbsp;&nbsp;&nbsp;main
<LI><a href="#[11b]">&gt;&gt;</a>&nbsp;&nbsp;&nbsp;exit
</UL>

<P><STRONG><a name="[3aa]"></a>__rt_entry_postli_1</STRONG> (Thumb, 0 bytes, Stack size unknown bytes, __rtentry2.o(.ARM.Collect$$rtentry$$0000000C))

<P><STRONG><a name="[143]"></a>__rt_exit</STRONG> (Thumb, 0 bytes, Stack size unknown bytes, rtexit.o(.ARM.Collect$$rtexit$$00000000))
<BR><BR>[Called By]<UL><LI><a href="#[11b]">&gt;&gt;</a>&nbsp;&nbsp;&nbsp;exit
</UL>

<P><STRONG><a name="[11c]"></a>__rt_exit_ls</STRONG> (Thumb, 0 bytes, Stack size unknown bytes, rtexit2.o(.ARM.Collect$$rtexit$$00000003))
<BR><BR>[Calls]<UL><LI><a href="#[11d]">&gt;&gt;</a>&nbsp;&nbsp;&nbsp;__rt_lib_shutdown
</UL>

<P><STRONG><a name="[3ab]"></a>__rt_exit_prels_1</STRONG> (Thumb, 0 bytes, Stack size unknown bytes, rtexit2.o(.ARM.Collect$$rtexit$$00000002))

<P><STRONG><a name="[11e]"></a>__rt_exit_exit</STRONG> (Thumb, 0 bytes, Stack size unknown bytes, rtexit2.o(.ARM.Collect$$rtexit$$00000004))
<BR><BR>[Calls]<UL><LI><a href="#[11f]">&gt;&gt;</a>&nbsp;&nbsp;&nbsp;_sys_exit
</UL>

<P><STRONG><a name="[16]"></a>Reset_Handler</STRONG> (Thumb, 8 bytes, Stack size 0 bytes, startup_stm32f40xx.o(.text))
<BR>[Address Reference Count : 1]<UL><LI> startup_stm32f40xx.o(RESET)
</UL>
<P><STRONG><a name="[3ac]"></a>_maybe_terminate_alloc</STRONG> (Thumb, 0 bytes, Stack size 0 bytes, maybetermalloc1.o(.emb_text), UNUSED)

<P><STRONG><a name="[1d]"></a>DebugMon_Handler</STRONG> (Thumb, 2 bytes, Stack size 0 bytes, startup_stm32f40xx.o(.text))
<BR><BR>[Calls]<UL><LI><a href="#[1d]">&gt;&gt;</a>&nbsp;&nbsp;&nbsp;DebugMon_Handler
</UL>
<BR>[Called By]<UL><LI><a href="#[1d]">&gt;&gt;</a>&nbsp;&nbsp;&nbsp;DebugMon_Handler
</UL>
<BR>[Address Reference Count : 1]<UL><LI> startup_stm32f40xx.o(RESET)
</UL>
<P><STRONG><a name="[32]"></a>ADC_IRQHandler</STRONG> (Thumb, 0 bytes, Stack size 0 bytes, startup_stm32f40xx.o(.text))
<BR><BR>[Calls]<UL><LI><a href="#[32]">&gt;&gt;</a>&nbsp;&nbsp;&nbsp;ADC_IRQHandler
</UL>
<BR>[Called By]<UL><LI><a href="#[32]">&gt;&gt;</a>&nbsp;&nbsp;&nbsp;ADC_IRQHandler
</UL>
<BR>[Address Reference Count : 1]<UL><LI> startup_stm32f40xx.o(RESET)
</UL>
<P><STRONG><a name="[35]"></a>CAN1_RX1_IRQHandler</STRONG> (Thumb, 0 bytes, Stack size 0 bytes, startup_stm32f40xx.o(.text))
<BR>[Address Reference Count : 1]<UL><LI> startup_stm32f40xx.o(RESET)
</UL>
<P><STRONG><a name="[36]"></a>CAN1_SCE_IRQHandler</STRONG> (Thumb, 0 bytes, Stack size 0 bytes, startup_stm32f40xx.o(.text))
<BR>[Address Reference Count : 1]<UL><LI> startup_stm32f40xx.o(RESET)
</UL>
<P><STRONG><a name="[33]"></a>CAN1_TX_IRQHandler</STRONG> (Thumb, 0 bytes, Stack size 0 bytes, startup_stm32f40xx.o(.text))
<BR>[Address Reference Count : 1]<UL><LI> startup_stm32f40xx.o(RESET)
</UL>
<P><STRONG><a name="[61]"></a>CAN2_RX1_IRQHandler</STRONG> (Thumb, 0 bytes, Stack size 0 bytes, startup_stm32f40xx.o(.text))
<BR>[Address Reference Count : 1]<UL><LI> startup_stm32f40xx.o(RESET)
</UL>
<P><STRONG><a name="[62]"></a>CAN2_SCE_IRQHandler</STRONG> (Thumb, 0 bytes, Stack size 0 bytes, startup_stm32f40xx.o(.text))
<BR>[Address Reference Count : 1]<UL><LI> startup_stm32f40xx.o(RESET)
</UL>
<P><STRONG><a name="[5f]"></a>CAN2_TX_IRQHandler</STRONG> (Thumb, 0 bytes, Stack size 0 bytes, startup_stm32f40xx.o(.text))
<BR>[Address Reference Count : 1]<UL><LI> startup_stm32f40xx.o(RESET)
</UL>
<P><STRONG><a name="[6f]"></a>CRYP_IRQHandler</STRONG> (Thumb, 0 bytes, Stack size 0 bytes, startup_stm32f40xx.o(.text))
<BR>[Address Reference Count : 1]<UL><LI> startup_stm32f40xx.o(RESET)
</UL>
<P><STRONG><a name="[6e]"></a>DCMI_IRQHandler</STRONG> (Thumb, 0 bytes, Stack size 0 bytes, startup_stm32f40xx.o(.text))
<BR>[Address Reference Count : 1]<UL><LI> startup_stm32f40xx.o(RESET)
</UL>
<P><STRONG><a name="[2b]"></a>DMA1_Stream0_IRQHandler</STRONG> (Thumb, 0 bytes, Stack size 0 bytes, startup_stm32f40xx.o(.text))
<BR>[Address Reference Count : 1]<UL><LI> startup_stm32f40xx.o(RESET)
</UL>
<P><STRONG><a name="[2c]"></a>DMA1_Stream1_IRQHandler</STRONG> (Thumb, 0 bytes, Stack size 0 bytes, startup_stm32f40xx.o(.text))
<BR>[Address Reference Count : 1]<UL><LI> startup_stm32f40xx.o(RESET)
</UL>
<P><STRONG><a name="[2d]"></a>DMA1_Stream2_IRQHandler</STRONG> (Thumb, 0 bytes, Stack size 0 bytes, startup_stm32f40xx.o(.text))
<BR>[Address Reference Count : 1]<UL><LI> startup_stm32f40xx.o(RESET)
</UL>
<P><STRONG><a name="[2e]"></a>DMA1_Stream3_IRQHandler</STRONG> (Thumb, 0 bytes, Stack size 0 bytes, startup_stm32f40xx.o(.text))
<BR>[Address Reference Count : 1]<UL><LI> startup_stm32f40xx.o(RESET)
</UL>
<P><STRONG><a name="[2f]"></a>DMA1_Stream4_IRQHandler</STRONG> (Thumb, 0 bytes, Stack size 0 bytes, startup_stm32f40xx.o(.text))
<BR>[Address Reference Count : 1]<UL><LI> startup_stm32f40xx.o(RESET)
</UL>
<P><STRONG><a name="[30]"></a>DMA1_Stream5_IRQHandler</STRONG> (Thumb, 0 bytes, Stack size 0 bytes, startup_stm32f40xx.o(.text))
<BR>[Address Reference Count : 1]<UL><LI> startup_stm32f40xx.o(RESET)
</UL>
<P><STRONG><a name="[31]"></a>DMA1_Stream6_IRQHandler</STRONG> (Thumb, 0 bytes, Stack size 0 bytes, startup_stm32f40xx.o(.text))
<BR>[Address Reference Count : 1]<UL><LI> startup_stm32f40xx.o(RESET)
</UL>
<P><STRONG><a name="[4f]"></a>DMA1_Stream7_IRQHandler</STRONG> (Thumb, 0 bytes, Stack size 0 bytes, startup_stm32f40xx.o(.text))
<BR>[Address Reference Count : 1]<UL><LI> startup_stm32f40xx.o(RESET)
</UL>
<P><STRONG><a name="[58]"></a>DMA2_Stream0_IRQHandler</STRONG> (Thumb, 0 bytes, Stack size 0 bytes, startup_stm32f40xx.o(.text))
<BR>[Address Reference Count : 1]<UL><LI> startup_stm32f40xx.o(RESET)
</UL>
<P><STRONG><a name="[59]"></a>DMA2_Stream1_IRQHandler</STRONG> (Thumb, 0 bytes, Stack size 0 bytes, startup_stm32f40xx.o(.text))
<BR>[Address Reference Count : 1]<UL><LI> startup_stm32f40xx.o(RESET)
</UL>
<P><STRONG><a name="[5a]"></a>DMA2_Stream2_IRQHandler</STRONG> (Thumb, 0 bytes, Stack size 0 bytes, startup_stm32f40xx.o(.text))
<BR>[Address Reference Count : 1]<UL><LI> startup_stm32f40xx.o(RESET)
</UL>
<P><STRONG><a name="[5b]"></a>DMA2_Stream3_IRQHandler</STRONG> (Thumb, 0 bytes, Stack size 0 bytes, startup_stm32f40xx.o(.text))
<BR>[Address Reference Count : 1]<UL><LI> startup_stm32f40xx.o(RESET)
</UL>
<P><STRONG><a name="[5c]"></a>DMA2_Stream4_IRQHandler</STRONG> (Thumb, 0 bytes, Stack size 0 bytes, startup_stm32f40xx.o(.text))
<BR>[Address Reference Count : 1]<UL><LI> startup_stm32f40xx.o(RESET)
</UL>
<P><STRONG><a name="[64]"></a>DMA2_Stream5_IRQHandler</STRONG> (Thumb, 0 bytes, Stack size 0 bytes, startup_stm32f40xx.o(.text))
<BR>[Address Reference Count : 1]<UL><LI> startup_stm32f40xx.o(RESET)
</UL>
<P><STRONG><a name="[65]"></a>DMA2_Stream6_IRQHandler</STRONG> (Thumb, 0 bytes, Stack size 0 bytes, startup_stm32f40xx.o(.text))
<BR>[Address Reference Count : 1]<UL><LI> startup_stm32f40xx.o(RESET)
</UL>
<P><STRONG><a name="[66]"></a>DMA2_Stream7_IRQHandler</STRONG> (Thumb, 0 bytes, Stack size 0 bytes, startup_stm32f40xx.o(.text))
<BR>[Address Reference Count : 1]<UL><LI> startup_stm32f40xx.o(RESET)
</UL>
<P><STRONG><a name="[5d]"></a>ETH_IRQHandler</STRONG> (Thumb, 0 bytes, Stack size 0 bytes, startup_stm32f40xx.o(.text))
<BR>[Address Reference Count : 1]<UL><LI> startup_stm32f40xx.o(RESET)
</UL>
<P><STRONG><a name="[5e]"></a>ETH_WKUP_IRQHandler</STRONG> (Thumb, 0 bytes, Stack size 0 bytes, startup_stm32f40xx.o(.text))
<BR>[Address Reference Count : 1]<UL><LI> startup_stm32f40xx.o(RESET)
</UL>
<P><STRONG><a name="[26]"></a>EXTI0_IRQHandler</STRONG> (Thumb, 0 bytes, Stack size 0 bytes, startup_stm32f40xx.o(.text))
<BR>[Address Reference Count : 1]<UL><LI> startup_stm32f40xx.o(RESET)
</UL>
<P><STRONG><a name="[48]"></a>EXTI15_10_IRQHandler</STRONG> (Thumb, 0 bytes, Stack size 0 bytes, startup_stm32f40xx.o(.text))
<BR>[Address Reference Count : 1]<UL><LI> startup_stm32f40xx.o(RESET)
</UL>
<P><STRONG><a name="[27]"></a>EXTI1_IRQHandler</STRONG> (Thumb, 0 bytes, Stack size 0 bytes, startup_stm32f40xx.o(.text))
<BR>[Address Reference Count : 1]<UL><LI> startup_stm32f40xx.o(RESET)
</UL>
<P><STRONG><a name="[28]"></a>EXTI2_IRQHandler</STRONG> (Thumb, 0 bytes, Stack size 0 bytes, startup_stm32f40xx.o(.text))
<BR>[Address Reference Count : 1]<UL><LI> startup_stm32f40xx.o(RESET)
</UL>
<P><STRONG><a name="[29]"></a>EXTI3_IRQHandler</STRONG> (Thumb, 0 bytes, Stack size 0 bytes, startup_stm32f40xx.o(.text))
<BR>[Address Reference Count : 1]<UL><LI> startup_stm32f40xx.o(RESET)
</UL>
<P><STRONG><a name="[2a]"></a>EXTI4_IRQHandler</STRONG> (Thumb, 0 bytes, Stack size 0 bytes, startup_stm32f40xx.o(.text))
<BR>[Address Reference Count : 1]<UL><LI> startup_stm32f40xx.o(RESET)
</UL>
<P><STRONG><a name="[37]"></a>EXTI9_5_IRQHandler</STRONG> (Thumb, 0 bytes, Stack size 0 bytes, startup_stm32f40xx.o(.text))
<BR>[Address Reference Count : 1]<UL><LI> startup_stm32f40xx.o(RESET)
</UL>
<P><STRONG><a name="[24]"></a>FLASH_IRQHandler</STRONG> (Thumb, 0 bytes, Stack size 0 bytes, startup_stm32f40xx.o(.text))
<BR>[Address Reference Count : 1]<UL><LI> startup_stm32f40xx.o(RESET)
</UL>
<P><STRONG><a name="[71]"></a>FPU_IRQHandler</STRONG> (Thumb, 0 bytes, Stack size 0 bytes, startup_stm32f40xx.o(.text))
<BR>[Address Reference Count : 1]<UL><LI> startup_stm32f40xx.o(RESET)
</UL>
<P><STRONG><a name="[50]"></a>FSMC_IRQHandler</STRONG> (Thumb, 0 bytes, Stack size 0 bytes, startup_stm32f40xx.o(.text))
<BR>[Address Reference Count : 1]<UL><LI> startup_stm32f40xx.o(RESET)
</UL>
<P><STRONG><a name="[70]"></a>HASH_RNG_IRQHandler</STRONG> (Thumb, 0 bytes, Stack size 0 bytes, startup_stm32f40xx.o(.text))
<BR>[Address Reference Count : 1]<UL><LI> startup_stm32f40xx.o(RESET)
</UL>
<P><STRONG><a name="[40]"></a>I2C1_ER_IRQHandler</STRONG> (Thumb, 0 bytes, Stack size 0 bytes, startup_stm32f40xx.o(.text))
<BR>[Address Reference Count : 1]<UL><LI> startup_stm32f40xx.o(RESET)
</UL>
<P><STRONG><a name="[3f]"></a>I2C1_EV_IRQHandler</STRONG> (Thumb, 0 bytes, Stack size 0 bytes, startup_stm32f40xx.o(.text))
<BR>[Address Reference Count : 1]<UL><LI> startup_stm32f40xx.o(RESET)
</UL>
<P><STRONG><a name="[42]"></a>I2C2_ER_IRQHandler</STRONG> (Thumb, 0 bytes, Stack size 0 bytes, startup_stm32f40xx.o(.text))
<BR>[Address Reference Count : 1]<UL><LI> startup_stm32f40xx.o(RESET)
</UL>
<P><STRONG><a name="[41]"></a>I2C2_EV_IRQHandler</STRONG> (Thumb, 0 bytes, Stack size 0 bytes, startup_stm32f40xx.o(.text))
<BR>[Address Reference Count : 1]<UL><LI> startup_stm32f40xx.o(RESET)
</UL>
<P><STRONG><a name="[69]"></a>I2C3_ER_IRQHandler</STRONG> (Thumb, 0 bytes, Stack size 0 bytes, startup_stm32f40xx.o(.text))
<BR>[Address Reference Count : 1]<UL><LI> startup_stm32f40xx.o(RESET)
</UL>
<P><STRONG><a name="[68]"></a>I2C3_EV_IRQHandler</STRONG> (Thumb, 0 bytes, Stack size 0 bytes, startup_stm32f40xx.o(.text))
<BR>[Address Reference Count : 1]<UL><LI> startup_stm32f40xx.o(RESET)
</UL>
<P><STRONG><a name="[63]"></a>OTG_FS_IRQHandler</STRONG> (Thumb, 0 bytes, Stack size 0 bytes, startup_stm32f40xx.o(.text))
<BR>[Address Reference Count : 1]<UL><LI> startup_stm32f40xx.o(RESET)
</UL>
<P><STRONG><a name="[4a]"></a>OTG_FS_WKUP_IRQHandler</STRONG> (Thumb, 0 bytes, Stack size 0 bytes, startup_stm32f40xx.o(.text))
<BR>[Address Reference Count : 1]<UL><LI> startup_stm32f40xx.o(RESET)
</UL>
<P><STRONG><a name="[6b]"></a>OTG_HS_EP1_IN_IRQHandler</STRONG> (Thumb, 0 bytes, Stack size 0 bytes, startup_stm32f40xx.o(.text))
<BR>[Address Reference Count : 1]<UL><LI> startup_stm32f40xx.o(RESET)
</UL>
<P><STRONG><a name="[6a]"></a>OTG_HS_EP1_OUT_IRQHandler</STRONG> (Thumb, 0 bytes, Stack size 0 bytes, startup_stm32f40xx.o(.text))
<BR>[Address Reference Count : 1]<UL><LI> startup_stm32f40xx.o(RESET)
</UL>
<P><STRONG><a name="[6d]"></a>OTG_HS_IRQHandler</STRONG> (Thumb, 0 bytes, Stack size 0 bytes, startup_stm32f40xx.o(.text))
<BR>[Address Reference Count : 1]<UL><LI> startup_stm32f40xx.o(RESET)
</UL>
<P><STRONG><a name="[6c]"></a>OTG_HS_WKUP_IRQHandler</STRONG> (Thumb, 0 bytes, Stack size 0 bytes, startup_stm32f40xx.o(.text))
<BR>[Address Reference Count : 1]<UL><LI> startup_stm32f40xx.o(RESET)
</UL>
<P><STRONG><a name="[21]"></a>PVD_IRQHandler</STRONG> (Thumb, 0 bytes, Stack size 0 bytes, startup_stm32f40xx.o(.text))
<BR>[Address Reference Count : 1]<UL><LI> startup_stm32f40xx.o(RESET)
</UL>
<P><STRONG><a name="[25]"></a>RCC_IRQHandler</STRONG> (Thumb, 0 bytes, Stack size 0 bytes, startup_stm32f40xx.o(.text))
<BR>[Address Reference Count : 1]<UL><LI> startup_stm32f40xx.o(RESET)
</UL>
<P><STRONG><a name="[49]"></a>RTC_Alarm_IRQHandler</STRONG> (Thumb, 0 bytes, Stack size 0 bytes, startup_stm32f40xx.o(.text))
<BR>[Address Reference Count : 1]<UL><LI> startup_stm32f40xx.o(RESET)
</UL>
<P><STRONG><a name="[23]"></a>RTC_WKUP_IRQHandler</STRONG> (Thumb, 0 bytes, Stack size 0 bytes, startup_stm32f40xx.o(.text))
<BR>[Address Reference Count : 1]<UL><LI> startup_stm32f40xx.o(RESET)
</UL>
<P><STRONG><a name="[51]"></a>SDIO_IRQHandler</STRONG> (Thumb, 0 bytes, Stack size 0 bytes, startup_stm32f40xx.o(.text))
<BR>[Address Reference Count : 1]<UL><LI> startup_stm32f40xx.o(RESET)
</UL>
<P><STRONG><a name="[43]"></a>SPI1_IRQHandler</STRONG> (Thumb, 0 bytes, Stack size 0 bytes, startup_stm32f40xx.o(.text))
<BR>[Address Reference Count : 1]<UL><LI> startup_stm32f40xx.o(RESET)
</UL>
<P><STRONG><a name="[44]"></a>SPI2_IRQHandler</STRONG> (Thumb, 0 bytes, Stack size 0 bytes, startup_stm32f40xx.o(.text))
<BR>[Address Reference Count : 1]<UL><LI> startup_stm32f40xx.o(RESET)
</UL>
<P><STRONG><a name="[53]"></a>SPI3_IRQHandler</STRONG> (Thumb, 0 bytes, Stack size 0 bytes, startup_stm32f40xx.o(.text))
<BR>[Address Reference Count : 1]<UL><LI> startup_stm32f40xx.o(RESET)
</UL>
<P><STRONG><a name="[22]"></a>TAMP_STAMP_IRQHandler</STRONG> (Thumb, 0 bytes, Stack size 0 bytes, startup_stm32f40xx.o(.text))
<BR>[Address Reference Count : 1]<UL><LI> startup_stm32f40xx.o(RESET)
</UL>
<P><STRONG><a name="[38]"></a>TIM1_BRK_TIM9_IRQHandler</STRONG> (Thumb, 0 bytes, Stack size 0 bytes, startup_stm32f40xx.o(.text))
<BR>[Address Reference Count : 1]<UL><LI> startup_stm32f40xx.o(RESET)
</UL>
<P><STRONG><a name="[3b]"></a>TIM1_CC_IRQHandler</STRONG> (Thumb, 0 bytes, Stack size 0 bytes, startup_stm32f40xx.o(.text))
<BR>[Address Reference Count : 1]<UL><LI> startup_stm32f40xx.o(RESET)
</UL>
<P><STRONG><a name="[3a]"></a>TIM1_TRG_COM_TIM11_IRQHandler</STRONG> (Thumb, 0 bytes, Stack size 0 bytes, startup_stm32f40xx.o(.text))
<BR>[Address Reference Count : 1]<UL><LI> startup_stm32f40xx.o(RESET)
</UL>
<P><STRONG><a name="[39]"></a>TIM1_UP_TIM10_IRQHandler</STRONG> (Thumb, 0 bytes, Stack size 0 bytes, startup_stm32f40xx.o(.text))
<BR>[Address Reference Count : 1]<UL><LI> startup_stm32f40xx.o(RESET)
</UL>
<P><STRONG><a name="[3c]"></a>TIM2_IRQHandler</STRONG> (Thumb, 0 bytes, Stack size 0 bytes, startup_stm32f40xx.o(.text))
<BR>[Address Reference Count : 1]<UL><LI> startup_stm32f40xx.o(RESET)
</UL>
<P><STRONG><a name="[3d]"></a>TIM3_IRQHandler</STRONG> (Thumb, 0 bytes, Stack size 0 bytes, startup_stm32f40xx.o(.text))
<BR>[Address Reference Count : 1]<UL><LI> startup_stm32f40xx.o(RESET)
</UL>
<P><STRONG><a name="[52]"></a>TIM5_IRQHandler</STRONG> (Thumb, 0 bytes, Stack size 0 bytes, startup_stm32f40xx.o(.text))
<BR>[Address Reference Count : 1]<UL><LI> startup_stm32f40xx.o(RESET)
</UL>
<P><STRONG><a name="[56]"></a>TIM6_DAC_IRQHandler</STRONG> (Thumb, 0 bytes, Stack size 0 bytes, startup_stm32f40xx.o(.text))
<BR>[Address Reference Count : 1]<UL><LI> startup_stm32f40xx.o(RESET)
</UL>
<P><STRONG><a name="[4b]"></a>TIM8_BRK_TIM12_IRQHandler</STRONG> (Thumb, 0 bytes, Stack size 0 bytes, startup_stm32f40xx.o(.text))
<BR>[Address Reference Count : 1]<UL><LI> startup_stm32f40xx.o(RESET)
</UL>
<P><STRONG><a name="[4e]"></a>TIM8_CC_IRQHandler</STRONG> (Thumb, 0 bytes, Stack size 0 bytes, startup_stm32f40xx.o(.text))
<BR>[Address Reference Count : 1]<UL><LI> startup_stm32f40xx.o(RESET)
</UL>
<P><STRONG><a name="[4d]"></a>TIM8_TRG_COM_TIM14_IRQHandler</STRONG> (Thumb, 0 bytes, Stack size 0 bytes, startup_stm32f40xx.o(.text))
<BR>[Address Reference Count : 1]<UL><LI> startup_stm32f40xx.o(RESET)
</UL>
<P><STRONG><a name="[4c]"></a>TIM8_UP_TIM13_IRQHandler</STRONG> (Thumb, 0 bytes, Stack size 0 bytes, startup_stm32f40xx.o(.text))
<BR>[Address Reference Count : 1]<UL><LI> startup_stm32f40xx.o(RESET)
</UL>
<P><STRONG><a name="[54]"></a>UART4_IRQHandler</STRONG> (Thumb, 0 bytes, Stack size 0 bytes, startup_stm32f40xx.o(.text))
<BR>[Address Reference Count : 1]<UL><LI> startup_stm32f40xx.o(RESET)
</UL>
<P><STRONG><a name="[55]"></a>UART5_IRQHandler</STRONG> (Thumb, 0 bytes, Stack size 0 bytes, startup_stm32f40xx.o(.text))
<BR>[Address Reference Count : 1]<UL><LI> startup_stm32f40xx.o(RESET)
</UL>
<P><STRONG><a name="[46]"></a>USART2_IRQHandler</STRONG> (Thumb, 0 bytes, Stack size 0 bytes, startup_stm32f40xx.o(.text))
<BR>[Address Reference Count : 1]<UL><LI> startup_stm32f40xx.o(RESET)
</UL>
<P><STRONG><a name="[47]"></a>USART3_IRQHandler</STRONG> (Thumb, 0 bytes, Stack size 0 bytes, startup_stm32f40xx.o(.text))
<BR>[Address Reference Count : 1]<UL><LI> startup_stm32f40xx.o(RESET)
</UL>
<P><STRONG><a name="[67]"></a>USART6_IRQHandler</STRONG> (Thumb, 0 bytes, Stack size 0 bytes, startup_stm32f40xx.o(.text))
<BR>[Address Reference Count : 1]<UL><LI> startup_stm32f40xx.o(RESET)
</UL>
<P><STRONG><a name="[20]"></a>WWDG_IRQHandler</STRONG> (Thumb, 0 bytes, Stack size 0 bytes, startup_stm32f40xx.o(.text))
<BR>[Address Reference Count : 1]<UL><LI> startup_stm32f40xx.o(RESET)
</UL>
<P><STRONG><a name="[142]"></a>__user_initial_stackheap</STRONG> (Thumb, 0 bytes, Stack size unknown bytes, startup_stm32f40xx.o(.text))
<BR><BR>[Called By]<UL><LI><a href="#[116]">&gt;&gt;</a>&nbsp;&nbsp;&nbsp;__user_setup_stackheap
</UL>

<P><STRONG><a name="[256]"></a>rt_hw_interrupt_disable</STRONG> (Thumb, 8 bytes, Stack size 0 bytes, context_rvds.o(.text))
<BR><BR>[Called By]<UL><LI><a href="#[1bf]">&gt;&gt;</a>&nbsp;&nbsp;&nbsp;rt_sem_release
<LI><a href="#[270]">&gt;&gt;</a>&nbsp;&nbsp;&nbsp;rt_mb_recv
<LI><a href="#[23e]">&gt;&gt;</a>&nbsp;&nbsp;&nbsp;rt_free
<LI><a href="#[2e4]">&gt;&gt;</a>&nbsp;&nbsp;&nbsp;rt_exit_critical
<LI><a href="#[2e2]">&gt;&gt;</a>&nbsp;&nbsp;&nbsp;rt_enter_critical
<LI><a href="#[26e]">&gt;&gt;</a>&nbsp;&nbsp;&nbsp;rt_malloc
<LI><a href="#[348]">&gt;&gt;</a>&nbsp;&nbsp;&nbsp;rt_system_heap_init
<LI><a href="#[11a]">&gt;&gt;</a>&nbsp;&nbsp;&nbsp;main
<LI><a href="#[2ca]">&gt;&gt;</a>&nbsp;&nbsp;&nbsp;rt_sem_take
<LI><a href="#[2dc]">&gt;&gt;</a>&nbsp;&nbsp;&nbsp;rt_mutex_take
<LI><a href="#[2dd]">&gt;&gt;</a>&nbsp;&nbsp;&nbsp;rt_mutex_release
<LI><a href="#[2df]">&gt;&gt;</a>&nbsp;&nbsp;&nbsp;rt_mutex_create
<LI><a href="#[16b]">&gt;&gt;</a>&nbsp;&nbsp;&nbsp;rt_interrupt_leave
<LI><a href="#[167]">&gt;&gt;</a>&nbsp;&nbsp;&nbsp;rt_interrupt_enter
<LI><a href="#[163]">&gt;&gt;</a>&nbsp;&nbsp;&nbsp;rt_event_send
<LI><a href="#[15f]">&gt;&gt;</a>&nbsp;&nbsp;&nbsp;rt_event_recv
<LI><a href="#[262]">&gt;&gt;</a>&nbsp;&nbsp;&nbsp;_serial_int_rx
<LI><a href="#[260]">&gt;&gt;</a>&nbsp;&nbsp;&nbsp;_serial_dma_tx
<LI><a href="#[25d]">&gt;&gt;</a>&nbsp;&nbsp;&nbsp;_serial_dma_rx
<LI><a href="#[34e]">&gt;&gt;</a>&nbsp;&nbsp;&nbsp;rt_thread_delete
<LI><a href="#[241]">&gt;&gt;</a>&nbsp;&nbsp;&nbsp;rt_calloc
<LI><a href="#[261]">&gt;&gt;</a>&nbsp;&nbsp;&nbsp;rt_data_queue_push
<LI><a href="#[31e]">&gt;&gt;</a>&nbsp;&nbsp;&nbsp;rt_timer_start
<LI><a href="#[31c]">&gt;&gt;</a>&nbsp;&nbsp;&nbsp;rt_thread_suspend
<LI><a href="#[325]">&gt;&gt;</a>&nbsp;&nbsp;&nbsp;rt_thread_resume
<LI><a href="#[31f]">&gt;&gt;</a>&nbsp;&nbsp;&nbsp;rt_schedule
<LI><a href="#[264]">&gt;&gt;</a>&nbsp;&nbsp;&nbsp;rt_completion_wait
<LI><a href="#[31a]">&gt;&gt;</a>&nbsp;&nbsp;&nbsp;rt_completion_init
<LI><a href="#[35d]">&gt;&gt;</a>&nbsp;&nbsp;&nbsp;rt_timer_check
<LI><a href="#[35c]">&gt;&gt;</a>&nbsp;&nbsp;&nbsp;rt_thread_yield
<LI><a href="#[339]">&gt;&gt;</a>&nbsp;&nbsp;&nbsp;rt_thread_control
<LI><a href="#[338]">&gt;&gt;</a>&nbsp;&nbsp;&nbsp;rt_object_allocate
<LI><a href="#[337]">&gt;&gt;</a>&nbsp;&nbsp;&nbsp;rt_mb_send_wait
<LI><a href="#[33b]">&gt;&gt;</a>&nbsp;&nbsp;&nbsp;rt_object_delete
<LI><a href="#[357]">&gt;&gt;</a>&nbsp;&nbsp;&nbsp;rt_thread_idle_excute
<LI><a href="#[327]">&gt;&gt;</a>&nbsp;&nbsp;&nbsp;rt_object_init
<LI><a href="#[33d]">&gt;&gt;</a>&nbsp;&nbsp;&nbsp;rt_object_detach
<LI><a href="#[35b]">&gt;&gt;</a>&nbsp;&nbsp;&nbsp;rt_timer_stop
<LI><a href="#[350]">&gt;&gt;</a>&nbsp;&nbsp;&nbsp;rt_timer_detach
<LI><a href="#[34f]">&gt;&gt;</a>&nbsp;&nbsp;&nbsp;rt_thread_sleep
<LI><a href="#[7d]">&gt;&gt;</a>&nbsp;&nbsp;&nbsp;rt_thread_exit
<LI><a href="#[343]">&gt;&gt;</a>&nbsp;&nbsp;&nbsp;rt_schedule_remove_thread
<LI><a href="#[342]">&gt;&gt;</a>&nbsp;&nbsp;&nbsp;rt_schedule_insert_thread
<LI><a href="#[255]">&gt;&gt;</a>&nbsp;&nbsp;&nbsp;_rt_scheduler_stack_check
</UL>

<P><STRONG><a name="[25e]"></a>rt_hw_interrupt_enable</STRONG> (Thumb, 6 bytes, Stack size 0 bytes, context_rvds.o(.text))
<BR><BR>[Called By]<UL><LI><a href="#[1bf]">&gt;&gt;</a>&nbsp;&nbsp;&nbsp;rt_sem_release
<LI><a href="#[270]">&gt;&gt;</a>&nbsp;&nbsp;&nbsp;rt_mb_recv
<LI><a href="#[23e]">&gt;&gt;</a>&nbsp;&nbsp;&nbsp;rt_free
<LI><a href="#[2e4]">&gt;&gt;</a>&nbsp;&nbsp;&nbsp;rt_exit_critical
<LI><a href="#[2e2]">&gt;&gt;</a>&nbsp;&nbsp;&nbsp;rt_enter_critical
<LI><a href="#[26e]">&gt;&gt;</a>&nbsp;&nbsp;&nbsp;rt_malloc
<LI><a href="#[348]">&gt;&gt;</a>&nbsp;&nbsp;&nbsp;rt_system_heap_init
<LI><a href="#[2ca]">&gt;&gt;</a>&nbsp;&nbsp;&nbsp;rt_sem_take
<LI><a href="#[2dc]">&gt;&gt;</a>&nbsp;&nbsp;&nbsp;rt_mutex_take
<LI><a href="#[2dd]">&gt;&gt;</a>&nbsp;&nbsp;&nbsp;rt_mutex_release
<LI><a href="#[2df]">&gt;&gt;</a>&nbsp;&nbsp;&nbsp;rt_mutex_create
<LI><a href="#[16b]">&gt;&gt;</a>&nbsp;&nbsp;&nbsp;rt_interrupt_leave
<LI><a href="#[167]">&gt;&gt;</a>&nbsp;&nbsp;&nbsp;rt_interrupt_enter
<LI><a href="#[163]">&gt;&gt;</a>&nbsp;&nbsp;&nbsp;rt_event_send
<LI><a href="#[15f]">&gt;&gt;</a>&nbsp;&nbsp;&nbsp;rt_event_recv
<LI><a href="#[262]">&gt;&gt;</a>&nbsp;&nbsp;&nbsp;_serial_int_rx
<LI><a href="#[260]">&gt;&gt;</a>&nbsp;&nbsp;&nbsp;_serial_dma_tx
<LI><a href="#[25d]">&gt;&gt;</a>&nbsp;&nbsp;&nbsp;_serial_dma_rx
<LI><a href="#[34e]">&gt;&gt;</a>&nbsp;&nbsp;&nbsp;rt_thread_delete
<LI><a href="#[241]">&gt;&gt;</a>&nbsp;&nbsp;&nbsp;rt_calloc
<LI><a href="#[261]">&gt;&gt;</a>&nbsp;&nbsp;&nbsp;rt_data_queue_push
<LI><a href="#[31e]">&gt;&gt;</a>&nbsp;&nbsp;&nbsp;rt_timer_start
<LI><a href="#[31c]">&gt;&gt;</a>&nbsp;&nbsp;&nbsp;rt_thread_suspend
<LI><a href="#[325]">&gt;&gt;</a>&nbsp;&nbsp;&nbsp;rt_thread_resume
<LI><a href="#[31f]">&gt;&gt;</a>&nbsp;&nbsp;&nbsp;rt_schedule
<LI><a href="#[264]">&gt;&gt;</a>&nbsp;&nbsp;&nbsp;rt_completion_wait
<LI><a href="#[31a]">&gt;&gt;</a>&nbsp;&nbsp;&nbsp;rt_completion_init
<LI><a href="#[35d]">&gt;&gt;</a>&nbsp;&nbsp;&nbsp;rt_timer_check
<LI><a href="#[35c]">&gt;&gt;</a>&nbsp;&nbsp;&nbsp;rt_thread_yield
<LI><a href="#[339]">&gt;&gt;</a>&nbsp;&nbsp;&nbsp;rt_thread_control
<LI><a href="#[338]">&gt;&gt;</a>&nbsp;&nbsp;&nbsp;rt_object_allocate
<LI><a href="#[337]">&gt;&gt;</a>&nbsp;&nbsp;&nbsp;rt_mb_send_wait
<LI><a href="#[33b]">&gt;&gt;</a>&nbsp;&nbsp;&nbsp;rt_object_delete
<LI><a href="#[357]">&gt;&gt;</a>&nbsp;&nbsp;&nbsp;rt_thread_idle_excute
<LI><a href="#[327]">&gt;&gt;</a>&nbsp;&nbsp;&nbsp;rt_object_init
<LI><a href="#[33d]">&gt;&gt;</a>&nbsp;&nbsp;&nbsp;rt_object_detach
<LI><a href="#[35b]">&gt;&gt;</a>&nbsp;&nbsp;&nbsp;rt_timer_stop
<LI><a href="#[350]">&gt;&gt;</a>&nbsp;&nbsp;&nbsp;rt_timer_detach
<LI><a href="#[34f]">&gt;&gt;</a>&nbsp;&nbsp;&nbsp;rt_thread_sleep
<LI><a href="#[7d]">&gt;&gt;</a>&nbsp;&nbsp;&nbsp;rt_thread_exit
<LI><a href="#[343]">&gt;&gt;</a>&nbsp;&nbsp;&nbsp;rt_schedule_remove_thread
<LI><a href="#[342]">&gt;&gt;</a>&nbsp;&nbsp;&nbsp;rt_schedule_insert_thread
</UL>

<P><STRONG><a name="[340]"></a>rt_hw_context_switch</STRONG> (Thumb, 32 bytes, Stack size 0 bytes, context_rvds.o(.text))
<BR><BR>[Called By]<UL><LI><a href="#[31f]">&gt;&gt;</a>&nbsp;&nbsp;&nbsp;rt_schedule
</UL>

<P><STRONG><a name="[341]"></a>rt_hw_context_switch_interrupt</STRONG> (Thumb, 0 bytes, Stack size 0 bytes, context_rvds.o(.text))
<BR><BR>[Called By]<UL><LI><a href="#[31f]">&gt;&gt;</a>&nbsp;&nbsp;&nbsp;rt_schedule
</UL>

<P><STRONG><a name="[1e]"></a>PendSV_Handler</STRONG> (Thumb, 108 bytes, Stack size 0 bytes, context_rvds.o(.text))
<BR>[Address Reference Count : 1]<UL><LI> startup_stm32f40xx.o(RESET)
</UL>
<P><STRONG><a name="[34c]"></a>rt_hw_context_switch_to</STRONG> (Thumb, 68 bytes, Stack size 0 bytes, context_rvds.o(.text))
<BR><BR>[Called By]<UL><LI><a href="#[34b]">&gt;&gt;</a>&nbsp;&nbsp;&nbsp;rt_system_scheduler_start
</UL>

<P><STRONG><a name="[3ad]"></a>rt_hw_interrupt_thread_switch</STRONG> (Thumb, 2 bytes, Stack size 0 bytes, context_rvds.o(.text), UNUSED)

<P><STRONG><a name="[18]"></a>HardFault_Handler</STRONG> (Thumb, 20 bytes, Stack size 0 bytes, context_rvds.o(.text))
<BR><BR>[Stack]<UL><LI>Max Depth = 232<LI>Call Chain = HardFault_Handler &rArr; rt_hw_hard_fault_exception &rArr; list_thread &rArr; _list_thread &rArr; rt_kprintf &rArr; rt_vsnprintf &rArr; print_number
</UL>
<BR>[Calls]<UL><LI><a href="#[120]">&gt;&gt;</a>&nbsp;&nbsp;&nbsp;rt_hw_hard_fault_exception
</UL>
<BR>[Address Reference Count : 1]<UL><LI> startup_stm32f40xx.o(RESET)
</UL>
<P><STRONG><a name="[121]"></a>__2sprintf</STRONG> (Thumb, 34 bytes, Stack size 32 bytes, noretval__2sprintf.o(.text))
<BR><BR>[Stack]<UL><LI>Max Depth = 136 + Unknown Stack Size
<LI>Call Chain = __2sprintf &rArr; _printf_char_common &rArr; __printf
</UL>
<BR>[Calls]<UL><LI><a href="#[74]">&gt;&gt;</a>&nbsp;&nbsp;&nbsp;_sputc
<LI><a href="#[122]">&gt;&gt;</a>&nbsp;&nbsp;&nbsp;_printf_char_common
</UL>
<BR>[Called By]<UL><LI><a href="#[2da]">&gt;&gt;</a>&nbsp;&nbsp;&nbsp;get_board_info
</UL>

<P><STRONG><a name="[136]"></a>_printf_str</STRONG> (Thumb, 82 bytes, Stack size 16 bytes, _printf_str.o(.text))
<BR><BR>[Stack]<UL><LI>Max Depth = 16<LI>Call Chain = _printf_str
</UL>
<BR>[Called By]<UL><LI><a href="#[135]">&gt;&gt;</a>&nbsp;&nbsp;&nbsp;_printf_cs_common
</UL>

<P><STRONG><a name="[108]"></a>_printf_int_dec</STRONG> (Thumb, 104 bytes, Stack size 24 bytes, _printf_dec.o(.text))
<BR><BR>[Stack]<UL><LI>Max Depth = 56<LI>Call Chain = _printf_int_dec &rArr; _printf_int_common
</UL>
<BR>[Calls]<UL><LI><a href="#[123]">&gt;&gt;</a>&nbsp;&nbsp;&nbsp;_printf_int_common
</UL>
<BR>[Called By]<UL><LI><a href="#[107]">&gt;&gt;</a>&nbsp;&nbsp;&nbsp;_printf_d
</UL>

<P><STRONG><a name="[124]"></a>__printf</STRONG> (Thumb, 308 bytes, Stack size 40 bytes, __printf_flags_wp.o(.text))
<BR><BR>[Stack]<UL><LI>Max Depth = 40 + Unknown Stack Size
<LI>Call Chain = __printf
</UL>
<BR>[Calls]<UL><LI><a href="#[126]">&gt;&gt;</a>&nbsp;&nbsp;&nbsp;_printf_percent
<LI><a href="#[125]">&gt;&gt;</a>&nbsp;&nbsp;&nbsp;_is_digit
</UL>
<BR>[Called By]<UL><LI><a href="#[122]">&gt;&gt;</a>&nbsp;&nbsp;&nbsp;_printf_char_common
</UL>

<P><STRONG><a name="[127]"></a>atoi</STRONG> (Thumb, 26 bytes, Stack size 16 bytes, atoi.o(.text))
<BR><BR>[Stack]<UL><LI>Max Depth = 88<LI>Call Chain = atoi &rArr; strtol &rArr; _strtoul
</UL>
<BR>[Calls]<UL><LI><a href="#[129]">&gt;&gt;</a>&nbsp;&nbsp;&nbsp;strtol
<LI><a href="#[128]">&gt;&gt;</a>&nbsp;&nbsp;&nbsp;__aeabi_errno_addr
</UL>
<BR>[Called By]<UL><LI><a href="#[371]">&gt;&gt;</a>&nbsp;&nbsp;&nbsp;token_proc_char
</UL>

<P><STRONG><a name="[12a]"></a>__aeabi_atexit</STRONG> (Thumb, 46 bytes, Stack size 24 bytes, aeabi_atexit.o(.text))
<BR><BR>[Stack]<UL><LI>Max Depth = 72<LI>Call Chain = __aeabi_atexit &rArr; malloc &rArr; __Heap_Full &rArr; __Heap_ProvideMemory &rArr; free
</UL>
<BR>[Calls]<UL><LI><a href="#[12c]">&gt;&gt;</a>&nbsp;&nbsp;&nbsp;__rt_ddtor_pointer_addr
<LI><a href="#[12b]">&gt;&gt;</a>&nbsp;&nbsp;&nbsp;malloc
</UL>
<BR>[Called By]<UL><LI><a href="#[ff]">&gt;&gt;</a>&nbsp;&nbsp;&nbsp;__sti___13_ScManager_cpp_sc
<LI><a href="#[100]">&gt;&gt;</a>&nbsp;&nbsp;&nbsp;__sti___11_ScCheck_cpp_0888d88c
</UL>

<P><STRONG><a name="[2fd]"></a>strcpy</STRONG> (Thumb, 72 bytes, Stack size 12 bytes, strcpy.o(.text))
<BR><BR>[Stack]<UL><LI>Max Depth = 12<LI>Call Chain = strcpy
</UL>
<BR>[Called By]<UL><LI><a href="#[2fc]">&gt;&gt;</a>&nbsp;&nbsp;&nbsp;pcmaster_init
</UL>

<P><STRONG><a name="[2b5]"></a>strlen</STRONG> (Thumb, 62 bytes, Stack size 8 bytes, strlen.o(.text))
<BR><BR>[Stack]<UL><LI>Max Depth = 8<LI>Call Chain = strlen
</UL>
<BR>[Called By]<UL><LI><a href="#[2af]">&gt;&gt;</a>&nbsp;&nbsp;&nbsp;finsh_sysvar_lookup
<LI><a href="#[2b0]">&gt;&gt;</a>&nbsp;&nbsp;&nbsp;finsh_syscall_lookup
<LI><a href="#[2b4]">&gt;&gt;</a>&nbsp;&nbsp;&nbsp;finsh_node_new_string
<LI><a href="#[2e8]">&gt;&gt;</a>&nbsp;&nbsp;&nbsp;list_prefix
<LI><a href="#[99]">&gt;&gt;</a>&nbsp;&nbsp;&nbsp;finsh_thread_entry
<LI><a href="#[373]">&gt;&gt;</a>&nbsp;&nbsp;&nbsp;token_proc_number
<LI><a href="#[36e]">&gt;&gt;</a>&nbsp;&nbsp;&nbsp;token_next_char
</UL>

<P><STRONG><a name="[2c5]"></a>strncmp</STRONG> (Thumb, 150 bytes, Stack size 16 bytes, strncmp.o(.text))
<BR><BR>[Stack]<UL><LI>Max Depth = 16<LI>Call Chain = strncmp
</UL>
<BR>[Called By]<UL><LI><a href="#[2ae]">&gt;&gt;</a>&nbsp;&nbsp;&nbsp;finsh_var_lookup
<LI><a href="#[2af]">&gt;&gt;</a>&nbsp;&nbsp;&nbsp;finsh_sysvar_lookup
<LI><a href="#[2b0]">&gt;&gt;</a>&nbsp;&nbsp;&nbsp;finsh_syscall_lookup
<LI><a href="#[fe]">&gt;&gt;</a>&nbsp;&nbsp;&nbsp;list
<LI><a href="#[2d1]">&gt;&gt;</a>&nbsp;&nbsp;&nbsp;finsh_var_insert
</UL>

<P><STRONG><a name="[15d]"></a>__aeabi_memcpy</STRONG> (Thumb, 0 bytes, Stack size 0 bytes, rt_memcpy_v6.o(.text))
<BR><BR>[Called By]<UL><LI><a href="#[176]">&gt;&gt;</a>&nbsp;&nbsp;&nbsp;CanApp::CycleMsgUpdate_data()
<LI><a href="#[99]">&gt;&gt;</a>&nbsp;&nbsp;&nbsp;finsh_thread_entry
<LI><a href="#[2cf]">&gt;&gt;</a>&nbsp;&nbsp;&nbsp;shell_push_history
<LI><a href="#[c]">&gt;&gt;</a>&nbsp;&nbsp;&nbsp;eMBFuncReportSlaveID
<LI><a href="#[19b]">&gt;&gt;</a>&nbsp;&nbsp;&nbsp;RegAddressGet
<LI><a href="#[15b]">&gt;&gt;</a>&nbsp;&nbsp;&nbsp;Bsp_Modbus_Cycle
</UL>

<P><STRONG><a name="[12d]"></a>__rt_memcpy</STRONG> (Thumb, 138 bytes, Stack size 0 bytes, rt_memcpy_v6.o(.text), UNUSED)
<BR><BR>[Calls]<UL><LI><a href="#[12e]">&gt;&gt;</a>&nbsp;&nbsp;&nbsp;__aeabi_memcpy4
</UL>

<P><STRONG><a name="[3ae]"></a>_memcpy_lastbytes</STRONG> (Thumb, 0 bytes, Stack size unknown bytes, rt_memcpy_v6.o(.text), UNUSED)

<P><STRONG><a name="[12e]"></a>__aeabi_memcpy4</STRONG> (Thumb, 0 bytes, Stack size 8 bytes, rt_memcpy_w.o(.text))
<BR><BR>[Stack]<UL><LI>Max Depth = 8<LI>Call Chain = __aeabi_memcpy4
</UL>
<BR>[Called By]<UL><LI><a href="#[204]">&gt;&gt;</a>&nbsp;&nbsp;&nbsp;can_send_buffer
<LI><a href="#[247]">&gt;&gt;</a>&nbsp;&nbsp;&nbsp;_list_device
<LI><a href="#[12d]">&gt;&gt;</a>&nbsp;&nbsp;&nbsp;__rt_memcpy
</UL>

<P><STRONG><a name="[3af]"></a>__aeabi_memcpy8</STRONG> (Thumb, 0 bytes, Stack size 8 bytes, rt_memcpy_w.o(.text), UNUSED)

<P><STRONG><a name="[3b0]"></a>__rt_memcpy_w</STRONG> (Thumb, 100 bytes, Stack size 8 bytes, rt_memcpy_w.o(.text), UNUSED)

<P><STRONG><a name="[3b1]"></a>_memcpy_lastbytes_aligned</STRONG> (Thumb, 0 bytes, Stack size unknown bytes, rt_memcpy_w.o(.text), UNUSED)

<P><STRONG><a name="[132]"></a>__aeabi_memclr</STRONG> (Thumb, 0 bytes, Stack size 0 bytes, rt_memclr.o(.text))
<BR><BR>[Called By]<UL><LI><a href="#[23f]">&gt;&gt;</a>&nbsp;&nbsp;&nbsp;operator new(unsigned)
<LI><a href="#[1eb]">&gt;&gt;</a>&nbsp;&nbsp;&nbsp;operator new[] (unsigned)
<LI><a href="#[29b]">&gt;&gt;</a>&nbsp;&nbsp;&nbsp;finsh_compiler_run
<LI><a href="#[2cf]">&gt;&gt;</a>&nbsp;&nbsp;&nbsp;shell_push_history
<LI><a href="#[131]">&gt;&gt;</a>&nbsp;&nbsp;&nbsp;strncpy
</UL>

<P><STRONG><a name="[12f]"></a>__rt_memclr</STRONG> (Thumb, 68 bytes, Stack size 0 bytes, rt_memclr.o(.text), UNUSED)
<BR><BR>[Calls]<UL><LI><a href="#[130]">&gt;&gt;</a>&nbsp;&nbsp;&nbsp;_memset_w
</UL>

<P><STRONG><a name="[3b2]"></a>_memset</STRONG> (Thumb, 0 bytes, Stack size unknown bytes, rt_memclr.o(.text), UNUSED)

<P><STRONG><a name="[1b7]"></a>__aeabi_memclr4</STRONG> (Thumb, 0 bytes, Stack size 4 bytes, rt_memclr_w.o(.text))
<BR><BR>[Stack]<UL><LI>Max Depth = 4<LI>Call Chain = __aeabi_memclr4
</UL>
<BR>[Called By]<UL><LI><a href="#[1b6]">&gt;&gt;</a>&nbsp;&nbsp;&nbsp;System_hw_ADC_Init
<LI><a href="#[2c6]">&gt;&gt;</a>&nbsp;&nbsp;&nbsp;finsh_system_init
<LI><a href="#[2c0]">&gt;&gt;</a>&nbsp;&nbsp;&nbsp;finsh_set_device
<LI><a href="#[1b5]">&gt;&gt;</a>&nbsp;&nbsp;&nbsp;fsmc_configuration
<LI><a href="#[2aa]">&gt;&gt;</a>&nbsp;&nbsp;&nbsp;finsh_var_init
<LI><a href="#[29e]">&gt;&gt;</a>&nbsp;&nbsp;&nbsp;finsh_parser_init
<LI><a href="#[29f]">&gt;&gt;</a>&nbsp;&nbsp;&nbsp;finsh_node_init
<LI><a href="#[2a8]">&gt;&gt;</a>&nbsp;&nbsp;&nbsp;finsh_heap_init
<LI><a href="#[2a1]">&gt;&gt;</a>&nbsp;&nbsp;&nbsp;finsh_heap_allocate
<LI><a href="#[99]">&gt;&gt;</a>&nbsp;&nbsp;&nbsp;finsh_thread_entry
<LI><a href="#[2b7]">&gt;&gt;</a>&nbsp;&nbsp;&nbsp;finsh_token_init
</UL>

<P><STRONG><a name="[3b3]"></a>__aeabi_memclr8</STRONG> (Thumb, 0 bytes, Stack size 4 bytes, rt_memclr_w.o(.text), UNUSED)

<P><STRONG><a name="[3b4]"></a>__rt_memclr_w</STRONG> (Thumb, 78 bytes, Stack size 4 bytes, rt_memclr_w.o(.text), UNUSED)

<P><STRONG><a name="[130]"></a>_memset_w</STRONG> (Thumb, 0 bytes, Stack size unknown bytes, rt_memclr_w.o(.text), UNUSED)
<BR><BR>[Called By]<UL><LI><a href="#[12f]">&gt;&gt;</a>&nbsp;&nbsp;&nbsp;__rt_memclr
</UL>

<P><STRONG><a name="[131]"></a>strncpy</STRONG> (Thumb, 86 bytes, Stack size 8 bytes, strncpy.o(.text))
<BR><BR>[Stack]<UL><LI>Max Depth = 8<LI>Call Chain = strncpy
</UL>
<BR>[Calls]<UL><LI><a href="#[132]">&gt;&gt;</a>&nbsp;&nbsp;&nbsp;__aeabi_memclr
</UL>
<BR>[Called By]<UL><LI><a href="#[2b4]">&gt;&gt;</a>&nbsp;&nbsp;&nbsp;finsh_node_new_string
<LI><a href="#[2d1]">&gt;&gt;</a>&nbsp;&nbsp;&nbsp;finsh_var_insert
<LI><a href="#[30f]">&gt;&gt;</a>&nbsp;&nbsp;&nbsp;proc_identifier
</UL>

<P><STRONG><a name="[2c4]"></a>strcmp</STRONG> (Thumb, 128 bytes, Stack size 0 bytes, strcmpv7m.o(.text))
<BR><BR>[Called By]<UL><LI><a href="#[a1]">&gt;&gt;</a>&nbsp;&nbsp;&nbsp;rt_init_thread_entry
<LI><a href="#[2af]">&gt;&gt;</a>&nbsp;&nbsp;&nbsp;finsh_sysvar_lookup
<LI><a href="#[2b0]">&gt;&gt;</a>&nbsp;&nbsp;&nbsp;finsh_syscall_lookup
<LI><a href="#[370]">&gt;&gt;</a>&nbsp;&nbsp;&nbsp;token_match_name
<LI><a href="#[76]">&gt;&gt;</a>&nbsp;&nbsp;&nbsp;_get_lc_ctype
</UL>

<P><STRONG><a name="[3b5]"></a>__use_two_region_memory</STRONG> (Thumb, 2 bytes, Stack size 0 bytes, heapauxi.o(.text), UNUSED)

<P><STRONG><a name="[6]"></a>__rt_heap_escrow</STRONG> (Thumb, 2 bytes, Stack size 0 bytes, heapauxi.o(.text), UNUSED)

<P><STRONG><a name="[5]"></a>__rt_heap_expand</STRONG> (Thumb, 2 bytes, Stack size 0 bytes, heapauxi.o(.text), UNUSED)

<P><STRONG><a name="[103]"></a>__cpp_initialize__aeabi_</STRONG> (Thumb, 26 bytes, Stack size 16 bytes, init_aeabi.o(.text))
<BR><BR>[Stack]<UL><LI>Max Depth = 16<LI>Call Chain = __cpp_initialize__aeabi_
</UL>
<BR>[Called By]<UL><LI><a href="#[112]">&gt;&gt;</a>&nbsp;&nbsp;&nbsp;__rt_lib_init_cpp_2
</UL>

<P><STRONG><a name="[12c]"></a>__rt_ddtor_pointer_addr</STRONG> (Thumb, 8 bytes, Stack size 0 bytes, rt_ddtor_pointer_addr_intlibspace.o(.text))
<BR><BR>[Called By]<UL><LI><a href="#[12a]">&gt;&gt;</a>&nbsp;&nbsp;&nbsp;__aeabi_atexit
<LI><a href="#[114]">&gt;&gt;</a>&nbsp;&nbsp;&nbsp;__cxa_finalize
</UL>

<P><STRONG><a name="[128]"></a>__aeabi_errno_addr</STRONG> (Thumb, 8 bytes, Stack size 0 bytes, rt_errno_addr_intlibspace.o(.text))
<BR><BR>[Called By]<UL><LI><a href="#[127]">&gt;&gt;</a>&nbsp;&nbsp;&nbsp;atoi
<LI><a href="#[139]">&gt;&gt;</a>&nbsp;&nbsp;&nbsp;_strtoul
<LI><a href="#[129]">&gt;&gt;</a>&nbsp;&nbsp;&nbsp;strtol
</UL>

[...]
<BR><BR>[Stack]<UL><LI>Max Depth = 424<LI>Call Chain = flash_storage_read &rArr; check_crc &rArr; get_crc &rArr; rt_mutex_take &rArr; rt_thread_control &rArr; rt_thread_startup &rArr; rt_schedule &rArr; _rt_scheduler_stack_check &rArr; list_thread &rArr; _list_thread &rArr; rt_kprintf &rArr; rt_vsnprintf &rArr; print_number
</UL>
<BR>[Calls]<UL><LI><a href="#[16a]">&gt;&gt;</a>&nbsp;&nbsp;&nbsp;rt_mb_send
<LI><a href="#[26e]">&gt;&gt;</a>&nbsp;&nbsp;&nbsp;rt_malloc
<LI><a href="#[157]">&gt;&gt;</a>&nbsp;&nbsp;&nbsp;rt_assert_handler
<LI><a href="#[2cc]">&gt;&gt;</a>&nbsp;&nbsp;&nbsp;rt_device_read
<LI><a href="#[2d4]">&gt;&gt;</a>&nbsp;&nbsp;&nbsp;storage_unlock
<LI><a href="#[2d2]">&gt;&gt;</a>&nbsp;&nbsp;&nbsp;storage_lock
<LI><a href="#[27d]">&gt;&gt;</a>&nbsp;&nbsp;&nbsp;check_crc
</UL>
<BR>[Called By]<UL><LI><a href="#[2d5]">&gt;&gt;</a>&nbsp;&nbsp;&nbsp;flash_storage_init
</UL>
<BR>[Address Reference Count : 1]<UL><LI> flash_storage_at45dbxx.o(i.flash_storage_init)
</UL>
<P><STRONG><a name="[9c]"></a>flash_storage_write</STRONG> (Thumb, 48 bytes, Stack size 24 bytes, flash_storage_at45dbxx.o(i.flash_storage_write))
<BR><BR>[Stack]<UL><LI>Max Depth = 344<LI>Call Chain = flash_storage_write &rArr; rt_mb_send &rArr; rt_mb_send_wait &rArr; rt_schedule &rArr; _rt_scheduler_stack_check &rArr; list_thread &rArr; _list_thread &rArr; rt_kprintf &rArr; rt_vsnprintf &rArr; print_number
</UL>
<BR>[Calls]<UL><LI><a href="#[16a]">&gt;&gt;</a>&nbsp;&nbsp;&nbsp;rt_mb_send
<LI><a href="#[26e]">&gt;&gt;</a>&nbsp;&nbsp;&nbsp;rt_malloc
</UL>
<BR>[Address Reference Count : 1]<UL><LI> flash_storage_at45dbxx.o(i.flash_storage_init)
</UL>
<P><STRONG><a name="[2d9]"></a>repair_map</STRONG> (Thumb, 58 bytes, Stack size 24 bytes, flash_storage_at45dbxx.o(i.repair_map))
<BR><BR>[Stack]<UL><LI>Max Depth = 440<LI>Call Chain = repair_map &rArr; scan_flash &rArr; check_crc &rArr; get_crc &rArr; rt_mutex_take &rArr; rt_thread_control &rArr; rt_thread_startup &rArr; rt_schedule &rArr; _rt_scheduler_stack_check &rArr; list_thread &rArr; _list_thread &rArr; rt_kprintf &rArr; rt_vsnprintf &rArr; print_number
</UL>
<BR>[Calls]<UL><LI><a href="#[2d8]">&gt;&gt;</a>&nbsp;&nbsp;&nbsp;scan_flash
</UL>
<BR>[Called By]<UL><LI><a href="#[2d5]">&gt;&gt;</a>&nbsp;&nbsp;&nbsp;flash_storage_init
</UL>

<P><STRONG><a name="[2d2]"></a>storage_lock</STRONG> (Thumb, 18 bytes, Stack size 8 bytes, flash_storage_at45dbxx.o(i.storage_lock))
<BR><BR>[Stack]<UL><LI>Max Depth = 328<LI>Call Chain = storage_lock &rArr; rt_mutex_take &rArr; rt_thread_control &rArr; rt_thread_startup &rArr; rt_schedule &rArr; _rt_scheduler_stack_check &rArr; list_thread &rArr; _list_thread &rArr; rt_kprintf &rArr; rt_vsnprintf &rArr; print_number
</UL>
<BR>[Calls]<UL><LI><a href="#[2dc]">&gt;&gt;</a>&nbsp;&nbsp;&nbsp;rt_mutex_take
</UL>
<BR>[Called By]<UL><LI><a href="#[9b]">&gt;&gt;</a>&nbsp;&nbsp;&nbsp;flash_storage_read
<LI><a href="#[9a]">&gt;&gt;</a>&nbsp;&nbsp;&nbsp;flash_storage_entry
</UL>

<P><STRONG><a name="[2d4]"></a>storage_unlock</STRONG> (Thumb, 14 bytes, Stack size 8 bytes, flash_storage_at45dbxx.o(i.storage_unlock))
<BR><BR>[Stack]<UL><LI>Max Depth = 328<LI>Call Chain = storage_unlock &rArr; rt_mutex_release &rArr; rt_thread_control &rArr; rt_thread_startup &rArr; rt_schedule &rArr; _rt_scheduler_stack_check &rArr; list_thread &rArr; _list_thread &rArr; rt_kprintf &rArr; rt_vsnprintf &rArr; print_number
</UL>
<BR>[Calls]<UL><LI><a href="#[2dd]">&gt;&gt;</a>&nbsp;&nbsp;&nbsp;rt_mutex_release
</UL>
<BR>[Called By]<UL><LI><a href="#[9b]">&gt;&gt;</a>&nbsp;&nbsp;&nbsp;flash_storage_read
<LI><a href="#[9a]">&gt;&gt;</a>&nbsp;&nbsp;&nbsp;flash_storage_entry
</UL>

<P><STRONG><a name="[2d3]"></a>try_write_record</STRONG> (Thumb, 32 bytes, Stack size 24 bytes, flash_storage_at45dbxx.o(i.try_write_record))
<BR><BR>[Stack]<UL><LI>Max Depth = 440<LI>Call Chain = try_write_record &rArr; write_record &rArr; check_crc &rArr; get_crc &rArr; rt_mutex_take &rArr; rt_thread_control &rArr; rt_thread_startup &rArr; rt_schedule &rArr; _rt_scheduler_stack_check &rArr; list_thread &rArr; _list_thread &rArr; rt_kprintf &rArr; rt_vsnprintf &rArr; print_number
</UL>
<BR>[Calls]<UL><LI><a href="#[377]">&gt;&gt;</a>&nbsp;&nbsp;&nbsp;write_record
</UL>
<BR>[Called By]<UL><LI><a href="#[2d5]">&gt;&gt;</a>&nbsp;&nbsp;&nbsp;flash_storage_init
<LI><a href="#[9a]">&gt;&gt;</a>&nbsp;&nbsp;&nbsp;flash_storage_entry
</UL>

<P><STRONG><a name="[377]"></a>write_record</STRONG> (Thumb, 226 bytes, Stack size 56 bytes, flash_storage_at45dbxx.o(i.write_record))
<BR><BR>[Stack]<UL><LI>Max Depth = 416<LI>Call Chain = write_record &rArr; check_crc &rArr; get_crc &rArr; rt_mutex_take &rArr; rt_thread_control &rArr; rt_thread_startup &rArr; rt_schedule &rArr; _rt_scheduler_stack_check &rArr; list_thread &rArr; _list_thread &rArr; rt_kprintf &rArr; rt_vsnprintf &rArr; print_number
</UL>
<BR>[Calls]<UL><LI><a href="#[23e]">&gt;&gt;</a>&nbsp;&nbsp;&nbsp;rt_free
<LI><a href="#[201]">&gt;&gt;</a>&nbsp;&nbsp;&nbsp;rt_memcpy
<LI><a href="#[26e]">&gt;&gt;</a>&nbsp;&nbsp;&nbsp;rt_malloc
<LI><a href="#[157]">&gt;&gt;</a>&nbsp;&nbsp;&nbsp;rt_assert_handler
<LI><a href="#[27c]">&gt;&gt;</a>&nbsp;&nbsp;&nbsp;get_crc
<LI><a href="#[328]">&gt;&gt;</a>&nbsp;&nbsp;&nbsp;rt_device_write
<LI><a href="#[2cc]">&gt;&gt;</a>&nbsp;&nbsp;&nbsp;rt_device_read
<LI><a href="#[258]">&gt;&gt;</a>&nbsp;&nbsp;&nbsp;rt_memset
<LI><a href="#[27d]">&gt;&gt;</a>&nbsp;&nbsp;&nbsp;check_crc
<LI><a href="#[378]">&gt;&gt;</a>&nbsp;&nbsp;&nbsp;get_unix_time
</UL>
<BR>[Called By]<UL><LI><a href="#[2d3]">&gt;&gt;</a>&nbsp;&nbsp;&nbsp;try_write_record
</UL>

<P><STRONG><a name="[155]"></a>AT45DB_StatusRegisterRead</STRONG> (Thumb, 32 bytes, Stack size 24 bytes, spi_flash_at45dbxx.o(i.AT45DB_StatusRegisterRead))
<BR><BR>[Stack]<UL><LI>Max Depth = 392<LI>Call Chain = AT45DB_StatusRegisterRead &rArr; rt_spi_send_then_recv &rArr; rt_mutex_take &rArr; rt_thread_control &rArr; rt_thread_startup &rArr; rt_schedule &rArr; _rt_scheduler_stack_check &rArr; list_thread &rArr; _list_thread &rArr; rt_kprintf &rArr; rt_vsnprintf &rArr; print_number
</UL>
<BR>[Calls]<UL><LI><a href="#[156]">&gt;&gt;</a>&nbsp;&nbsp;&nbsp;rt_spi_send_then_recv
</UL>
<BR>[Called By]<UL><LI><a href="#[15a]">&gt;&gt;</a>&nbsp;&nbsp;&nbsp;wait_busy
</UL>

<P><STRONG><a name="[82]"></a>AT45DB_flash_close</STRONG> (Thumb, 6 bytes, Stack size 0 bytes, spi_flash_at45dbxx.o(i.AT45DB_flash_close))
<BR>[Address Reference Count : 1]<UL><LI> spi_flash_at45dbxx.o(i.at45dbxx_init)
</UL>
<P><STRONG><a name="[83]"></a>AT45DB_flash_control</STRONG> (Thumb, 156 bytes, Stack size 24 bytes, spi_flash_at45dbxx.o(i.AT45DB_flash_control))
<BR><BR>[Stack]<UL><LI>Max Depth = 408<LI>Call Chain = AT45DB_flash_control &rArr; rt_spi_send &rArr; rt_spi_transfer &rArr; rt_mutex_take &rArr; rt_thread_control &rArr; rt_thread_startup &rArr; rt_schedule &rArr; _rt_scheduler_stack_check &rArr; list_thread &rArr; _list_thread &rArr; rt_kprintf &rArr; rt_vsnprintf &rArr; print_number
</UL>
<BR>[Calls]<UL><LI><a href="#[157]">&gt;&gt;</a>&nbsp;&nbsp;&nbsp;rt_assert_handler
<LI><a href="#[158]">&gt;&gt;</a>&nbsp;&nbsp;&nbsp;rt_spi_send
</UL>
<BR>[Address Reference Count : 1]<UL><LI> spi_flash_at45dbxx.o(i.at45dbxx_init)
</UL>
<P><STRONG><a name="[80]"></a>AT45DB_flash_init</STRONG> (Thumb, 6 bytes, Stack size 0 bytes, spi_flash_at45dbxx.o(i.AT45DB_flash_init))
<BR>[Address Reference Count : 1]<UL><LI> spi_flash_at45dbxx.o(i.at45dbxx_init)
</UL>
<P><STRONG><a name="[81]"></a>AT45DB_flash_open</STRONG> (Thumb, 6 bytes, Stack size 0 bytes, spi_flash_at45dbxx.o(i.AT45DB_flash_open))
<BR>[Address Reference Count : 1]<UL><LI> spi_flash_at45dbxx.o(i.at45dbxx_init)
</UL>
<P><STRONG><a name="[84]"></a>AT45DB_flash_read_page_1024</STRONG> (Thumb, 100 bytes, Stack size 48 bytes, spi_flash_at45dbxx.o(i.AT45DB_flash_read_page_1024))
<BR><BR>[Stack]<UL><LI>Max Depth = 416<LI>Call Chain = AT45DB_flash_read_page_1024 &rArr; rt_spi_send_then_recv &rArr; rt_mutex_take &rArr; rt_thread_control &rArr; rt_thread_startup &rArr; rt_schedule &rArr; _rt_scheduler_stack_check &rArr; list_thread &rArr; _list_thread &rArr; rt_kprintf &rArr; rt_vsnprintf &rArr; print_number
</UL>
<BR>[Calls]<UL><LI><a href="#[156]">&gt;&gt;</a>&nbsp;&nbsp;&nbsp;rt_spi_send_then_recv
</UL>
<BR>[Address Reference Count : 1]<UL><LI> spi_flash_at45dbxx.o(i.at45dbxx_init)
</UL>
<P><STRONG><a name="[88]"></a>AT45DB_flash_read_page_256</STRONG> (Thumb, 100 bytes, Stack size 48 bytes, spi_flash_at45dbxx.o(i.AT45DB_flash_read_page_256))
<BR><BR>[Stack]<UL><LI>Max Depth = 416<LI>Call Chain = AT45DB_flash_read_page_256 &rArr; rt_spi_send_then_recv &rArr; rt_mutex_take &rArr; rt_thread_control &rArr; rt_thread_startup &rArr; rt_schedule &rArr; _rt_scheduler_stack_check &rArr; list_thread &rArr; _list_thread &rArr; rt_kprintf &rArr; rt_vsnprintf &rArr; print_number
</UL>
<BR>[Calls]<UL><LI><a href="#[156]">&gt;&gt;</a>&nbsp;&nbsp;&nbsp;rt_spi_send_then_recv
</UL>
<BR>[Address Reference Count : 1]<UL><LI> spi_flash_at45dbxx.o(i.at45dbxx_init)
</UL>
<P><STRONG><a name="[86]"></a>AT45DB_flash_read_page_512</STRONG> (Thumb, 100 bytes, Stack size 48 bytes, spi_flash_at45dbxx.o(i.AT45DB_flash_read_page_512))
<BR><BR>[Stack]<UL><LI>Max Depth = 416<LI>Call Chain = AT45DB_flash_read_page_512 &rArr; rt_spi_send_then_recv &rArr; rt_mutex_take &rArr; rt_thread_control &rArr; rt_thread_startup &rArr; rt_schedule &rArr; _rt_scheduler_stack_check &rArr; list_thread &rArr; _list_thread &rArr; rt_kprintf &rArr; rt_vsnprintf &rArr; print_number
</UL>
<BR>[Calls]<UL><LI><a href="#[156]">&gt;&gt;</a>&nbsp;&nbsp;&nbsp;rt_spi_send_then_recv
</UL>
<BR>[Address Reference Count : 1]<UL><LI> spi_flash_at45dbxx.o(i.at45dbxx_init)
</UL>
<P><STRONG><a name="[85]"></a>AT45DB_flash_write_page_1024</STRONG> (Thumb, 96 bytes, Stack size 48 bytes, spi_flash_at45dbxx.o(i.AT45DB_flash_write_page_1024))
<BR><BR>[Stack]<UL><LI>Max Depth = 448<LI>Call Chain = AT45DB_flash_write_page_1024 &rArr; wait_busy &rArr; AT45DB_StatusRegisterRead &rArr; rt_spi_send_then_recv &rArr; rt_mutex_take &rArr; rt_thread_control &rArr; rt_thread_startup &rArr; rt_schedule &rArr; _rt_scheduler_stack_check &rArr; list_thread &rArr; _list_thread &rArr; rt_kprintf &rArr; rt_vsnprintf &rArr; print_number
</UL>
<BR>[Calls]<UL><LI><a href="#[159]">&gt;&gt;</a>&nbsp;&nbsp;&nbsp;rt_spi_send_then_send
<LI><a href="#[15a]">&gt;&gt;</a>&nbsp;&nbsp;&nbsp;wait_busy
</UL>
<BR>[Address Reference Count : 1]<UL><LI> spi_flash_at45dbxx.o(i.at45dbxx_init)
</UL>
<P><STRONG><a name="[89]"></a>AT45DB_flash_write_page_256</STRONG> (Thumb, 96 bytes, Stack size 48 bytes, spi_flash_at45dbxx.o(i.AT45DB_flash_write_page_256))
<BR><BR>[Stack]<UL><LI>Max Depth = 448<LI>Call Chain = AT45DB_flash_write_page_256 &rArr; wait_busy &rArr; AT45DB_StatusRegisterRead &rArr; rt_spi_send_then_recv &rArr; rt_mutex_take &rArr; rt_thread_control &rArr; rt_thread_startup &rArr; rt_schedule &rArr; _rt_scheduler_stack_check &rArr; list_thread &rArr; _list_thread &rArr; rt_kprintf &rArr; rt_vsnprintf &rArr; print_number
</UL>
<BR>[Calls]<UL><LI><a href="#[159]">&gt;&gt;</a>&nbsp;&nbsp;&nbsp;rt_spi_send_then_send
<LI><a href="#[15a]">&gt;&gt;</a>&nbsp;&nbsp;&nbsp;wait_busy
</UL>
<BR>[Address Reference Count : 1]<UL><LI> spi_flash_at45dbxx.o(i.at45dbxx_init)
</UL>
<P><STRONG><a name="[87]"></a>AT45DB_flash_write_page_512</STRONG> (Thumb, 96 bytes, Stack size 48 bytes, spi_flash_at45dbxx.o(i.AT45DB_flash_write_page_512))
<BR><BR>[Stack]<UL><LI>Max Depth = 448<LI>Call Chain = AT45DB_flash_write_page_512 &rArr; wait_busy &rArr; AT45DB_StatusRegisterRead &rArr; rt_spi_send_then_recv &rArr; rt_mutex_take &rArr; rt_thread_control &rArr; rt_thread_startup &rArr; rt_schedule &rArr; _rt_scheduler_stack_check &rArr; list_thread &rArr; _list_thread &rArr; rt_kprintf &rArr; rt_vsnprintf &rArr; print_number
</UL>
<BR>[Calls]<UL><LI><a href="#[159]">&gt;&gt;</a>&nbsp;&nbsp;&nbsp;rt_spi_send_then_send
<LI><a href="#[15a]">&gt;&gt;</a>&nbsp;&nbsp;&nbsp;wait_busy
</UL>
<BR>[Address Reference Count : 1]<UL><LI> spi_flash_at45dbxx.o(i.at45dbxx_init)
</UL>
<P><STRONG><a name="[158]"></a>rt_spi_send</STRONG> (Thumb, 22 bytes, Stack size 16 bytes, spi_flash_at45dbxx.o(i.rt_spi_send))
<BR><BR>[Stack]<UL><LI>Max Depth = 384<LI>Call Chain = rt_spi_send &rArr; rt_spi_transfer &rArr; rt_mutex_take &rArr; rt_thread_control &rArr; rt_thread_startup &rArr; rt_schedule &rArr; _rt_scheduler_stack_check &rArr; list_thread &rArr; _list_thread &rArr; rt_kprintf &rArr; rt_vsnprintf &rArr; print_number
</UL>
<BR>[Calls]<UL><LI><a href="#[267]">&gt;&gt;</a>&nbsp;&nbsp;&nbsp;rt_spi_transfer
</UL>
<BR>[Called By]<UL><LI><a href="#[83]">&gt;&gt;</a>&nbsp;&nbsp;&nbsp;AT45DB_flash_control
</UL>

<P><STRONG><a name="[15a]"></a>wait_busy</STRONG> (Thumb, 42 bytes, Stack size 8 bytes, spi_flash_at45dbxx.o(i.wait_busy))
<BR><BR>[Stack]<UL><LI>Max Depth = 400<LI>Call Chain = wait_busy &rArr; AT45DB_StatusRegisterRead &rArr; rt_spi_send_then_recv &rArr; rt_mutex_take &rArr; rt_thread_control &rArr; rt_thread_startup &rArr; rt_schedule &rArr; _rt_scheduler_stack_check &rArr; list_thread &rArr; _list_thread &rArr; rt_kprintf &rArr; rt_vsnprintf &rArr; print_number
</UL>
<BR>[Calls]<UL><LI><a href="#[248]">&gt;&gt;</a>&nbsp;&nbsp;&nbsp;rt_kprintf
<LI><a href="#[155]">&gt;&gt;</a>&nbsp;&nbsp;&nbsp;AT45DB_StatusRegisterRead
</UL>
<BR>[Called By]<UL><LI><a href="#[87]">&gt;&gt;</a>&nbsp;&nbsp;&nbsp;AT45DB_flash_write_page_512
<LI><a href="#[89]">&gt;&gt;</a>&nbsp;&nbsp;&nbsp;AT45DB_flash_write_page_256
<LI><a href="#[85]">&gt;&gt;</a>&nbsp;&nbsp;&nbsp;AT45DB_flash_write_page_1024
</UL>

<P><STRONG><a name="[369]"></a>align</STRONG> (Thumb, 10 bytes, Stack size 0 bytes, static_mem.o(i.align))
<BR><BR>[Called By]<UL><LI><a href="#[1b3]">&gt;&gt;</a>&nbsp;&nbsp;&nbsp;static_malloc
</UL>

<P><STRONG><a name="[36a]"></a>get_new_address</STRONG> (Thumb, 10 bytes, Stack size 0 bytes, static_mem.o(i.get_new_address))
<BR><BR>[Called By]<UL><LI><a href="#[1b3]">&gt;&gt;</a>&nbsp;&nbsp;&nbsp;static_malloc
</UL>

<P><STRONG><a name="[314]"></a>get_new_byte</STRONG> (Thumb, 226 bytes, Stack size 16 bytes, serial_protocol.o(i.get_new_byte))
<BR><BR>[Stack]<UL><LI>Max Depth = 16<LI>Call Chain = get_new_byte
</UL>
<BR>[Called By]<UL><LI><a href="#[313]">&gt;&gt;</a>&nbsp;&nbsp;&nbsp;put_char
</UL>

<P><STRONG><a name="[a0]"></a>get_output_data</STRONG> (Thumb, 94 bytes, Stack size 20 bytes, serial_protocol.o(i.get_output_data))
<BR><BR>[Stack]<UL><LI>Max Depth = 20<LI>Call Chain = get_output_data
</UL>
<BR>[Address Reference Count : 1]<UL><LI> serial_protocol.o(i.init_serial_protocol)
</UL>
<P><STRONG><a name="[9f]"></a>put_buffer</STRONG> (Thumb, 36 bytes, Stack size 24 bytes, serial_protocol.o(i.put_buffer))
<BR><BR>[Stack]<UL><LI>Max Depth = 56<LI>Call Chain = put_buffer &rArr; put_char &rArr; get_new_byte
</UL>
<BR>[Calls]<UL><LI><a href="#[313]">&gt;&gt;</a>&nbsp;&nbsp;&nbsp;put_char
</UL>
<BR>[Address Reference Count : 1]<UL><LI> serial_protocol.o(i.init_serial_protocol)
</UL>
<P><STRONG><a name="[313]"></a>put_char</STRONG> (Thumb, 90 bytes, Stack size 16 bytes, serial_protocol.o(i.put_char))
<BR><BR>[Stack]<UL><LI>Max Depth = 32<LI>Call Chain = put_char &rArr; get_new_byte
</UL>
<BR>[Calls]<UL><LI><a href="#[315]">&gt;&gt;</a>&nbsp;&nbsp;&nbsp;start_new_message
<LI><a href="#[314]">&gt;&gt;</a>&nbsp;&nbsp;&nbsp;get_new_byte
</UL>
<BR>[Called By]<UL><LI><a href="#[9f]">&gt;&gt;</a>&nbsp;&nbsp;&nbsp;put_buffer
</UL>

<P><STRONG><a name="[315]"></a>start_new_message</STRONG> (Thumb, 90 bytes, Stack size 0 bytes, serial_protocol.o(i.start_new_message))
<BR><BR>[Called By]<UL><LI><a href="#[313]">&gt;&gt;</a>&nbsp;&nbsp;&nbsp;put_char
</UL>

<P><STRONG><a name="[2f5]"></a>memCopy</STRONG> (Thumb, 32 bytes, Stack size 16 bytes, pcmaster.o(i.memCopy))
<BR><BR>[Stack]<UL><LI>Max Depth = 16<LI>Call Chain = memCopy
</UL>
<BR>[Called By]<UL><LI><a href="#[2ff]">&gt;&gt;</a>&nbsp;&nbsp;&nbsp;pcmaster_record
<LI><a href="#[300]">&gt;&gt;</a>&nbsp;&nbsp;&nbsp;readRecSample
<LI><a href="#[2f4]">&gt;&gt;</a>&nbsp;&nbsp;&nbsp;messageDecode
</UL>

<P><STRONG><a name="[2f2]"></a>messageData</STRONG> (Thumb, 288 bytes, Stack size 8 bytes, pcmaster.o(i.messageData))
<BR><BR>[Stack]<UL><LI>Max Depth = 48<LI>Call Chain = messageData &rArr; messageDecode &rArr; memCopy
</UL>
<BR>[Calls]<UL><LI><a href="#[2f3]">&gt;&gt;</a>&nbsp;&nbsp;&nbsp;sendResponse
<LI><a href="#[2f4]">&gt;&gt;</a>&nbsp;&nbsp;&nbsp;messageDecode
</UL>
<BR>[Called By]<UL><LI><a href="#[302]">&gt;&gt;</a>&nbsp;&nbsp;&nbsp;put_char
</UL>

<P><STRONG><a name="[2f4]"></a>messageDecode</STRONG> (Thumb, 2614 bytes, Stack size 24 bytes, pcmaster.o(i.messageDecode))
<BR><BR>[Stack]<UL><LI>Max Depth = 40<LI>Call Chain = messageDecode &rArr; memCopy
</UL>
<BR>[Calls]<UL><LI><a href="#[2f5]">&gt;&gt;</a>&nbsp;&nbsp;&nbsp;memCopy
</UL>
<BR>[Called By]<UL><LI><a href="#[2f2]">&gt;&gt;</a>&nbsp;&nbsp;&nbsp;messageData
</UL>

<P><STRONG><a name="[300]"></a>readRecSample</STRONG> (Thumb, 84 bytes, Stack size 16 bytes, pcmaster.o(i.readRecSample))
<BR><BR>[Stack]<UL><LI>Max Depth = 32<LI>Call Chain = readRecSample &rArr; memCopy
</UL>
<BR>[Calls]<UL><LI><a href="#[2f5]">&gt;&gt;</a>&nbsp;&nbsp;&nbsp;memCopy
</UL>
<BR>[Called By]<UL><LI><a href="#[2ff]">&gt;&gt;</a>&nbsp;&nbsp;&nbsp;pcmaster_record
</UL>

<P><STRONG><a name="[2f3]"></a>sendResponse</STRONG> (Thumb, 260 bytes, Stack size 16 bytes, pcmaster.o(i.sendResponse))
<BR><BR>[Stack]<UL><LI>Max Depth = 16<LI>Call Chain = sendResponse
</UL>
<BR>[Called By]<UL><LI><a href="#[2f2]">&gt;&gt;</a>&nbsp;&nbsp;&nbsp;messageData
</UL>

<P><STRONG><a name="[78]"></a>ModbusMasterTask</STRONG> (Thumb, 14 bytes, Stack size 0 bytes, bsp_mb_task.o(i.ModbusMasterTask))
<BR><BR>[Stack]<UL><LI>Max Depth = 280<LI>Call Chain = ModbusMasterTask &rArr; rt_thread_delay &rArr; rt_thread_sleep &rArr; rt_schedule &rArr; _rt_scheduler_stack_check &rArr; list_thread &rArr; _list_thread &rArr; rt_kprintf &rArr; rt_vsnprintf &rArr; print_number
</UL>
<BR>[Calls]<UL><LI><a href="#[190]">&gt;&gt;</a>&nbsp;&nbsp;&nbsp;rt_thread_delay
<LI><a href="#[15b]">&gt;&gt;</a>&nbsp;&nbsp;&nbsp;Bsp_Modbus_Cycle
</UL>
<BR>[Address Reference Count : 1]<UL><LI> bsp_mb_task.o(i.Task_MBSlave_create)
</UL>
<P><STRONG><a name="[77]"></a>thread_entry_ModbusSlavePoll</STRONG> (Thumb, 30 bytes, Stack size 8 bytes, bsp_mb_task.o(i.thread_entry_ModbusSlavePoll))
<BR><BR>[Stack]<UL><LI>Max Depth = 352<LI>Call Chain = thread_entry_ModbusSlavePoll &rArr; eMBPoll &rArr; xMBPortEventGet &rArr; rt_event_recv &rArr; rt_schedule &rArr; _rt_scheduler_stack_check &rArr; list_thread &rArr; _list_thread &rArr; rt_kprintf &rArr; rt_vsnprintf &rArr; print_number
</UL>
<BR>[Calls]<UL><LI><a href="#[28c]">&gt;&gt;</a>&nbsp;&nbsp;&nbsp;eMBPoll
<LI><a href="#[289]">&gt;&gt;</a>&nbsp;&nbsp;&nbsp;eMBInit
<LI><a href="#[36b]">&gt;&gt;</a>&nbsp;&nbsp;&nbsp;eMBEnable
</UL>
<BR>[Address Reference Count : 1]<UL><LI> bsp_mb_task.o(i.Task_MBSlave_create)
</UL>
<P><STRONG><a name="[36c]"></a>prvvTIMERExpiredISR</STRONG> (Thumb, 10 bytes, Stack size 8 bytes, porttimer.o(i.prvvTIMERExpiredISR))
<BR><BR>[Stack]<UL><LI>Max Depth = 8<LI>Call Chain = prvvTIMERExpiredISR
</UL>
<BR>[Called By]<UL><LI><a href="#[b3]">&gt;&gt;</a>&nbsp;&nbsp;&nbsp;timer_timeout_ind
</UL>

<P><STRONG><a name="[b3]"></a>timer_timeout_ind</STRONG> (Thumb, 10 bytes, Stack size 8 bytes, porttimer.o(i.timer_timeout_ind))
<BR><BR>[Stack]<UL><LI>Max Depth = 16<LI>Call Chain = timer_timeout_ind &rArr; prvvTIMERExpiredISR
</UL>
<BR>[Calls]<UL><LI><a href="#[36c]">&gt;&gt;</a>&nbsp;&nbsp;&nbsp;prvvTIMERExpiredISR
</UL>
<BR>[Address Reference Count : 1]<UL><LI> porttimer.o(i.xMBPortTimersInit)
</UL>
<P><STRONG><a name="[75]"></a>_printf_input_char</STRONG> (Thumb, 10 bytes, Stack size 0 bytes, _printf_char_common.o(.text))
<BR>[Address Reference Count : 1]<UL><LI> _printf_char_common.o(.text)
</UL><P>
<H3>
Undefined Global Symbols
</H3><HR></body></html>
